drivers/i2c/i2c-uclass.c:45:12:i2c_setup_offset	0	static
drivers/i2c/i2c-uclass.c:20:6:i2c_dump_msgs	80	static
drivers/i2c/i2c-uclass.c:117:5:dm_i2c_read	144	static
drivers/i2c/i2c-uclass.c:147:5:dm_i2c_write	128	dynamic
drivers/i2c/i2c-uclass.c:203:5:dm_i2c_xfer	32	static
drivers/i2c/i2c-uclass.c:214:5:dm_i2c_reg_read	32	static
drivers/i2c/i2c-uclass.c:226:5:dm_i2c_reg_write	32	static
drivers/i2c/i2c-uclass.c:233:5:dm_i2c_reg_clrset	64	static
drivers/i2c/i2c-uclass.c:322:5:i2c_get_chip	112	static
drivers/i2c/i2c-uclass.c:347:5:i2c_get_chip_for_busnum	64	static
drivers/i2c/i2c-uclass.c:368:5:dm_i2c_probe	96	static
drivers/i2c/i2c-uclass.c:389:5:dm_i2c_set_bus_speed	48	static
drivers/i2c/i2c-uclass.c:503:12:i2c_post_probe	48	static
drivers/i2c/i2c-uclass.c:410:5:dm_i2c_get_bus_speed	32	static
drivers/i2c/i2c-uclass.c:421:5:i2c_set_chip_flags	48	static
drivers/i2c/i2c-uclass.c:438:5:i2c_get_chip_flags	32	static
drivers/i2c/i2c-uclass.c:447:5:i2c_set_chip_offset_len	32	static
drivers/i2c/i2c-uclass.c:458:5:i2c_get_chip_offset_len	16	static
drivers/i2c/i2c-uclass.c:465:5:i2c_deblock	0	static
drivers/i2c/i2c-uclass.c:484:5:i2c_chip_ofdata_to_platdata	32	static
drivers/i2c/i2c-uclass.c:522:12:i2c_child_post_bind	32	static
