drivers/usb/host/usb-uclass.c:713:12:usb_child_post_bind	32	static
drivers/usb/host/usb-uclass.c:228:13:remove_inactive_children.constprop	48	static
drivers/usb/host/usb-uclass.c:478:12:usb_match_one_id	0	static
drivers/usb/host/usb-uclass.c:28:5:usb_disable_asynch	0	static
drivers/usb/host/usb-uclass.c:36:5:submit_int_msg	0	static
drivers/usb/host/usb-uclass.c:49:5:submit_control_msg	32	static
drivers/usb/host/usb-uclass.c:72:5:submit_bulk_msg	0	static
drivers/usb/host/usb-uclass.c:84:19:create_int_queue	0	static
drivers/usb/host/usb-uclass.c:98:7:poll_int_queue	0	static
drivers/usb/host/usb-uclass.c:109:5:destroy_int_queue	0	static
drivers/usb/host/usb-uclass.c:120:5:usb_alloc_device	0	static
drivers/usb/host/usb-uclass.c:132:5:usb_reset_root_port	0	static
drivers/usb/host/usb-uclass.c:143:5:usb_update_hub_device	0	static
drivers/usb/host/usb-uclass.c:154:5:usb_get_max_xfer_size	0	static
drivers/usb/host/usb-uclass.c:165:5:usb_stop	64	static
drivers/usb/host/usb-uclass.c:381:5:usb_setup_ehci_gadget	48	static
drivers/usb/host/usb-uclass.c:673:5:usb_detect_change	64	static
drivers/usb/host/usb-uclass.c:736:17:usb_get_bus	32	static
drivers/usb/host/usb-uclass.c:584:5:usb_scan_device	2624	static
drivers/usb/host/usb-uclass.c:207:13:usb_scan_bus.constprop	48	static
drivers/usb/host/usb-uclass.c:242:5:usb_init	80	static
drivers/usb/host/usb-uclass.c:751:5:usb_child_pre_probe	48	static
