drivers/serial/ns16550.c:523:5:ns16550_serial_ofdata_to_platdata	64	static
drivers/serial/ns16550.c:109:12:ns16550_readb.isra	0	static
drivers/serial/ns16550.c:473:12:ns16550_serial_getc	16	static
drivers/serial/ns16550.c:463:12:ns16550_serial_pending	32	static
drivers/serial/ns16550.c:94:13:ns16550_writeb.isra	0	static
drivers/serial/ns16550.c:436:12:ns16550_serial_putc	32	static
drivers/serial/ns16550.c:496:12:ns16550_serial_clear	16	static
drivers/serial/ns16550.c:148:13:NS16550_setbrg	16	static
drivers/serial/ns16550.c:483:12:ns16550_serial_setbrg	32	static
drivers/serial/ns16550.c:141:5:ns16550_calc_divisor	0	static
drivers/serial/ns16550.c:156:6:NS16550_init	16	static
drivers/serial/ns16550.c:505:5:ns16550_serial_probe	32	static
drivers/serial/ns16550.c:194:6:NS16550_reinit	16	static
drivers/serial/ns16550.c:204:6:NS16550_putc	16	static
drivers/serial/ns16550.c:221:6:NS16550_getc	16	static
drivers/serial/ns16550.c:233:5:NS16550_tstc	16	static
drivers/serial/ns16550.c:395:1:printch	0	static
drivers/serial/ns16550.c:395:1:debug_uart_getc	0	static
drivers/serial/ns16550.c:395:1:debug_uart_tstc	0	static
drivers/serial/ns16550.c:395:1:debug_uart_clrc	0	static
drivers/serial/ns16550.c:395:1:debug_uart_flushc	0	static
drivers/serial/ns16550.c:395:1:debug_uart_setbrg	0	static
drivers/serial/ns16550.c:395:1:printascii	0	static
drivers/serial/ns16550.c:395:1:printhex2	0	static
drivers/serial/ns16550.c:395:1:printhex4	0	static
drivers/serial/ns16550.c:395:1:printhex8	0	static
drivers/serial/ns16550.c:395:1:printdec	48	static
drivers/serial/ns16550.c:395:1:debug_uart_init	16	static
