drivers/serial/serial-uclass.c:149:13:_serial_putc	48	static
drivers/serial/serial-uclass.c:162:13:_serial_puts	32	static
drivers/serial/serial-uclass.c:168:12:__serial_getc	32	static
drivers/serial/serial-uclass.c:182:12:__serial_tstc	0	static
drivers/serial/serial-uclass.c:192:13:__serial_clear	0	static
drivers/serial/serial-uclass.c:351:13:serial_stub_putc	0	static
drivers/serial/serial-uclass.c:357:13:serial_stub_puts	0	static
drivers/serial/serial-uclass.c:362:12:serial_stub_getc	0	static
drivers/serial/serial-uclass.c:367:12:serial_stub_tstc	0	static
drivers/serial/serial-uclass.c:492:12:serial_pre_remove	0	static
drivers/serial/serial-uclass.c:437:12:serial_post_probe	176	static
drivers/serial/serial-uclass.c:140:5:serial_init	0	static
drivers/serial/serial-uclass.c:144:6:serial_initialize	0	static
drivers/serial/serial-uclass.c:238:6:serial_putc	0	static
drivers/serial/serial-uclass.c:246:6:serial_puts	0	static
drivers/serial/serial-uclass.c:254:5:serial_getc	0	static
drivers/serial/serial-uclass.c:262:5:serial_tstc	0	static
drivers/serial/serial-uclass.c:270:6:serial_setbrg	0	static
drivers/serial/serial-uclass.c:284:6:serial_clear	0	static
drivers/serial/serial-uclass.c:292:6:serial_dev_putc	0	static
drivers/serial/serial-uclass.c:300:6:serial_dev_puts	0	static
drivers/serial/serial-uclass.c:308:5:serial_dev_getc	0	static
drivers/serial/serial-uclass.c:316:5:serial_dev_tstc	0	static
drivers/serial/serial-uclass.c:324:6:serial_dev_setbrg	0	static
drivers/serial/serial-uclass.c:336:6:serial_dev_clear	0	static
drivers/serial/serial-uclass.c:344:6:serial_stdio_init	0	static
