drivers/pinctrl/pinctrl-rockchip.c:827:13:rockchip_get_recalced_mux	0	static
drivers/pinctrl/pinctrl-rockchip.c:1768:13:px30_calc_pull_reg_and_bit	0	static
drivers/pinctrl/pinctrl-rockchip.c:1798:13:px30_calc_drv_reg_and_bit	0	static
drivers/pinctrl/pinctrl-rockchip.c:1828:12:px30_calc_schmitt_reg_and_bit	0	static
drivers/pinctrl/pinctrl-rockchip.c:1858:13:rv1108_calc_pull_reg_and_bit	0	static
drivers/pinctrl/pinctrl-rockchip.c:1887:13:rv1108_calc_drv_reg_and_bit	0	static
drivers/pinctrl/pinctrl-rockchip.c:1917:12:rv1108_calc_schmitt_reg_and_bit	0	static
drivers/pinctrl/pinctrl-rockchip.c:1948:13:rv1126_calc_pull_reg_and_bit	0	static
drivers/pinctrl/pinctrl-rockchip.c:1983:13:rv1126_calc_drv_reg_and_bit	0	static
drivers/pinctrl/pinctrl-rockchip.c:2019:12:rv1126_calc_schmitt_reg_and_bit	0	static
drivers/pinctrl/pinctrl-rockchip.c:2056:13:rk1808_calc_pull_reg_and_bit	0	static
drivers/pinctrl/pinctrl-rockchip.c:2082:13:rk1808_calc_drv_reg_and_bit	0	static
drivers/pinctrl/pinctrl-rockchip.c:2107:12:rk1808_calc_schmitt_reg_and_bit	0	static
drivers/pinctrl/pinctrl-rockchip.c:2132:13:rk2928_calc_pull_reg_and_bit	0	static
drivers/pinctrl/pinctrl-rockchip.c:2148:13:rk3128_calc_pull_reg_and_bit	0	static
drivers/pinctrl/pinctrl-rockchip.c:2168:13:rk3188_calc_pull_reg_and_bit	0	static
drivers/pinctrl/pinctrl-rockchip.c:2202:13:rk3288_calc_pull_reg_and_bit	0	static
drivers/pinctrl/pinctrl-rockchip.c:2236:13:rk3288_calc_drv_reg_and_bit	0	static
drivers/pinctrl/pinctrl-rockchip.c:2266:13:rk3228_calc_pull_reg_and_bit	0	static
drivers/pinctrl/pinctrl-rockchip.c:2283:13:rk3228_calc_drv_reg_and_bit	0	static
drivers/pinctrl/pinctrl-rockchip.c:2300:13:rk3308_calc_pull_reg_and_bit	0	static
drivers/pinctrl/pinctrl-rockchip.c:2317:13:rk3308_calc_drv_reg_and_bit	0	static
drivers/pinctrl/pinctrl-rockchip.c:2336:12:rk3308_calc_schmitt_reg_and_bit	0	static
drivers/pinctrl/pinctrl-rockchip.c:2356:13:rk3368_calc_pull_reg_and_bit	0	static
drivers/pinctrl/pinctrl-rockchip.c:2387:13:rk3368_calc_drv_reg_and_bit	0	static
drivers/pinctrl/pinctrl-rockchip.c:2419:13:rk3399_calc_pull_reg_and_bit	0	static
drivers/pinctrl/pinctrl-rockchip.c:2449:13:rk3399_calc_drv_reg_and_bit	0	static
drivers/pinctrl/pinctrl-rockchip.c:2716:12:rk3328_calc_schmitt_reg_and_bit	0	static
drivers/pinctrl/pinctrl-rockchip.c:2762:12:px30_calc_slew_rate_reg_and_bit	0	static
drivers/pinctrl/pinctrl-rockchip.c:3025:12:rockchip_pinctrl_get_pins_count	16	static
drivers/pinctrl/pinctrl-rockchip.c:1638:12:rockchip_pinctrl_get_gpio_mux	48	static
drivers/pinctrl/pinctrl-rockchip.c:2637:12:rockchip_set_pull	80	static
drivers/pinctrl/pinctrl-rockchip.c:3206:12:rockchip_pinctrl_probe	112	static
drivers/pinctrl/pinctrl-rockchip.c:2935:12:rockchip_pinctrl_set_state	688	static
