net/eth-uclass.c:41:32:eth_get_uclass_priv	32	static
net/eth-uclass.c:537:12:eth_pre_remove	32	static
net/eth-uclass.c:463:12:eth_post_probe	64	static
net/eth-uclass.c:439:12:eth_post_bind	32	static
net/eth-uclass.c:183:12:eth_write_hwaddr.isra	32	static
net/eth-uclass.c:215:12:on_ethaddr	48	static
net/eth-uclass.c:50:6:eth_set_current_to_next	32	static
net/eth-uclass.c:67:17:eth_get_dev	32	static
net/eth-uclass.c:83:6:eth_set_dev	32	static
net/eth-uclass.c:454:12:eth_pre_unbind	32	static
net/eth-uclass.c:98:17:eth_get_dev_by_name	64	static
net/eth-uclass.c:134:16:eth_get_ethaddr	16	static
net/eth-uclass.c:147:5:eth_init_state_only	16	static
net/eth-uclass.c:163:6:eth_halt_state_only	16	static
net/eth-uclass.c:176:5:eth_get_dev_index	16	static
net/eth-uclass.c:243:5:eth_init	48	static
net/eth-uclass.c:306:6:eth_halt	32	static
net/eth-uclass.c:320:5:eth_is_active	16	static
net/eth-uclass.c:331:5:eth_send	32	static
net/eth-uclass.c:351:5:eth_rx	64	static
net/eth-uclass.c:387:5:eth_initialize	80	static
