net/net.c:354:13:net_clear_handlers	0	static
net/net.c:667:13:start_again_timeout_handler	0	static
net/net.c:731:13:dummy_handler	0	static
net/net.c:232:12:on_ipaddr	16	static
net/net.c:244:12:on_gatewayip	16	static
net/net.c:256:12:on_netmask	16	static
net/net.c:268:12:on_serverip	16	static
net/net.c:346:13:net_init_loop	16	static
net/net.c:322:6:net_auto_load	32	static
net/net.c:366:6:net_init	32	static
net/net.c:672:5:net_start_again	32	static
net/net.c:397:5:net_loop	96	static
net/net.c:737:11:net_get_udp_handler	0	static
net/net.c:742:6:net_set_udp_handler	0	static
net/net.c:751:11:net_get_arp_handler	0	static
net/net.c:756:6:net_set_arp_handler	0	static
net/net.c:772:6:net_set_timeout_handler	32	static
net/net.c:1037:6:net_process_received_packet	64	static
net/net.c:1378:1:net_eth_hdr_size	0	static
net/net.c:1390:5:net_set_ether	48	static
net/net.c:1415:5:net_update_ether	32	static
net/net.c:1438:6:net_set_ip_header	48	static
net/net.c:1459:6:net_set_udp_header	48	static
net/net.c:787:5:net_send_udp_packet	80	static
net/net.c:1483:6:copy_filename	0	static
net/net.c:212:12:on_bootfile	16	static
net/net.c:1503:14:random_port	16	static
net/net.c:1509:6:ip_to_string	0	static
net/net.c:1520:6:vlan_to_string	0	static
net/net.c:1533:8:string_to_vlan	16	static
net/net.c:280:12:on_nvlan	16	static
net/net.c:292:12:on_vlan	16	static
net/net.c:1548:8:env_get_vlan	16	static
