
Discarded input sections

 .data          0x0000000000000000        0x0 arch/arm/cpu/armv8/start.o
 .bss           0x0000000000000000        0x0 arch/arm/cpu/armv8/start.o
 .text          0x0000000000000000        0x0 arch/arm/mach-rockchip/built-in.o
 .text.rockchip_get_boot_mode
                0x0000000000000000      0x1e8 arch/arm/mach-rockchip/built-in.o
 .text.param_parse_ddr_mem
                0x0000000000000000      0x168 arch/arm/mach-rockchip/built-in.o
 .text.param_parse_pre_serial
                0x0000000000000000       0x9c arch/arm/mach-rockchip/built-in.o
 .text.param_parse_pubkey_fuse_programmed
                0x0000000000000000       0x58 arch/arm/mach-rockchip/built-in.o
 .text.get_page_size
                0x0000000000000000       0x38 arch/arm/mach-rockchip/built-in.o
 .text.get_ddr_bw
                0x0000000000000000       0x28 arch/arm/mach-rockchip/built-in.o
 .text.dram_init_banksize
                0x0000000000000000       0x18 arch/arm/mach-rockchip/built-in.o
 .text.dram_init
                0x0000000000000000       0x34 arch/arm/mach-rockchip/built-in.o
 .text.board_get_usable_ram_top
                0x0000000000000000       0x18 arch/arm/mach-rockchip/built-in.o
 .text.rockchip_setup_ddr_param
                0x0000000000000000       0x40 arch/arm/mach-rockchip/built-in.o
 .text.rockchip_get_clk
                0x0000000000000000       0x14 arch/arm/mach-rockchip/built-in.o
 .text.rockchip_get_cru
                0x0000000000000000       0x30 arch/arm/mach-rockchip/built-in.o
 .text.fixup_pcfg_drive_strength
                0x0000000000000000       0x98 arch/arm/mach-rockchip/built-in.o
 .text.set_armclk_rate
                0x0000000000000000       0x8c arch/arm/mach-rockchip/built-in.o
 .text.rk_board_fdt_fixup
                0x0000000000000000      0x7ec arch/arm/mach-rockchip/built-in.o
 .text.rk_board_early_fdt_fixup
                0x0000000000000000       0x18 arch/arm/mach-rockchip/built-in.o
 .text.do_board_download
                0x0000000000000000       0x4c arch/arm/mach-rockchip/built-in.o
 .text.back_to_bootrom
                0x0000000000000000       0x34 arch/arm/mach-rockchip/built-in.o
 .text.board_return_to_bootrom
                0x0000000000000000        0x8 arch/arm/mach-rockchip/built-in.o
 .text.atags_is_available
                0x0000000000000000       0x1c arch/arm/mach-rockchip/built-in.o
 .text.get_bootdev_by_brom_bootsource
                0x0000000000000000       0x30 arch/arm/mach-rockchip/built-in.o
 .text.atags_set_bootdev_by_brom_bootsource
                0x0000000000000000       0x38 arch/arm/mach-rockchip/built-in.o
 .text.atags_set_pub_key
                0x0000000000000000       0x78 arch/arm/mach-rockchip/built-in.o
 .text.atags_destroy
                0x0000000000000000       0x28 arch/arm/mach-rockchip/built-in.o
 .rodata.rockchip_get_boot_mode.str1.1
                0x0000000000000000      0x107 arch/arm/mach-rockchip/built-in.o
 .rodata.rockchip_get_boot_mode
                0x0000000000000000        0xd arch/arm/mach-rockchip/built-in.o
 .rodata.param_parse_ddr_mem.str1.1
                0x0000000000000000       0x1a arch/arm/mach-rockchip/built-in.o
 .rodata.param_parse_pubkey_fuse_programmed.str1.1
                0x0000000000000000       0x2d arch/arm/mach-rockchip/built-in.o
 .rodata.fixup_pcfg_drive_strength.str1.1
                0x0000000000000000       0x43 arch/arm/mach-rockchip/built-in.o
 .rodata.set_armclk_rate.str1.1
                0x0000000000000000       0x31 arch/arm/mach-rockchip/built-in.o
 .rodata.rk_board_fdt_fixup.str1.1
                0x0000000000000000      0x446 arch/arm/mach-rockchip/built-in.o
 .rodata.do_board_download.str1.1
                0x0000000000000000       0x30 arch/arm/mach-rockchip/built-in.o
 .rodata.back_to_bootrom.str1.1
                0x0000000000000000       0x1a arch/arm/mach-rockchip/built-in.o
 .rodata.bootdev_map
                0x0000000000000000       0x2c arch/arm/mach-rockchip/built-in.o
 .eh_frame      0x0000000000000000      0x6d8 arch/arm/mach-rockchip/built-in.o
 .data.mem_map  0x0000000000000000        0x8 arch/arm/mach-rockchip/built-in.o
 .data.px30_mem_map
                0x0000000000000000       0x60 arch/arm/mach-rockchip/built-in.o
 .bss           0x0000000000000000        0x0 arch/arm/mach-rockchip/built-in.o
 .text.sdelay   0x0000000000000000        0xc arch/arm/cpu/armv8/built-in.o
 .text.cleanup_before_linux
                0x0000000000000000       0x2c arch/arm/cpu/armv8/built-in.o
 .text.timer_read_counter
                0x0000000000000000        0xc arch/arm/cpu/armv8/built-in.o
 .text.usec2ticks
                0x0000000000000000       0x44 arch/arm/cpu/armv8/built-in.o
 .text.timer_get_boot_us
                0x0000000000000000       0x14 arch/arm/cpu/armv8/built-in.o
 .text.count_required_pts
                0x0000000000000000       0xf8 arch/arm/cpu/armv8/built-in.o
 .text.create_table
[...]
Memory Configuration

Name             Origin             Length             Attributes
.sram            0x0000000000000000 0x0000000000040000
.sdram           0x0000000002000000 0x0000000000002000
*default*        0x0000000000000000 0xffffffffffffffff

Linker script and memory map


.text           0x0000000000000000     0xf568
                0x0000000000000000                . = ALIGN (0x8)
 *(.__image_copy_start)
 .__image_copy_start
                0x0000000000000000        0x0 arch/arm/lib/built-in.o
                0x0000000000000000                __image_copy_start
 arch/arm/cpu/armv8/start.o(.text*)
 .text          0x0000000000000000      0x188 arch/arm/cpu/armv8/start.o
                0x0000000000000000                _start
                0x0000000000000008                _TEXT_BASE
                0x0000000000000010                _end_ofs
                0x0000000000000018                _bss_start_ofs
                0x0000000000000020                _bss_end_ofs
                0x000000000000002c                save_boot_params_ret
                0x0000000000000100                apply_core_errata
                0x0000000000000124                lowlevel_init
                0x0000000000000130                smp_kick_all_cpus
                0x000000000000013c                c_runtime_cpu_setup
 *(.text*)
 .text.fit_board_verify_required_sigs
                0x0000000000000188       0x24 arch/arm/mach-rockchip/built-in.o
                0x0000000000000188                fit_board_verify_required_sigs
 .text.rockchip_sdram_size
                0x00000000000001ac      0x19c arch/arm/mach-rockchip/built-in.o
                0x00000000000001ac                rockchip_sdram_size
 .text.arch_cpu_init
                0x0000000000000348      0x1a8 arch/arm/mach-rockchip/built-in.o
                0x0000000000000348                arch_cpu_init
 .text.board_debug_uart_init
                0x00000000000004f0       0x50 arch/arm/mach-rockchip/built-in.o
                0x00000000000004f0                board_debug_uart_init
 .text.save_boot_params
                0x0000000000000540       0xa8 arch/arm/mach-rockchip/built-in.o
                0x0000000000000540                save_boot_params
 .text.board_spl_was_booted_from
                0x00000000000005e8       0x38 arch/arm/mach-rockchip/built-in.o
                0x00000000000005e8                board_spl_was_booted_from
 .text.spl_boot_device
                0x0000000000000620        0x8 arch/arm/mach-rockchip/built-in.o
                0x0000000000000620                spl_boot_device
 .text.spl_boot_mode
                0x0000000000000628        0x8 arch/arm/mach-rockchip/built-in.o
                0x0000000000000628                spl_boot_mode
 .text.rockchip_stimer_init
                0x0000000000000630       0x48 arch/arm/mach-rockchip/built-in.o
                0x0000000000000630                rockchip_stimer_init
 .text.rk_board_init_f
                0x0000000000000678        0x8 arch/arm/mach-rockchip/built-in.o
                0x0000000000000678                rk_board_init_f
 .text.board_init_f
                0x0000000000000680       0x70 arch/arm/mach-rockchip/built-in.o
                0x0000000000000680                board_init_f
 .text.board_fit_config_name_match
                0x00000000000006f0        0x8 arch/arm/mach-rockchip/built-in.o
                0x00000000000006f0                board_fit_config_name_match
 .text.board_init_f_boot_flags
                0x00000000000006f8       0x7c arch/arm/mach-rockchip/built-in.o
                0x00000000000006f8                board_init_f_boot_flags
 .text.spl_perform_fixups
                0x0000000000000774        0x8 arch/arm/mach-rockchip/built-in.o
                0x0000000000000774                spl_perform_fixups
 .text.spl_hang_reset
                0x000000000000077c       0x54 arch/arm/mach-rockchip/built-in.o
                0x000000000000077c                spl_hang_reset
 .text.spl_board_prepare_for_jump
                0x00000000000007d0        0x8 arch/arm/mach-rockchip/built-in.o
                0x00000000000007d0                spl_board_prepare_for_jump
 .text.board_boot_order
                0x00000000000007d8      0x18c arch/arm/mach-rockchip/built-in.o
                0x00000000000007d8                board_boot_order
 .text.js_hash  0x0000000000000964       0x4c arch/arm/mach-rockchip/built-in.o
 .text.atags_bad_magic
                0x00000000000009b0       0x54 arch/arm/mach-rockchip/built-in.o
                0x00000000000009b0                atags_bad_magic
 .text.atags_overflow
                0x0000000000000a04       0x48 arch/arm/mach-rockchip/built-in.o
                0x0000000000000a04                atags_overflow
 .text.atags_set_tag
                0x0000000000000a4c      0x174 arch/arm/mach-rockchip/built-in.o
                0x0000000000000a4c                atags_set_tag
 .text.atags_get_tag
                0x0000000000000bc0       0x9c arch/arm/mach-rockchip/built-in.o
                0x0000000000000bc0                atags_get_tag
 .text.get_bootdev_by_spl_bootdevice
                0x0000000000000c5c       0x20 arch/arm/mach-rockchip/built-in.o
                0x0000000000000c5c                get_bootdev_by_spl_bootdevice
 .text.atags_set_bootdev_by_spl_bootdevice
                0x0000000000000c7c       0x48 arch/arm/mach-rockchip/built-in.o
                0x0000000000000c7c                atags_set_bootdev_by_spl_bootdevice
 *fill*         0x0000000000000cc4      0x33c 
 .text          0x0000000000001000      0x544 arch/arm/cpu/armv8/built-in.o
                0x0000000000001000                vectors
                0x00000000000014ec                __arm_smccc_smc
                0x0000000000001518                __arm_smccc_hvc
 .text.get_tbclk
                0x0000000000001544        0x8 arch/arm/cpu/armv8/built-in.o
                0x0000000000001544                get_tbclk
 .text.get_ticks
                0x000000000000154c       0x10 arch/arm/cpu/armv8/built-in.o
                0x000000000000154c                get_ticks
 .text.invalidate_dcache_all
                0x000000000000155c       0x14 arch/arm/cpu/armv8/built-in.o
                0x000000000000155c                invalidate_dcache_all
 .text.invalidate_dcache_range
                0x0000000000001570        0x4 arch/arm/cpu/armv8/built-in.o
                0x0000000000001570                invalidate_dcache_range
 .text.flush_dcache_range
                0x0000000000001574        0x4 arch/arm/cpu/armv8/built-in.o
                0x0000000000001574                flush_dcache_range
 .text.dcache_disable
                0x0000000000001578       0x84 arch/arm/cpu/armv8/built-in.o
                0x0000000000001578                dcache_disable
 .text.icache_disable
                0x00000000000015fc       0x64 arch/arm/cpu/armv8/built-in.o
                0x00000000000015fc                icache_disable
 .text.invalidate_icache_all
                0x0000000000001660       0x14 arch/arm/cpu/armv8/built-in.o
                0x0000000000001660                invalidate_icache_all
 .text.__asm_dcache_level
                0x0000000000001674       0x64 arch/arm/cpu/armv8/built-in.o
                0x0000000000001674                __asm_dcache_level
 .text.__asm_dcache_all
                0x00000000000016d8       0x60 arch/arm/cpu/armv8/built-in.o
                0x00000000000016d8                __asm_dcache_all
 .text.__asm_flush_dcache_all
                0x0000000000001738        0x8 arch/arm/cpu/armv8/built-in.o
                0x0000000000001738                __asm_flush_dcache_all
 .text.__asm_invalidate_dcache_all
                0x0000000000001740        0x8 arch/arm/cpu/armv8/built-in.o
                0x0000000000001740                __asm_invalidate_dcache_all
 .text.__asm_flush_dcache_range
                0x0000000000001748       0x3c arch/arm/cpu/armv8/built-in.o
                0x0000000000001748                __asm_flush_dcache_range
 .text.__asm_invalidate_dcache_range
                0x0000000000001784       0x34 arch/arm/cpu/armv8/built-in.o
                0x0000000000001784                __asm_invalidate_dcache_range
 .text.__asm_invalidate_icache_all
                0x00000000000017b8        0xc arch/arm/cpu/armv8/built-in.o
                0x00000000000017b8                __asm_invalidate_icache_all
 .text.__asm_invalidate_l3_dcache
                0x00000000000017c4        0x8 arch/arm/cpu/armv8/built-in.o
                0x00000000000017c4                __asm_invalidate_l3_dcache
 .text.__asm_flush_l3_dcache
                0x00000000000017cc        0x8 arch/arm/cpu/armv8/built-in.o
                0x00000000000017cc                __asm_flush_l3_dcache
 .text.__asm_invalidate_l3_icache
                0x00000000000017d4        0x8 arch/arm/cpu/armv8/built-in.o
                0x00000000000017d4                __asm_invalidate_l3_icache
 .text.__asm_invalidate_tlb_all
                0x00000000000017dc       0x4c arch/arm/cpu/armv8/built-in.o
                0x00000000000017dc                __asm_invalidate_tlb_all
 .text          0x0000000000001828      0x1e8 arch/arm/lib/built-in.o
                0x0000000000001828                _main
                0x00000000000018a0                relocate_code
                0x0000000000001978                gic_init_secure
                0x00000000000019bc                gic_init_secure_percpu
                0x00000000000019e0                gic_kick_secondary_cpus
                0x00000000000019f0                gic_wait_for_interrupt
 .text.setjmp   0x0000000000001a10       0x28 arch/arm/lib/built-in.o
                0x0000000000001a10                setjmp
 .text.longjmp  0x0000000000001a38       0x40 arch/arm/lib/built-in.o
                0x0000000000001a38                longjmp
 .text.disable_interrupts
                0x0000000000001a78        0x8 arch/arm/lib/built-in.o
                0x0000000000001a78                disable_interrupts
 .text.show_regs
                0x0000000000001a80       0xc4 arch/arm/lib/built-in.o
                0x0000000000001a80                show_regs
 .text.do_bad_sync
                0x0000000000001b44       0x30 arch/arm/lib/built-in.o
                0x0000000000001b44                do_bad_sync
 .text.do_bad_irq
                0x0000000000001b74       0x30 arch/arm/lib/built-in.o
                0x0000000000001b74                do_bad_irq
 .text.do_bad_fiq
                0x0000000000001ba4       0x30 arch/arm/lib/built-in.o
                0x0000000000001ba4                do_bad_fiq
 .text.do_bad_error
                0x0000000000001bd4       0x30 arch/arm/lib/built-in.o
                0x0000000000001bd4                do_bad_error
 .text.do_sync  0x0000000000001c04       0x30 arch/arm/lib/built-in.o
                0x0000000000001c04                do_sync
 .text.do_irq   0x0000000000001c34       0x30 arch/arm/lib/built-in.o
                0x0000000000001c34                do_irq
 .text.do_fiq   0x0000000000001c64       0x30 arch/arm/lib/built-in.o
                0x0000000000001c64                do_fiq
 .text.do_error
                0x0000000000001c94       0x30 arch/arm/lib/built-in.o
                0x0000000000001c94                do_error
 .text.dump_core_stack
                0x0000000000001cc4       0xdc arch/arm/lib/built-in.o
                0x0000000000001cc4                dump_core_stack
 .text.show_boot_progress
                0x0000000000001da0        0x4 common/spl/built-in.o
                0x0000000000001da0                show_boot_progress
 .text.spl_next_stage
                0x0000000000001da4        0xc common/spl/built-in.o
                0x0000000000001da4                spl_next_stage
 .text.spl_board_storages_fixup
                0x0000000000001db0        0x4 common/spl/built-in.o
                0x0000000000001db0                spl_board_storages_fixup
 .text.spl_board_prepare_for_boot
                0x0000000000001db4        0x4 common/spl/built-in.o
                0x0000000000001db4                spl_board_prepare_for_boot
 .text.jump_to_image_no_args
                0x0000000000001db8       0x10 common/spl/built-in.o
                0x0000000000001db8                jump_to_image_no_args
 .text.spl_set_bd
                0x0000000000001dc8       0x18 common/spl/built-in.o
                0x0000000000001dc8                spl_set_bd
 .text.spl_early_init
                0x0000000000001de0       0x44 common/spl/built-in.o
                0x0000000000001de0                spl_early_init
 .text.spl_init
                0x0000000000001e24       0x58 common/spl/built-in.o
                0x0000000000001e24                spl_init
 .text.preloader_console_init
                0x0000000000001e7c       0x30 common/spl/built-in.o
                0x0000000000001e7c                preloader_console_init
 .text.spl_relocate_stack_gd
                0x0000000000001eac       0x50 common/spl/built-in.o
                0x0000000000001eac                spl_relocate_stack_gd
 .text.spl_cleanup_before_jump
                0x0000000000001efc       0x74 common/spl/built-in.o
                0x0000000000001efc                spl_cleanup_before_jump
 .text.board_init_r
                0x0000000000001f70      0x1ec common/spl/built-in.o
                0x0000000000001f70                board_init_r
 .text.spl_fit_get_image_name.constprop.0
                0x000000000000215c      0x114 common/spl/built-in.o
 .text.spl_fit_get_image_node
                0x0000000000002270       0x50 common/spl/built-in.o
 .text.spl_load_fit_image
                0x00000000000022c0      0x2c4 common/spl/built-in.o
 .text.spl_fit_append_fdt.isra.0
                0x0000000000002584       0xf0 common/spl/built-in.o
 .text.spl_fit_standalone_release
                0x0000000000002674        0x8 common/spl/built-in.o
                0x0000000000002674                spl_fit_standalone_release
 .text.spl_load_simple_fit
                0x000000000000267c      0x4a4 common/spl/built-in.o
                0x000000000000267c                spl_load_simple_fit
 .text.h_spl_load_read
                0x0000000000002b20        0x8 common/spl/built-in.o
 .text.spl_mmc_find_device
                0x0000000000002b28       0xa0 common/spl/built-in.o
                0x0000000000002b28                spl_mmc_find_device
 .text.spl_mmc_load_image
                0x0000000000002bc8      0x138 common/spl/built-in.o
                0x0000000000002bc8                spl_mmc_load_image
 .text.spl_fit_images_find
                0x0000000000002d00       0xa4 common/spl/built-in.o
 .text.bl31_entry
                0x0000000000002da4      0x110 common/spl/built-in.o
                0x0000000000002da4                bl31_entry
 .text.spl_fit_images_get_entry
                0x0000000000002eb4       0x50 common/spl/built-in.o
                0x0000000000002eb4                spl_fit_images_get_entry
 .text.spl_invoke_atf
                0x0000000000002f04       0x94 common/spl/built-in.o
                0x0000000000002f04                spl_invoke_atf
 .text.board_init_f_alloc_reserve
                0x0000000000002f98       0x10 common/init/built-in.o
                0x0000000000002f98                board_init_f_alloc_reserve
 .text.board_init_f_init_reserve
                0x0000000000002fa8       0x30 common/init/built-in.o
                0x0000000000002fa8                board_init_f_init_reserve
 .text.fdt_getprop_u32
                0x0000000000002fd8       0x38 common/built-in.o
                0x0000000000002fd8                fdt_getprop_u32
 .text.fit_find_config_node
                0x0000000000003010      0x108 common/built-in.o
                0x0000000000003010                fit_find_config_node
 .text.of_bus_default_map
                0x0000000000003118       0xa4 common/built-in.o
 .text.of_bus_default_translate
                0x00000000000031bc       0xb8 common/built-in.o
 .text.fdt_support_default_count_cells
                0x0000000000003274       0x70 common/built-in.o
                0x0000000000003274                fdt_support_default_count_cells
 .text.fdt_find_or_add_subnode
                0x00000000000032e4       0x74 common/built-in.o
                0x00000000000032e4                fdt_find_or_add_subnode
 .text.fdt_record_loadable
                0x0000000000003358      0x174 common/built-in.o
                0x0000000000003358                fdt_record_loadable
 .text.fdt_shrink_to_minimum
                0x00000000000034cc       0xc8 common/built-in.o
                0x00000000000034cc                fdt_shrink_to_minimum
 .text.fdt_translate_address
                0x0000000000003594      0x264 common/built-in.o
                0x0000000000003594                fdt_translate_address
 .text.fdt_get_base_address
                0x00000000000037f8       0x4c common/built-in.o
                0x00000000000037f8                fdt_get_base_address
 .text.bounce_buffer_start
                0x0000000000003844       0x88 common/built-in.o
                0x0000000000003844                bounce_buffer_start
 .text.bounce_buffer_stop
                0x00000000000038cc       0x54 common/built-in.o
                0x00000000000038cc                bounce_buffer_stop
 .text.putc     0x0000000000003920       0x50 common/built-in.o
                0x0000000000003920                putc
 .text.puts     0x0000000000003970       0x30 common/built-in.o
                0x0000000000003970                puts
 .text.flushc   0x00000000000039a0       0x14 common/built-in.o
                0x00000000000039a0                flushc
 .text.malloc_simple
                0x00000000000039b4       0x38 common/built-in.o
                0x00000000000039b4                malloc_simple
 .text.memalign_simple
                0x00000000000039ec       0x64 common/built-in.o
                0x00000000000039ec                memalign_simple
 .text.calloc   0x0000000000003a50       0x34 common/built-in.o
                0x0000000000003a50                calloc
 .text.get_table_entry_id
                0x0000000000003a84       0x50 common/built-in.o
                0x0000000000003a84                get_table_entry_id
 .text.genimg_get_os_id
                0x0000000000003ad4       0x18 common/built-in.o
                0x0000000000003ad4                genimg_get_os_id
 .text.genimg_get_comp_id
                0x0000000000003aec       0x18 common/built-in.o
                0x0000000000003aec                genimg_get_comp_id
 .text.fit_image_get_address
                0x0000000000003b04       0x84 common/built-in.o
 .text.fit_get_desc
                0x0000000000003b88       0x38 common/built-in.o
                0x0000000000003b88                fit_get_desc
 .text.fit_image_get_os
                0x0000000000003bc0       0x4c common/built-in.o
                0x0000000000003bc0                fit_image_get_os
 .text.fit_image_get_comp
                0x0000000000003c0c       0x4c common/built-in.o
                0x0000000000003c0c                fit_image_get_comp
 .text.fit_image_get_load
                0x0000000000003c58       0x10 common/built-in.o
                0x0000000000003c58                fit_image_get_load
 .text.fit_image_get_comp_addr
                0x0000000000003c68       0x10 common/built-in.o
                0x0000000000003c68                fit_image_get_comp_addr
 .text.fit_image_get_data_offset
                0x0000000000003c78       0x48 common/built-in.o
                0x0000000000003c78                fit_image_get_data_offset
 .text.fit_image_get_data_position
                0x0000000000003cc0       0x48 common/built-in.o
                0x0000000000003cc0                fit_image_get_data_position
 .text.fit_image_get_data_size
                0x0000000000003d08       0x48 common/built-in.o
                0x0000000000003d08                fit_image_get_data_size
 .text.fit_image_get_data
                0x0000000000003d50       0xdc common/built-in.o
                0x0000000000003d50                fit_image_get_data
 .text.fit_image_hash_get_algo
                0x0000000000003e2c       0x38 common/built-in.o
                0x0000000000003e2c                fit_image_hash_get_algo
 .text.fit_image_hash_get_value
                0x0000000000003e64       0x50 common/built-in.o
                0x0000000000003e64                fit_image_hash_get_value
 .text.fit_image_check_hash
                0x0000000000003eb4       0xd4 common/built-in.o
                0x0000000000003eb4                fit_image_check_hash
 .text.fit_image_verify_with_data
                0x0000000000003f88      0x134 common/built-in.o
                0x0000000000003f88                fit_image_verify_with_data
 .text.fdt_check_header
                0x00000000000040bc       0x74 lib/built-in.o
                0x00000000000040bc                fdt_check_header
 .text.fdt_offset_ptr
                0x0000000000004130       0x68 lib/built-in.o
                0x0000000000004130                fdt_offset_ptr
 .text.fdt_next_tag
                0x0000000000004198       0xdc lib/built-in.o
                0x0000000000004198                fdt_next_tag
 .text._fdt_check_node_offset
                0x0000000000004274       0x40 lib/built-in.o
                0x0000000000004274                _fdt_check_node_offset
 .text._fdt_check_prop_offset
                0x00000000000042b4       0x40 lib/built-in.o
                0x00000000000042b4                _fdt_check_prop_offset
 .text.fdt_next_node
                0x00000000000042f4       0xb0 lib/built-in.o
                0x00000000000042f4                fdt_next_node
 .text.fdt_first_subnode
                0x00000000000043a4       0x34 lib/built-in.o
                0x00000000000043a4                fdt_first_subnode
 .text.fdt_next_subnode
                0x00000000000043d8       0x50 lib/built-in.o
                0x00000000000043d8                fdt_next_subnode
 .text._fdt_find_string
                0x0000000000004428       0x70 lib/built-in.o
                0x0000000000004428                _fdt_find_string
 .text.fdt_strerror
                0x0000000000004498       0x4c lib/built-in.o
                0x0000000000004498                fdt_strerror
 .text._fdt_blocks_misordered
                0x00000000000044e4       0x60 lib/built-in.o
 .text._fdt_splice
                0x0000000000004544       0x94 lib/built-in.o
 .text._fdt_splice_mem_rsv
                0x00000000000045d8       0x60 lib/built-in.o
 .text._fdt_splice_struct
                0x0000000000004638       0x60 lib/built-in.o
 .text._fdt_add_property
                0x0000000000004698      0x148 lib/built-in.o
 .text._fdt_rw_check_header
                0x00000000000047e0       0x6c lib/built-in.o
 .text.fdt_add_mem_rsv
                0x000000000000484c       0x7c lib/built-in.o
                0x000000000000484c                fdt_add_mem_rsv
 .text.fdt_del_mem_rsv
                0x00000000000048c8       0x70 lib/built-in.o
                0x00000000000048c8                fdt_del_mem_rsv
 .text.fdt_setprop_placeholder
                0x0000000000004938       0xd8 lib/built-in.o
                0x0000000000004938                fdt_setprop_placeholder
 .text.fdt_setprop
                0x0000000000004a10       0x54 lib/built-in.o
                0x0000000000004a10                fdt_setprop
 .text.fdt_add_subnode_namelen
                0x0000000000004a64      0x114 lib/built-in.o
                0x0000000000004a64                fdt_add_subnode_namelen
 .text.fdt_add_subnode
                0x0000000000004b78       0x44 lib/built-in.o
                0x0000000000004b78                fdt_add_subnode
 .text.fdt_address_cells
                0x0000000000004bbc       0x58 lib/built-in.o
                0x0000000000004bbc                fdt_address_cells
 .text.fdt_size_cells
                0x0000000000004c14       0x54 lib/built-in.o
                0x0000000000004c14                fdt_size_cells
 .text.fdt_path_next_separator
                0x0000000000004c68       0x68 lib/built-in.o
 .text._nextprop
                0x0000000000004cd0       0x64 lib/built-in.o
 .text.fdt_string
                0x0000000000004d34       0x14 lib/built-in.o
                0x0000000000004d34                fdt_string
 .text.fdt_get_mem_rsv
                0x0000000000004d48       0x60 lib/built-in.o
                0x0000000000004d48                fdt_get_mem_rsv
 .text.fdt_num_mem_rsv
                0x0000000000004da8       0x28 lib/built-in.o
                0x0000000000004da8                fdt_num_mem_rsv
 .text.fdt_subnode_offset_namelen
                0x0000000000004dd0       0xe0 lib/built-in.o
                0x0000000000004dd0                fdt_subnode_offset_namelen
 .text.fdt_subnode_offset
                0x0000000000004eb0       0x44 lib/built-in.o
                0x0000000000004eb0                fdt_subnode_offset
 .text.fdt_get_name
                0x0000000000004ef4       0x84 lib/built-in.o
                0x0000000000004ef4                fdt_get_name
 .text.fdt_first_property_offset
                0x0000000000004f78       0x38 lib/built-in.o
                0x0000000000004f78                fdt_first_property_offset
 .text.fdt_next_property_offset
                0x0000000000004fb0       0x38 lib/built-in.o
                0x0000000000004fb0                fdt_next_property_offset
 .text.fdt_get_property_by_offset
                0x0000000000004fe8       0x64 lib/built-in.o
                0x0000000000004fe8                fdt_get_property_by_offset
 .text.fdt_get_property_namelen
                0x000000000000504c       0xd4 lib/built-in.o
                0x000000000000504c                fdt_get_property_namelen
 .text.fdt_get_property
                0x0000000000005120       0x4c lib/built-in.o
                0x0000000000005120                fdt_get_property
 .text.fdt_getprop_namelen
                0x000000000000516c       0x1c lib/built-in.o
                0x000000000000516c                fdt_getprop_namelen
 .text.fdt_getprop_by_offset
                0x0000000000005188       0x50 lib/built-in.o
                0x0000000000005188                fdt_getprop_by_offset
 .text.fdt_getprop
                0x00000000000051d8       0x4c lib/built-in.o
                0x00000000000051d8                fdt_getprop
 .text.fdt_get_phandle
                0x0000000000005224       0x78 lib/built-in.o
                0x0000000000005224                fdt_get_phandle
 .text.fdt_get_alias_namelen
                0x000000000000529c       0x64 lib/built-in.o
                0x000000000000529c                fdt_get_alias_namelen
 .text.fdt_path_offset_namelen
                0x0000000000005300       0xfc lib/built-in.o
                0x0000000000005300                fdt_path_offset_namelen
 .text.fdt_path_offset
                0x00000000000053fc       0x34 lib/built-in.o
                0x00000000000053fc                fdt_path_offset
 .text.fdt_get_alias
                0x0000000000005430       0x34 lib/built-in.o
                0x0000000000005430                fdt_get_alias
 .text.fdt_supernode_atdepth_offset
                0x0000000000005464       0xb8 lib/built-in.o
                0x0000000000005464                fdt_supernode_atdepth_offset
 .text.fdt_node_depth
                0x000000000000551c       0x30 lib/built-in.o
                0x000000000000551c                fdt_node_depth
 .text.fdt_parent_offset
                0x000000000000554c       0x44 lib/built-in.o
                0x000000000000554c                fdt_parent_offset
 .text.fdt_node_offset_by_phandle
                0x0000000000005590       0x84 lib/built-in.o
                0x0000000000005590                fdt_node_offset_by_phandle
 .text.fdt_stringlist_contains
                0x0000000000005614       0x98 lib/built-in.o
                0x0000000000005614                fdt_stringlist_contains
 .text.fdt_stringlist_search
                0x00000000000056ac       0xc4 lib/built-in.o
                0x00000000000056ac                fdt_stringlist_search
 .text.fdt_stringlist_get
                0x0000000000005770       0xb4 lib/built-in.o
                0x0000000000005770                fdt_stringlist_get
 .text.fdt_node_check_compatible
                0x0000000000005824       0x4c lib/built-in.o
                0x0000000000005824                fdt_node_check_compatible
 .text.fdtdec_get_int
                0x0000000000005870       0x40 lib/built-in.o
                0x0000000000005870                fdtdec_get_int
 .text.get_prop_check_min_len
                0x00000000000058b0       0x48 lib/built-in.o
 .text.fdtdec_get_is_enabled
                0x00000000000058f8       0x40 lib/built-in.o
                0x00000000000058f8                fdtdec_get_is_enabled
 .text.fdtdec_get_alias_seq
                0x0000000000005938      0x128 lib/built-in.o
                0x0000000000005938                fdtdec_get_alias_seq
 .text.fdtdec_prepare_fdt
                0x0000000000005a60       0x44 lib/built-in.o
                0x0000000000005a60                fdtdec_prepare_fdt
 .text.fdtdec_get_int_array
                0x0000000000005aa4       0x60 lib/built-in.o
                0x0000000000005aa4                fdtdec_get_int_array
 .text.fdtdec_parse_phandle_with_args
                0x0000000000005b04      0x150 lib/built-in.o
                0x0000000000005b04                fdtdec_parse_phandle_with_args
 .text.fdtdec_get_number
                0x0000000000005c54       0x30 lib/built-in.o
                0x0000000000005c54                fdtdec_get_number
 .text.fdtdec_get_addr_size_fixed
                0x0000000000005c84       0x94 lib/built-in.o
                0x0000000000005c84                fdtdec_get_addr_size_fixed
 .text.fdtdec_get_addr_size_auto_parent
                0x0000000000005d18       0xa8 lib/built-in.o
                0x0000000000005d18                fdtdec_get_addr_size_auto_parent
 .text.fdtdec_get_addr_size_auto_noparent
                0x0000000000005dc0       0x7c lib/built-in.o
                0x0000000000005dc0                fdtdec_get_addr_size_auto_noparent
 .text.fdtdec_setup
                0x0000000000005e3c       0x10 lib/built-in.o
                0x0000000000005e3c                fdtdec_setup
 .text.hang     0x0000000000005e4c       0x24 lib/built-in.o
                0x0000000000005e4c                hang
 .text.strncasecmp
                0x0000000000005e70       0x74 lib/built-in.o
                0x0000000000005e70                strncasecmp
 .text.strcasecmp
                0x0000000000005ee4        0x8 lib/built-in.o
                0x0000000000005ee4                strcasecmp
 .text.strcpy   0x0000000000005eec       0x18 lib/built-in.o
                0x0000000000005eec                strcpy
 .text.strcmp   0x0000000000005f04       0x28 lib/built-in.o
                0x0000000000005f04                strcmp
 .text.strncmp  0x0000000000005f2c       0x38 lib/built-in.o
                0x0000000000005f2c                strncmp
 .text.strchr   0x0000000000005f64       0x28 lib/built-in.o
                0x0000000000005f64                strchr
 .text.strchrnul
                0x0000000000005f8c       0x20 lib/built-in.o
                0x0000000000005f8c                strchrnul
 .text.strlen   0x0000000000005fac       0x1c lib/built-in.o
                0x0000000000005fac                strlen
 .text.strrchr  0x0000000000005fc8       0x40 lib/built-in.o
                0x0000000000005fc8                strrchr
 .text.strnlen  0x0000000000006008       0x28 lib/built-in.o
                0x0000000000006008                strnlen
 .text.strcspn  0x0000000000006030       0x38 lib/built-in.o
                0x0000000000006030                strcspn
 .text.strdup   0x0000000000006068       0x4c lib/built-in.o
                0x0000000000006068                strdup
 .text.memset   0x00000000000060b4       0x1c lib/built-in.o
                0x00000000000060b4                memset
 .text.memcpy   0x00000000000060d0       0x68 lib/built-in.o
                0x00000000000060d0                memcpy
 .text.memmove  0x0000000000006138       0x58 lib/built-in.o
                0x0000000000006138                memmove
 .text.memcmp   0x0000000000006190       0x30 lib/built-in.o
                0x0000000000006190                memcmp
 .text.memchr   0x00000000000061c0       0x30 lib/built-in.o
                0x00000000000061c0                memchr
 .text.timer_init
                0x00000000000061f0        0x8 lib/built-in.o
                0x00000000000061f0                timer_init
 .text.get_timer
                0x00000000000061f8       0x3c lib/built-in.o
                0x00000000000061f8                get_timer
 .text.__udelay
                0x0000000000006234       0x4c lib/built-in.o
                0x0000000000006234                __udelay
 .text.udelay   0x0000000000006280       0x44 lib/built-in.o
                0x0000000000006280                udelay
 .text.div_out  0x00000000000062c4       0x60 lib/built-in.o
 .text.putc_outstr
                0x0000000000006324       0x14 lib/built-in.o
 .text.putc_normal
                0x0000000000006338        0x8 lib/built-in.o
 .text._vprintf
                0x0000000000006340      0x4a8 lib/built-in.o
 .text.vprintf  0x00000000000067e8       0x44 lib/built-in.o
                0x00000000000067e8                vprintf
 .text.printf   0x000000000000682c       0x8c lib/built-in.o
                0x000000000000682c                printf
 .text.snprintf
                0x00000000000068b8       0x94 lib/built-in.o
                0x00000000000068b8                snprintf
 .text.panic    0x000000000000694c       0x7c lib/built-in.o
                0x000000000000694c                panic
 .text.simple_strtoul
                0x00000000000069c8      0x108 lib/built-in.o
                0x00000000000069c8                simple_strtoul
 .text.trailing_strtoln
                0x0000000000006ad0       0x78 lib/built-in.o
                0x0000000000006ad0                trailing_strtoln
 .text.trailing_strtol
                0x0000000000006b48        0x8 lib/built-in.o
                0x0000000000006b48                trailing_strtol
 .text.clk_request
                0x0000000000006b50       0x2c drivers/built-in.o
                0x0000000000006b50                clk_request
 .text.clk_get_by_indexed_prop
                0x0000000000006b7c       0xb0 drivers/built-in.o
 .text.clk_get_by_index
                0x0000000000006c2c       0x14 drivers/built-in.o
                0x0000000000006c2c                clk_get_by_index
 .text.clk_get_by_name
                0x0000000000006c40       0x50 drivers/built-in.o
                0x0000000000006c40                clk_get_by_name
 .text.clk_get_rate
                0x0000000000006c90       0x24 drivers/built-in.o
                0x0000000000006c90                clk_get_rate
 .text.clk_set_rate
                0x0000000000006cb4       0x24 drivers/built-in.o
                0x0000000000006cb4                clk_set_rate
 .text.clk_set_phase
                0x0000000000006cd8       0x24 drivers/built-in.o
                0x0000000000006cd8                clk_set_phase
 .text.clk_set_parent
                0x0000000000006cfc       0x24 drivers/built-in.o
                0x0000000000006cfc                clk_set_parent
 .text.clk_set_defaults
                0x0000000000006d20      0x158 drivers/built-in.o
                0x0000000000006d20                clk_set_defaults
 .text.clk_fixed_rate_ofdata_to_platdata
                0x0000000000006e78       0x40 drivers/built-in.o
 .text.clk_fixed_rate_get_rate
                0x0000000000006eb8       0x2c drivers/built-in.o
 .text.px30_mmc_get_clk
                0x0000000000006ee4       0x84 drivers/built-in.o
 .text.px30_mmc_set_clk
                0x0000000000006f68       0xac drivers/built-in.o
 .text.px30_bus_get_clk
                0x0000000000007014       0x88 drivers/built-in.o
 .text.px30_peri_get_clk
                0x000000000000709c       0x48 drivers/built-in.o
 .text.px30_otp_get_clk
                0x00000000000070e4       0xb8 drivers/built-in.o
 .text.px30_crypto_get_clk
                0x000000000000719c       0x48 drivers/built-in.o
 .text.px30_pclk_pmu_set_pmuclk
                0x00000000000071e4       0x44 drivers/built-in.o
 .text.px30_i2c_get_clk
                0x0000000000007228       0x8c drivers/built-in.o
 .text.px30_pwm_get_clk
                0x00000000000072b4       0x60 drivers/built-in.o
 .text.px30_spi_get_clk
                0x0000000000007314       0x60 drivers/built-in.o
 .text.px30_bus_set_clk
                0x0000000000007374       0xe0 drivers/built-in.o
 .text.px30_peri_set_clk
                0x0000000000007454       0x70 drivers/built-in.o
 .text.rkclk_set_pll
                0x00000000000074c4      0x278 drivers/built-in.o
 .text.px30_clk_ofdata_to_platdata
                0x000000000000773c       0x34 drivers/built-in.o
 .text.px30_pmuclk_ofdata_to_platdata
                0x0000000000007770       0x34 drivers/built-in.o
 .text.px30_clk_bind
                0x00000000000077a4       0x9c drivers/built-in.o
 .text.rkclk_pll_get_rate
                0x0000000000007840       0x90 drivers/built-in.o
 .text.px30_vop_get_clk
                0x00000000000078d0       0x94 drivers/built-in.o
 .text.px30_clk_set_pll_rate.constprop.0.isra.0
                0x0000000000007964       0x54 drivers/built-in.o
 .text.px30_clk_set_parent
                0x00000000000079b8       0x64 drivers/built-in.o
 .text.px30_clk_get_pll_rate.isra.0
                0x0000000000007a1c       0x28 drivers/built-in.o
 .text.px30_armclk_set_clk.isra.0
                0x0000000000007a44      0x118 drivers/built-in.o
 .text.px30_clk_probe
                0x0000000000007b5c      0x108 drivers/built-in.o
 .text.px30_i2s_get_clk.isra.0
                0x0000000000007c64       0x5c drivers/built-in.o
 .text.px30_i2s_set_clk.isra.0
                0x0000000000007cc0       0xd8 drivers/built-in.o
 .text.px30_nandc_set_clk.isra.0
                0x0000000000007d98       0x38 drivers/built-in.o
 .text.px30_i2s1_mclk_set_clk.isra.0
                0x0000000000007dd0       0x90 drivers/built-in.o
 .text.px30_sfc_set_clk.isra.0
                0x0000000000007e60       0x44 drivers/built-in.o
 .text.px30_clk_set_rate
                0x0000000000007ea4      0x638 drivers/built-in.o
 .text.px30_clk_get_rate
                0x00000000000084dc      0x234 drivers/built-in.o
 .text.px30_gpll_set_pmuclk
                0x0000000000008710      0x2e4 drivers/built-in.o
 .text.px30_pmuclk_set_rate
                0x00000000000089f4       0x60 drivers/built-in.o
 .text.px30_pmuclk_probe
                0x0000000000008a54      0x190 drivers/built-in.o
 .text.px30_pmuclk_get_rate
                0x0000000000008be4       0x74 drivers/built-in.o
 .text.rockchip_mmc_get_phase
                0x0000000000008c58       0x9c drivers/built-in.o
                0x0000000000008c58                rockchip_mmc_get_phase
 .text.px30_clk_get_phase
                0x0000000000008cf4       0x20 drivers/built-in.o
 .text.rockchip_mmc_set_phase
                0x0000000000008d14       0xc0 drivers/built-in.o
                0x0000000000008d14                rockchip_mmc_set_phase
 .text.px30_clk_set_phase
                0x0000000000008dd4       0x20 drivers/built-in.o
 .text.alloc_priv
                0x0000000000008df4       0x64 drivers/built-in.o
 .text.device_bind_common.constprop.0
                0x0000000000008e58      0x3b4 drivers/built-in.o
 .text.device_bind_with_driver_data
                0x000000000000920c       0x14 drivers/built-in.o
                0x000000000000920c                device_bind_with_driver_data
 .text.device_bind_by_name
                0x0000000000009220       0x84 drivers/built-in.o
                0x0000000000009220                device_bind_by_name
 .text.device_probe
                0x00000000000092a4      0x1b0 drivers/built-in.o
                0x00000000000092a4                device_probe
 .text.dev_get_platdata
                0x0000000000009454        0xc drivers/built-in.o
                0x0000000000009454                dev_get_platdata
 .text.dev_get_uclass_platdata
                0x0000000000009460        0xc drivers/built-in.o
                0x0000000000009460                dev_get_uclass_platdata
 .text.dev_get_priv
                0x000000000000946c        0xc drivers/built-in.o
                0x000000000000946c                dev_get_priv
 .text.dev_get_uclass_priv
                0x0000000000009478        0xc drivers/built-in.o
                0x0000000000009478                dev_get_uclass_priv
 .text.device_find_first_child
                0x0000000000009484       0x20 drivers/built-in.o
                0x0000000000009484                device_find_first_child
 .text.device_find_next_child
                0x00000000000094a4       0x28 drivers/built-in.o
                0x00000000000094a4                device_find_next_child
 .text.dev_get_parent
                0x00000000000094cc        0x8 drivers/built-in.o
                0x00000000000094cc                dev_get_parent
 .text.dev_get_driver_data
                0x00000000000094d4        0x8 drivers/built-in.o
                0x00000000000094d4                dev_get_driver_data
 .text.device_get_uclass_id
                0x00000000000094dc       0x10 drivers/built-in.o
                0x00000000000094dc                device_get_uclass_id
 .text.device_set_name_alloced
                0x00000000000094ec       0x10 drivers/built-in.o
                0x00000000000094ec                device_set_name_alloced
 .text.device_is_compatible
                0x00000000000094fc       0x64 drivers/built-in.o
                0x00000000000094fc                device_is_compatible
 .text.devfdt_get_addr_index
                0x0000000000009560       0x78 drivers/built-in.o
                0x0000000000009560                devfdt_get_addr_index
 .text.devfdt_get_addr_size_index
                0x00000000000095d8       0x48 drivers/built-in.o
                0x00000000000095d8                devfdt_get_addr_size_index
 .text.lists_driver_lookup_name
                0x0000000000009620       0x78 drivers/built-in.o
                0x0000000000009620                lists_driver_lookup_name
 .text.lists_uclass_lookup
                0x0000000000009698       0x44 drivers/built-in.o
                0x0000000000009698                lists_uclass_lookup
 .text.lists_bind_drivers
                0x00000000000096dc       0x90 drivers/built-in.o
                0x00000000000096dc                lists_bind_drivers
 .text.device_bind_driver_to_node
                0x000000000000976c       0x68 drivers/built-in.o
                0x000000000000976c                device_bind_driver_to_node
 .text.device_bind_driver
                0x00000000000097d4       0x14 drivers/built-in.o
                0x00000000000097d4                device_bind_driver
 .text.lists_bind_fdt
                0x00000000000097e8      0x150 drivers/built-in.o
                0x00000000000097e8                lists_bind_fdt
 .text.dm_scan_fdt_node
                0x0000000000009938       0xc0 drivers/built-in.o
 .text.dm_root  0x00000000000099f8       0x10 drivers/built-in.o
                0x00000000000099f8                dm_root
 .text.dm_fixup_for_gd_move
                0x0000000000009a08       0x20 drivers/built-in.o
                0x0000000000009a08                dm_fixup_for_gd_move
 .text.dm_get_translation_offset
                0x0000000000009a28       0x1c drivers/built-in.o
                0x0000000000009a28                dm_get_translation_offset
 .text.dm_init  0x0000000000009a44       0x60 drivers/built-in.o
                0x0000000000009a44                dm_init
 .text.dm_scan_platdata
                0x0000000000009aa4       0x28 drivers/built-in.o
                0x0000000000009aa4                dm_scan_platdata
 .text.dm_scan_fdt_dev
                0x0000000000009acc       0x38 drivers/built-in.o
                0x0000000000009acc                dm_scan_fdt_dev
 .text.dm_scan_fdt
                0x0000000000009b04       0x14 drivers/built-in.o
                0x0000000000009b04                dm_scan_fdt
 .text.dm_extended_scan_fdt
                0x0000000000009b18       0x60 drivers/built-in.o
                0x0000000000009b18                dm_extended_scan_fdt
 .text.dm_scan_other
                0x0000000000009b78        0x8 drivers/built-in.o
                0x0000000000009b78                dm_scan_other
 .text.dm_init_and_scan
                0x0000000000009b80       0x54 drivers/built-in.o
                0x0000000000009b80                dm_init_and_scan
 .text.uclass_find
                0x0000000000009bd4       0x4c drivers/built-in.o
                0x0000000000009bd4                uclass_find
 .text.uclass_get
                0x0000000000009c20      0x108 drivers/built-in.o
                0x0000000000009c20                uclass_get
 .text.uclass_find_first_device
                0x0000000000009d28       0x48 drivers/built-in.o
                0x0000000000009d28                uclass_find_first_device
 .text.uclass_find_next_device
                0x0000000000009d70       0x28 drivers/built-in.o
                0x0000000000009d70                uclass_find_next_device
 .text.uclass_find_device_by_name
                0x0000000000009d98       0x98 drivers/built-in.o
                0x0000000000009d98                uclass_find_device_by_name
 .text.uclass_find_device_by_seq
                0x0000000000009e30       0x90 drivers/built-in.o
                0x0000000000009e30                uclass_find_device_by_seq
 .text.uclass_find_device_by_of_offset
                0x0000000000009ec0       0x78 drivers/built-in.o
                0x0000000000009ec0                uclass_find_device_by_of_offset
 .text.uclass_find_device_by_ofnode
                0x0000000000009f38       0x80 drivers/built-in.o
                0x0000000000009f38                uclass_find_device_by_ofnode
 .text.uclass_get_device_by_driver
                0x0000000000009fb8       0x7c drivers/built-in.o
                0x0000000000009fb8                uclass_get_device_by_driver
 .text.uclass_get_device_tail
                0x000000000000a034       0x40 drivers/built-in.o
                0x000000000000a034                uclass_get_device_tail
 .text.uclass_get_device_by_name
                0x000000000000a074       0x38 drivers/built-in.o
                0x000000000000a074                uclass_get_device_by_name
 .text.uclass_get_device_by_of_offset
                0x000000000000a0ac       0x38 drivers/built-in.o
                0x000000000000a0ac                uclass_get_device_by_of_offset
 .text.uclass_get_device_by_ofnode
                0x000000000000a0e4       0x38 drivers/built-in.o
                0x000000000000a0e4                uclass_get_device_by_ofnode
 .text.uclass_first_device
                0x000000000000a11c       0x44 drivers/built-in.o
                0x000000000000a11c                uclass_first_device
 .text.uclass_next_device
                0x000000000000a160       0x44 drivers/built-in.o
                0x000000000000a160                uclass_next_device
 .text.uclass_bind_device
                0x000000000000a1a4       0x70 drivers/built-in.o
                0x000000000000a1a4                uclass_bind_device
 .text.uclass_resolve_seq
                0x000000000000a214       0x98 drivers/built-in.o
                0x000000000000a214                uclass_resolve_seq
 .text.uclass_pre_probe_device
                0x000000000000a2ac       0x68 drivers/built-in.o
                0x000000000000a2ac                uclass_pre_probe_device
 .text.uclass_post_probe_device
                0x000000000000a314       0x20 drivers/built-in.o
                0x000000000000a314                uclass_post_probe_device
 .text.dm_fdt_pre_reloc
                0x000000000000a334       0x5c drivers/built-in.o
                0x000000000000a334                dm_fdt_pre_reloc
 .text.simple_bus_post_bind
                0x000000000000a390       0x5c drivers/built-in.o
 .text.simple_bus_translate
                0x000000000000a3ec       0x50 drivers/built-in.o
                0x000000000000a3ec                simple_bus_translate
 .text.regmap_init_mem
                0x000000000000a43c      0x134 drivers/built-in.o
                0x000000000000a43c                regmap_init_mem
 .text.regmap_get_range
                0x000000000000a570       0x24 drivers/built-in.o
                0x000000000000a570                regmap_get_range
 .text.syscon_pre_probe
                0x000000000000a594       0x28 drivers/built-in.o
 .text.syscon_get_by_driver_data
                0x000000000000a5bc       0x74 drivers/built-in.o
                0x000000000000a5bc                syscon_get_by_driver_data
 .text.syscon_get_regmap_by_driver_data
                0x000000000000a630       0x30 drivers/built-in.o
                0x000000000000a630                syscon_get_regmap_by_driver_data
 .text.syscon_get_first_range
                0x000000000000a660       0x28 drivers/built-in.o
                0x000000000000a660                syscon_get_first_range
 .text.of_find_property
                0x000000000000a688       0x74 drivers/built-in.o
                0x000000000000a688                of_find_property
 .text.of_find_property_value_of_size
                0x000000000000a6fc       0x54 drivers/built-in.o
 .text.of_find_all_nodes
                0x000000000000a750       0x28 drivers/built-in.o
                0x000000000000a750                of_find_all_nodes
 .text.of_get_property
                0x000000000000a778       0x1c drivers/built-in.o
                0x000000000000a778                of_get_property
 .text.of_n_addr_cells
                0x000000000000a794       0x5c drivers/built-in.o
                0x000000000000a794                of_n_addr_cells
 .text.of_n_size_cells
                0x000000000000a7f0       0x5c drivers/built-in.o
                0x000000000000a7f0                of_n_size_cells
 .text.of_simple_addr_cells
                0x000000000000a84c       0x34 drivers/built-in.o
                0x000000000000a84c                of_simple_addr_cells
 .text.of_simple_size_cells
                0x000000000000a880       0x34 drivers/built-in.o
                0x000000000000a880                of_simple_size_cells
 .text.of_device_is_compatible
                0x000000000000a8b4      0x110 drivers/built-in.o
                0x000000000000a8b4                of_device_is_compatible
 .text.of_get_parent
                0x000000000000a9c4        0xc drivers/built-in.o
                0x000000000000a9c4                of_get_parent
 .text.of_find_node_opts_by_path
                0x000000000000a9d0      0x1a0 drivers/built-in.o
                0x000000000000a9d0                of_find_node_opts_by_path
 .text.of_find_node_by_phandle
                0x000000000000ab70       0x54 drivers/built-in.o
                0x000000000000ab70                of_find_node_by_phandle
 .text.of_read_u32
                0x000000000000abc4       0x48 drivers/built-in.o
                0x000000000000abc4                of_read_u32
 .text.__of_parse_phandle_with_args.constprop.0
                0x000000000000ac0c      0x16c drivers/built-in.o
 .text.of_read_u32_array
                0x000000000000ad78       0x58 drivers/built-in.o
                0x000000000000ad78                of_read_u32_array
 .text.of_property_match_string
                0x000000000000add0       0xa4 drivers/built-in.o
                0x000000000000add0                of_property_match_string
 .text.of_property_read_string_helper
                0x000000000000ae74       0xcc drivers/built-in.o
                0x000000000000ae74                of_property_read_string_helper
 .text.of_parse_phandle_with_args
                0x000000000000af40       0x10 drivers/built-in.o
                0x000000000000af40                of_parse_phandle_with_args
 .text.of_count_phandle_with_args
                0x000000000000af50        0xc drivers/built-in.o
                0x000000000000af50                of_count_phandle_with_args
 .text.of_alias_get_id
                0x000000000000af5c       0x6c drivers/built-in.o
                0x000000000000af5c                of_alias_get_id
 .text.of_bus_default_map
                0x000000000000afc8       0xa4 drivers/built-in.o
 .text.of_bus_default_get_flags
                0x000000000000b06c        0x8 drivers/built-in.o
 .text.of_bus_default_count_cells
                0x000000000000b074       0x48 drivers/built-in.o
 .text.of_bus_default_translate
                0x000000000000b0bc       0xb8 drivers/built-in.o
 .text.of_match_bus
                0x000000000000b174       0x60 drivers/built-in.o
 .text.of_get_address
                0x000000000000b1d4      0x148 drivers/built-in.o
                0x000000000000b1d4                of_get_address
 .text.of_translate_address
                0x000000000000b31c      0x228 drivers/built-in.o
                0x000000000000b31c                of_translate_address
 .text.of_address_to_resource
                0x000000000000b544       0xcc drivers/built-in.o
                0x000000000000b544                of_address_to_resource
 .text.dev_read_u32_default
                0x000000000000b610        0x8 drivers/built-in.o
                0x000000000000b610                dev_read_u32_default
 .text.dev_read_bool
                0x000000000000b618        0x8 drivers/built-in.o
                0x000000000000b618                dev_read_bool
 .text.dev_read_size
                0x000000000000b620        0x8 drivers/built-in.o
                0x000000000000b620                dev_read_size
 .text.dev_read_addr_index
                0x000000000000b628       0x2c drivers/built-in.o
                0x000000000000b628                dev_read_addr_index
 .text.dev_read_addr
                0x000000000000b654        0x8 drivers/built-in.o
                0x000000000000b654                dev_read_addr
 .text.dev_read_addr_ptr
                0x000000000000b65c       0x20 drivers/built-in.o
                0x000000000000b65c                dev_read_addr_ptr
 .text.dev_read_stringlist_search
                0x000000000000b67c        0x8 drivers/built-in.o
                0x000000000000b67c                dev_read_stringlist_search
 .text.dev_read_phandle_with_args
                0x000000000000b684        0x8 drivers/built-in.o
                0x000000000000b684                dev_read_phandle_with_args
 .text.dev_count_phandle_with_args
                0x000000000000b68c        0x8 drivers/built-in.o
                0x000000000000b68c                dev_count_phandle_with_args
 .text.dev_read_simple_addr_cells
                0x000000000000b694        0x8 drivers/built-in.o
                0x000000000000b694                dev_read_simple_addr_cells
 .text.dev_read_simple_size_cells
                0x000000000000b69c        0x8 drivers/built-in.o
                0x000000000000b69c                dev_read_simple_size_cells
 .text.dev_read_prop
                0x000000000000b6a4        0x8 drivers/built-in.o
                0x000000000000b6a4                dev_read_prop
 .text.dev_read_alias_seq
                0x000000000000b6ac       0x70 drivers/built-in.o
                0x000000000000b6ac                dev_read_alias_seq
 .text.dev_read_u32_array
                0x000000000000b71c       0x28 drivers/built-in.o
                0x000000000000b71c                dev_read_u32_array
 .text.ofnode_read_u32
                0x000000000000b744       0x90 drivers/built-in.o
                0x000000000000b744                ofnode_read_u32
 .text.ofnode_read_u32_default
                0x000000000000b7d4       0x28 drivers/built-in.o
                0x000000000000b7d4                ofnode_read_u32_default
 .text.ofnode_read_u32_array
                0x000000000000b7fc       0x44 drivers/built-in.o
                0x000000000000b7fc                ofnode_read_u32_array
 .text.ofnode_get_name
                0x000000000000b840       0x74 drivers/built-in.o
                0x000000000000b840                ofnode_get_name
 .text.ofnode_read_size
                0x000000000000b8b4       0x6c drivers/built-in.o
                0x000000000000b8b4                ofnode_read_size
 .text.ofnode_get_addr_index
                0x000000000000b920       0xa0 drivers/built-in.o
                0x000000000000b920                ofnode_get_addr_index
 .text.ofnode_stringlist_search
                0x000000000000b9c0       0x68 drivers/built-in.o
                0x000000000000b9c0                ofnode_stringlist_search
 .text.ofnode_parse_phandle_with_args
                0x000000000000ba28       0xd0 drivers/built-in.o
                0x000000000000ba28                ofnode_parse_phandle_with_args
 .text.ofnode_count_phandle_with_args
                0x000000000000baf8       0x48 drivers/built-in.o
                0x000000000000baf8                ofnode_count_phandle_with_args
 .text.ofnode_path
                0x000000000000bb40       0x40 drivers/built-in.o
                0x000000000000bb40                ofnode_path
 .text.ofnode_get_property
                0x000000000000bb80       0x3c drivers/built-in.o
                0x000000000000bb80                ofnode_get_property
 .text.ofnode_read_bool
                0x000000000000bbbc       0x28 drivers/built-in.o
                0x000000000000bbbc                ofnode_read_bool
 .text.ofnode_read_simple_addr_cells
                0x000000000000bbe4       0x34 drivers/built-in.o
                0x000000000000bbe4                ofnode_read_simple_addr_cells
 .text.ofnode_read_simple_size_cells
                0x000000000000bc18       0x34 drivers/built-in.o
                0x000000000000bc18                ofnode_read_simple_size_cells
 .text.sysreset_request
                0x000000000000bc4c       0x20 drivers/built-in.o
                0x000000000000bc4c                sysreset_request
 .text.sysreset_walk
                0x000000000000bc6c       0x6c drivers/built-in.o
                0x000000000000bc6c                sysreset_walk
 .text.sysreset_walk_halt
                0x000000000000bcd8       0x38 drivers/built-in.o
                0x000000000000bcd8                sysreset_walk_halt
 .text.reboot   0x000000000000bd10       0x60 drivers/built-in.o
                0x000000000000bd10                reboot
 .text.do_reset
                0x000000000000bd70       0x20 drivers/built-in.o
                0x000000000000bd70                do_reset
 .text.rockchip_sysreset_request
                0x000000000000bd90       0x68 drivers/built-in.o
                0x000000000000bd90                rockchip_sysreset_request
 .text.psci_probe
                0x000000000000bdf8       0xa4 drivers/built-in.o
 .text.__invoke_psci_fn_smc
                0x000000000000be9c       0x38 drivers/built-in.o
 .text.__invoke_psci_fn_hvc
                0x000000000000bed4       0x38 drivers/built-in.o
 .text.psci_bind
                0x000000000000bf0c       0x68 drivers/built-in.o
 .text.mmc_send_op_cond_iter
                0x000000000000bf74       0x74 drivers/built-in.o
 .text.mmc_read_blocks
                0x000000000000bfe8       0xc4 drivers/built-in.o
 .text.mmc_go_idle
                0x000000000000c0ac       0x50 drivers/built-in.o
 .text.mmc_set_capacity
                0x000000000000c0fc       0x84 drivers/built-in.o
 .text.mmc_send_ext_csd
                0x000000000000c180       0x68 drivers/built-in.o
 .text.__mmc_switch.constprop.0
                0x000000000000c1e8      0x130 drivers/built-in.o
 .text.mmc_switch_to_hs400
                0x000000000000c318       0x30 drivers/built-in.o
 .text.mmc_send_status
                0x000000000000c348       0xe0 drivers/built-in.o
                0x000000000000c348                mmc_send_status
 .text.mmc_set_blocklen
                0x000000000000c428       0x4c drivers/built-in.o
                0x000000000000c428                mmc_set_blocklen
 .text.mmc_set_clock
                0x000000000000c474       0x24 drivers/built-in.o
                0x000000000000c474                mmc_set_clock
 .text.mmc_set_bus_speed
                0x000000000000c498       0x5c drivers/built-in.o
 .text.mmc_switch
                0x000000000000c4f4       0x10 drivers/built-in.o
                0x000000000000c4f4                mmc_switch
 .text.mmc_select_hs
                0x000000000000c504       0x48 drivers/built-in.o
 .text.mmc_select_bus_width
                0x000000000000c54c      0x164 drivers/built-in.o
 .text.mmc_startup
                0x000000000000c6b0      0xc8c drivers/built-in.o
 .text.mmc_send_tuning
                0x000000000000d33c       0xd4 drivers/built-in.o
                0x000000000000d33c                mmc_send_tuning
 .text.mmc_switch_part
                0x000000000000d410       0x74 drivers/built-in.o
                0x000000000000d410                mmc_switch_part
 .text.mmc_start_init
                0x000000000000d484      0x218 drivers/built-in.o
                0x000000000000d484                mmc_start_init
 .text.mmc_init
                0x000000000000d69c      0x13c drivers/built-in.o
                0x000000000000d69c                mmc_init
 .text.mmc_bread
                0x000000000000d7d8      0x154 drivers/built-in.o
                0x000000000000d7d8                mmc_bread
 .text.mmc_initialize
                0x000000000000d92c       0x34 drivers/built-in.o
                0x000000000000d92c                mmc_initialize
 .text.mmc_blk_probe
                0x000000000000d960       0x1c drivers/built-in.o
 .text.mmc_card_busy
                0x000000000000d97c       0x24 drivers/built-in.o
                0x000000000000d97c                mmc_card_busy
 .text.mmc_can_card_busy
                0x000000000000d9a0       0x1c drivers/built-in.o
                0x000000000000d9a0                mmc_can_card_busy
 .text.dm_mmc_set_ios
                0x000000000000d9bc       0x20 drivers/built-in.o
                0x000000000000d9bc                dm_mmc_set_ios
 .text.mmc_set_ios
                0x000000000000d9dc        0x8 drivers/built-in.o
                0x000000000000d9dc                mmc_set_ios
 .text.dm_mmc_get_cd
                0x000000000000d9e4       0x20 drivers/built-in.o
                0x000000000000d9e4                dm_mmc_get_cd
 .text.mmc_getcd
                0x000000000000da04        0x8 drivers/built-in.o
                0x000000000000da04                mmc_getcd
 .text.mmc_set_enhanced_strobe
                0x000000000000da0c       0x24 drivers/built-in.o
                0x000000000000da0c                mmc_set_enhanced_strobe
 .text.mmc_get_mmc_dev
                0x000000000000da30       0x28 drivers/built-in.o
                0x000000000000da30                mmc_get_mmc_dev
 .text.dm_mmc_send_cmd
                0x000000000000da58       0xe4 drivers/built-in.o
                0x000000000000da58                dm_mmc_send_cmd
 .text.mmc_send_cmd
                0x000000000000db3c        0x8 drivers/built-in.o
                0x000000000000db3c                mmc_send_cmd
 .text.mmc_select_hwpart
                0x000000000000db44       0x78 drivers/built-in.o
 .text.find_mmc_device
                0x000000000000dbbc       0x54 drivers/built-in.o
                0x000000000000dbbc                find_mmc_device
 .text.mmc_get_blk_desc
                0x000000000000dc10       0x28 drivers/built-in.o
                0x000000000000dc10                mmc_get_blk_desc
 .text.mmc_do_preinit
                0x000000000000dc38       0x68 drivers/built-in.o
                0x000000000000dc38                mmc_do_preinit
 .text.mmc_bind
                0x000000000000dca0       0xb8 drivers/built-in.o
                0x000000000000dca0                mmc_bind
 .text.dwmci_wait_reset
                0x000000000000dd58       0x3c drivers/built-in.o
 .text.dwmci_get_cd
                0x000000000000dd94        0x8 drivers/built-in.o
 .text.dwmci_execute_tuning
                0x000000000000dd9c       0x44 drivers/built-in.o
 .text.dwmci_card_busy
                0x000000000000dde0       0x28 drivers/built-in.o
 .text.dwmci_setup_bus.part.0.isra.0
                0x000000000000de08       0xfc drivers/built-in.o
 .text.dwmci_send_cmd
                0x000000000000df04      0x610 drivers/built-in.o
 .text.dwmci_set_ios
                0x000000000000e514       0xa8 drivers/built-in.o
 .text.dwmci_probe
                0x000000000000e5bc      0x170 drivers/built-in.o
                0x000000000000e5bc                dwmci_probe
 .text.dwmci_setup_cfg
                0x000000000000e72c       0x98 drivers/built-in.o
                0x000000000000e72c                dwmci_setup_cfg
 .text.dwmci_bind
                0x000000000000e7c4        0x4 drivers/built-in.o
                0x000000000000e7c4                dwmci_bind
 .text.rockchip_dwmmc_ofdata_to_platdata
                0x000000000000e7c8      0x100 drivers/built-in.o
 .text.rockchip_dwmmc_get_mmc_clk
                0x000000000000e8c8       0x58 drivers/built-in.o
 .text.rockchip_dwmmc_execute_tuning
                0x000000000000e920      0x104 drivers/built-in.o
 .text.rockchip_dwmmc_bind
                0x000000000000ea24       0x2c drivers/built-in.o
 .text.mmc_gpio_init_direct
                0x000000000000ea50        0x4 drivers/built-in.o
                0x000000000000ea50                mmc_gpio_init_direct
 .text.rockchip_dwmmc_probe
                0x000000000000ea54      0x128 drivers/built-in.o
 .text.dmc_get_info
                0x000000000000eb7c       0x34 drivers/built-in.o
 .text.dmc_probe
                0x000000000000ebb0       0x40 drivers/built-in.o
 .text._serial_putc
                0x000000000000ebf0       0x58 drivers/built-in.o
 .text.serial_post_probe
                0x000000000000ec48       0x24 drivers/built-in.o
 .text.serial_pre_remove
                0x000000000000ec6c        0x8 drivers/built-in.o
 .text.serial_init
                0x000000000000ec74        0x8 drivers/built-in.o
                0x000000000000ec74                serial_init
 .text.serial_putc
                0x000000000000ec7c       0x1c drivers/built-in.o
                0x000000000000ec7c                serial_putc
 .text.ns16550_serial_ofdata_to_platdata
                0x000000000000ec98      0x124 drivers/built-in.o
                0x000000000000ec98                ns16550_serial_ofdata_to_platdata
 .text.ns16550_readb.isra.0
                0x000000000000edbc       0x1c drivers/built-in.o
 .text.ns16550_serial_getc
                0x000000000000edd8       0x3c drivers/built-in.o
 .text.ns16550_serial_pending
                0x000000000000ee14       0x44 drivers/built-in.o
 .text.ns16550_writeb.isra.0
                0x000000000000ee58       0x1c drivers/built-in.o
 .text.ns16550_serial_putc
                0x000000000000ee74       0x48 drivers/built-in.o
 .text.ns16550_serial_clear
                0x000000000000eebc       0x28 drivers/built-in.o
 .text.NS16550_setbrg
                0x000000000000eee4       0x54 drivers/built-in.o
 .text.ns16550_serial_setbrg
                0x000000000000ef38       0x40 drivers/built-in.o
 .text.NS16550_init
                0x000000000000ef78       0x70 drivers/built-in.o
                0x000000000000ef78                NS16550_init
 .text.ns16550_serial_probe
                0x000000000000efe8       0x40 drivers/built-in.o
                0x000000000000efe8                ns16550_serial_probe
 .text.printch  0x000000000000f028       0x6c drivers/built-in.o
                0x000000000000f028                printch
 .text.debug_uart_flushc
                0x000000000000f094       0x34 drivers/built-in.o
                0x000000000000f094                debug_uart_flushc
 .text.printascii
                0x000000000000f0c8       0x7c drivers/built-in.o
                0x000000000000f0c8                printascii
 .text.debug_uart_init
                0x000000000000f144       0x68 drivers/built-in.o
                0x000000000000f144                debug_uart_init
 .text.blk_select_hwpart
                0x000000000000f1ac       0x2c drivers/built-in.o
                0x000000000000f1ac                blk_select_hwpart
 .text.blk_dselect_hwpart
                0x000000000000f1d8        0x8 drivers/built-in.o
                0x000000000000f1d8                blk_dselect_hwpart
 .text.blk_find_device
                0x000000000000f1e0       0xa0 drivers/built-in.o
                0x000000000000f1e0                blk_find_device
 .text.blk_dread
                0x000000000000f280       0x24 drivers/built-in.o
                0x000000000000f280                blk_dread
 .text.blk_find_max_devnum
                0x000000000000f2a4       0x90 drivers/built-in.o
                0x000000000000f2a4                blk_find_max_devnum
 .text.blk_create_device
                0x000000000000f334      0x180 drivers/built-in.o
                0x000000000000f334                blk_create_device
 .text.blk_create_devicef
                0x000000000000f4b4       0xb4 drivers/built-in.o
                0x000000000000f4b4                blk_create_devicef

.iplt           0x000000000000f568        0x0
 .iplt          0x000000000000f568        0x0 arch/arm/cpu/armv8/start.o

.rodata         0x000000000000f568     0x2854
                0x000000000000f568                . = ALIGN (0x8)
 *(SORT_BY_ALIGNMENT(SORT_BY_NAME(.rodata*)))
 .rodata.boot_devices
                0x000000000000f568       0x58 arch/arm/mach-rockchip/built-in.o
                0x000000000000f568                boot_devices
 .rodata.clk_fixed_rate_match
                0x000000000000f5c0       0x20 drivers/built-in.o
 .rodata.clk_fixed_rate_ops
                0x000000000000f5e0       0x50 drivers/built-in.o
                0x000000000000f5e0                clk_fixed_rate_ops
 .rodata.dm_dwmci_ops
                0x000000000000f630       0x38 drivers/built-in.o
                0x000000000000f630                dm_dwmci_ops
 .rodata.dmc_ids
                0x000000000000f668       0x20 drivers/built-in.o
 .rodata.fdt_errtable
                0x000000000000f688       0x90 lib/built-in.o
 .rodata.generic_simple_bus_ids
                0x000000000000f718       0x30 drivers/built-in.o
 .rodata.generic_syscon_ids
                0x000000000000f748       0x20 drivers/built-in.o
 .rodata.mmc_blk_ops
                0x000000000000f768       0x20 drivers/built-in.o
 .rodata.ns16550_serial_ids
                0x000000000000f788       0xc0 drivers/built-in.o
 .rodata.ns16550_serial_ops
                0x000000000000f848       0x28 drivers/built-in.o
                0x000000000000f848                ns16550_serial_ops
 .rodata.psci_of_match
                0x000000000000f870       0x40 drivers/built-in.o
 .rodata.px30_clk_ids
                0x000000000000f8b0       0x20 drivers/built-in.o
 .rodata.px30_pmuclk_ids
                0x000000000000f8d0       0x20 drivers/built-in.o
 .rodata.px30_syscon_ids
                0x000000000000f8f0       0x40 arch/arm/mach-rockchip/built-in.o
 .rodata.rockchip_dwmmc_ids
                0x000000000000f930       0x30 drivers/built-in.o
 .rodata.root_info
                0x000000000000f960       0x10 drivers/built-in.o
 .rodata.uimage_comp
                0x000000000000f970       0xa8 common/built-in.o
 .rodata.uimage_os
                0x000000000000fa18      0x108 common/built-in.o
 .rodata        0x000000000000fb20       0x14 common/spl/built-in.o
 .rodata._vprintf
                0x000000000000fb34       0x12 lib/built-in.o
 *fill*         0x000000000000fb46        0x2 
 .rodata.fdt_next_tag
                0x000000000000fb48        0x9 lib/built-in.o
 *fill*         0x000000000000fb51        0x3 
 .rodata.mmc_set_capacity
                0x000000000000fb54        0x8 drivers/built-in.o
 .rodata.mmc_startup
                0x000000000000fb5c       0x14 drivers/built-in.o
 .rodata.pll_mode_mask
                0x000000000000fb70       0x14 drivers/built-in.o
 .rodata.px30_clk_get_rate
                0x000000000000fb84       0x3d drivers/built-in.o
 *fill*         0x000000000000fbc1        0x3 
 .rodata.px30_clk_set_rate
                0x000000000000fbc4       0x70 drivers/built-in.o
 .rodata.px30_i2c_get_clk
                0x000000000000fc34        0x4 drivers/built-in.o
 .rodata.sd_au_size
                0x000000000000fc38       0x40 drivers/built-in.o
 .rodata.spl_bootdev_map
                0x000000000000fc78       0x4c arch/arm/mach-rockchip/built-in.o
 .rodata.CSWTCH.14
                0x000000000000fcc4        0xa arch/arm/mach-rockchip/built-in.o
 .rodata.__FUNCTION__.0
                0x000000000000fcce       0x17 common/built-in.o
 .rodata.__func__.0
                0x000000000000fce5       0x15 common/built-in.o
 .rodata.__func__.0
                0x000000000000fcfa       0x5b drivers/built-in.o
 .rodata.__func__.1
                0x000000000000fd55       0x2b drivers/built-in.o
 .rodata.__func__.2
                0x000000000000fd80       0x14 common/built-in.o
 .rodata.__func__.2
                0x000000000000fd94       0x35 drivers/built-in.o
 .rodata.__func__.3
                0x000000000000fdc9       0x18 common/built-in.o
 .rodata.__func__.3
                0x000000000000fde1       0x2d drivers/built-in.o
 .rodata.__func__.4
                0x000000000000fe0e        0xf drivers/built-in.o
 .rodata.__func__.5
                0x000000000000fe1d       0x14 drivers/built-in.o
 .rodata.__func__.6
                0x000000000000fe31       0x14 drivers/built-in.o
 .rodata.__func__.7
                0x000000000000fe45        0xe drivers/built-in.o
 .rodata.__func__.8
                0x000000000000fe53       0x12 drivers/built-in.o
 .rodata.__func__.9
                0x000000000000fe65       0x12 drivers/built-in.o
 .rodata.__of_parse_phandle_with_args.constprop.0.str1.1
                0x000000000000fe77       0x31 drivers/built-in.o
 .rodata._ctype
                0x000000000000fea8      0x100 lib/built-in.o
                0x000000000000fea8                _ctype
 .rodata.atags_bad_magic.str1.1
                0x000000000000ffa8       0x1a arch/arm/mach-rockchip/built-in.o
 .rodata.atags_overflow.str1.1
                0x000000000000ffc2       0x11 arch/arm/mach-rockchip/built-in.o
 .rodata.blk_create_devicef.str1.1
                0x000000000000ffd3        0x6 drivers/built-in.o
 .rodata.board_boot_order.str1.1
                0x000000000000ffd9       0x2a arch/arm/mach-rockchip/built-in.o
 .rodata.board_init_f.str1.1
                0x0000000000010003       0x33 arch/arm/mach-rockchip/built-in.o
 .rodata.board_init_r.str1.1
                0x0000000000010036       0xc7 common/spl/built-in.o
 .rodata.clk_fixed_rate_ofdata_to_platdata.str1.1
                0x00000000000100fd       0x10 drivers/built-in.o
 .rodata.clk_get_by_index.str1.1
                0x000000000001010d        0xd drivers/built-in.o
                                          0x7 (size before relaxing)
 .rodata.clk_get_by_indexed_prop.str1.1
                0x000000000001010d        0xd drivers/built-in.o
 .rodata.clk_get_by_name.str1.1
                0x000000000001011a        0xc drivers/built-in.o
 .rodata.clk_set_defaults.str1.1
                0x0000000000010126       0x3c drivers/built-in.o
 .rodata.devfdt_get_addr_index.str1.1
                0x0000000000010162        0x4 drivers/built-in.o
 .rodata.device_bind_common.constprop.0.str1.1
                0x0000000000010162       0x22 drivers/built-in.o
 .rodata.dm_extended_scan_fdt.str1.1
                0x0000000000010184        0x8 drivers/built-in.o
 .rodata.dm_fdt_pre_reloc.str1.1
                0x000000000001018c       0x22 drivers/built-in.o
 .rodata.dm_mmc_send_cmd.str1.1
                0x000000000001018c       0x2b drivers/built-in.o
 .rodata.do_bad_error.str1.1
                0x00000000000101b7       0x29 arch/arm/lib/built-in.o
 .rodata.do_bad_fiq.str1.1
                0x00000000000101e0       0x27 arch/arm/lib/built-in.o
 .rodata.do_bad_irq.str1.1
                0x0000000000010207       0x27 arch/arm/lib/built-in.o
 .rodata.do_bad_sync.str1.1
                0x000000000001022e       0x48 arch/arm/lib/built-in.o
 .rodata.do_error.str1.1
                0x0000000000010276       0x29 arch/arm/lib/built-in.o
                                         0x1d (size before relaxing)
 .rodata.do_fiq.str1.1
                0x0000000000010276       0x29 arch/arm/lib/built-in.o
                                         0x1b (size before relaxing)
 .rodata.do_irq.str1.1
                0x0000000000010276       0x29 arch/arm/lib/built-in.o
                                         0x1b (size before relaxing)
 .rodata.do_sync.str1.1
                0x0000000000010276       0x29 arch/arm/lib/built-in.o
 .rodata.dump_core_stack.str1.1
                0x0000000000010276       0xc4 arch/arm/lib/built-in.o
                                         0xd6 (size before relaxing)
 .rodata.dwmci_setup_cfg.str1.1
                0x000000000001033a       0x1b drivers/built-in.o
 .rodata.fdt_address_cells.str1.1
                0x0000000000010355        0xf lib/built-in.o
 .rodata.fdt_find_or_add_subnode.str1.1
                0x0000000000010364        0xc common/built-in.o
 .rodata.fdt_fixup_memory_banks.str1.1
                0x0000000000010370       0x8c common/built-in.o
 .rodata.fdt_get_alias_namelen.str1.1
                0x00000000000103fc        0x9 lib/built-in.o
 .rodata.fdt_get_phandle.str1.1
                0x0000000000010405        0xe lib/built-in.o
                                         0x16 (size before relaxing)
 .rodata.fdt_node_check_compatible.str1.1
                0x0000000000010413        0xb lib/built-in.o
 .rodata.fdt_record_loadable.str1.1
                0x000000000001041e        0xc common/built-in.o
                                         0x36 (size before relaxing)
 .rodata.fdt_size_cells.str1.1
                0x000000000001041e        0xc lib/built-in.o
 .rodata.fdt_strerror.str1.1
                0x000000000001041e       0x31 lib/built-in.o
 .rodata.fdt_support_default_count_cells.str1.1
                0x000000000001044f        0xc common/built-in.o
 .rodata.fdt_translate_address.str1.1
                0x000000000001045b       0x22 common/built-in.o
 .rodata.fdtdec_add_aliases_for_id.str1.1
                0x000000000001047d        0x9 lib/built-in.o
 .rodata.fdtdec_get_is_enabled.str1.1
                0x000000000001047d        0xc lib/built-in.o
 .rodata.fdtdec_prepare_fdt.str1.1
                0x0000000000010489        0xd lib/built-in.o
 .rodata.find_mmc_device.str1.1
                0x0000000000010496       0x19 drivers/built-in.o
 .rodata.fit_board_verify_required_sigs.str1.1
                0x00000000000104af       0x16 arch/arm/mach-rockchip/built-in.o
 .rodata.fit_find_config_node.str1.1
                0x00000000000104c5       0x3c common/built-in.o
                                         0x48 (size before relaxing)
 .rodata.fit_get_desc.str1.1
                0x0000000000010501        0xc common/built-in.o
 .rodata.fit_image_check_hash.str1.1
                0x0000000000010501       0x6d common/built-in.o
                                         0x70 (size before relaxing)
 .rodata.fit_image_get_address.str1.1
                0x000000000001056e       0x1d common/built-in.o
 .rodata.fit_image_get_comp.str1.1
                0x000000000001058b        0xc common/built-in.o
 .rodata.fit_image_get_comp_addr.str1.1
                0x000000000001058b        0x5 common/built-in.o
 .rodata.fit_image_get_data.str1.1
                0x0000000000010590        0x5 common/built-in.o
 .rodata.fit_image_get_data_offset.str1.1
                0x0000000000010595        0xc common/built-in.o
 .rodata.fit_image_get_data_position.str1.1
                0x00000000000105a1        0xe common/built-in.o
 .rodata.fit_image_get_data_size.str1.1
                0x00000000000105af        0xa common/built-in.o
 .rodata.fit_image_get_load.str1.1
                0x00000000000105b9       0x1d common/built-in.o
                                          0x5 (size before relaxing)
 .rodata.fit_image_get_os.str1.1
                0x00000000000105b9        0x3 common/built-in.o
 .rodata.fit_image_hash_get_algo.str1.1
                0x00000000000105b9        0x5 common/built-in.o
 .rodata.fit_image_hash_get_value.str1.1
                0x00000000000105be        0x6 common/built-in.o
 .rodata.fit_image_verify_with_data.str1.1
                0x00000000000105c4       0x56 common/built-in.o
                                         0x57 (size before relaxing)
 .rodata.genimg_get_comp_id.str1.1
                0x000000000001061a        0xc common/built-in.o
 .rodata.genimg_get_os_id.str1.1
                0x0000000000010626       0x21 common/built-in.o
                                          0x3 (size before relaxing)
 .rodata.hang.str1.1
                0x0000000000010626       0x2a lib/built-in.o
 .rodata.lists_bind_fdt.str1.1
                0x0000000000010650        0xb drivers/built-in.o
 .rodata.memalign_simple.str1.1
                0x0000000000010650       0x21 common/built-in.o
 .rodata.mmc_bind.str1.1
                0x0000000000010671        0x8 drivers/built-in.o
                                          0xc (size before relaxing)
 .rodata.mmc_bread.str1.1
                0x0000000000010679       0x66 drivers/built-in.o
 .rodata.mmc_init.str1.1
                0x00000000000106df       0x12 drivers/built-in.o
 .rodata.mmc_read_blocks.str1.1
                0x00000000000106f1       0x1b drivers/built-in.o
 .rodata.mmc_send_status.str1.1
                0x000000000001070c       0x32 drivers/built-in.o
 .rodata.mmc_start_init.str1.1
                0x000000000001073e       0x3f drivers/built-in.o
 .rodata.mmc_startup.str1.1
                0x000000000001077d       0x3b drivers/built-in.o
 .rodata.ns16550_serial_ofdata_to_platdata.str1.1
                0x00000000000107b8       0x3a drivers/built-in.o
                                         0x4a (size before relaxing)
 .rodata.of_address_to_resource.str1.1
                0x00000000000107f2        0xa drivers/built-in.o
 .rodata.of_device_is_compatible.str1.1
                0x00000000000107fc        0xb drivers/built-in.o
 .rodata.of_find_node_opts_by_path.str1.1
                0x00000000000107fc        0x5 drivers/built-in.o
 .rodata.of_get_address.str1.1
                0x0000000000010801        0x4 drivers/built-in.o
 .rodata.of_match_bus.str1.1
                0x0000000000010801       0x30 drivers/built-in.o
 .rodata.of_n_addr_cells.str1.1
                0x0000000000010831        0xf drivers/built-in.o
 .rodata.of_n_size_cells.str1.1
                0x0000000000010831        0xc drivers/built-in.o
 .rodata.of_translate_address.str1.1
                0x0000000000010831        0x7 drivers/built-in.o
 .rodata.pll_mode_shift
                0x0000000000010831        0x5 drivers/built-in.o
 .rodata.preloader_console_init.str1.1
                0x0000000000010836       0x3e common/spl/built-in.o
 .rodata.psci_bind.str1.1
                0x0000000000010874       0x28 drivers/built-in.o
 .rodata.psci_probe.str1.1
                0x000000000001089c       0x49 drivers/built-in.o
 .rodata.px30_bus_set_clk.str1.1
                0x00000000000108e5       0x1e drivers/built-in.o
 .rodata.px30_clk_bind.str1.1
                0x0000000000010903        0xf drivers/built-in.o
                                         0x30 (size before relaxing)
 .rodata.px30_clk_probe.str1.1
                0x0000000000010912       0x5c drivers/built-in.o
 .rodata.px30_clk_set_rate.str1.1
                0x000000000001096e       0x2b drivers/built-in.o
 .rodata.px30_gpll_set_pmuclk.str1.1
                0x0000000000010999       0x37 drivers/built-in.o
 .rodata.px30_i2c_get_clk.str1.1
                0x00000000000109d0       0x1d drivers/built-in.o
 .rodata.px30_i2s_get_clk.isra.0.str1.1
                0x00000000000109ed       0x1d drivers/built-in.o
 .rodata.px30_peri_set_clk.str1.1
                0x0000000000010a0a       0x1f drivers/built-in.o
 .rodata.px30_pmuclk_probe.str1.1
                0x0000000000010a29       0x38 drivers/built-in.o
 .rodata.px30_pwm_get_clk.str1.1
                0x0000000000010a61       0x1d drivers/built-in.o
 .rodata.regmap_init_mem.str1.1
                0x0000000000010a7e        0x4 drivers/built-in.o
 .rodata.rkclk_set_pll.str1.1
                0x0000000000010a7e       0x9f drivers/built-in.o
 .rodata.rockchip_dwmmc_execute_tuning.str1.1
                0x0000000000010b1d       0x14 drivers/built-in.o
 .rodata.rockchip_dwmmc_ofdata_to_platdata.str1.1
                0x0000000000010b31       0x4e drivers/built-in.o
 .rodata.rockchip_dwmmc_probe.str1.1
                0x0000000000010b7f       0x2f drivers/built-in.o
 .rodata.save_boot_params.str1.1
                0x0000000000010bae       0x30 arch/arm/mach-rockchip/built-in.o
 .rodata.show_regs.str1.1
                0x0000000000010bde       0x50 arch/arm/lib/built-in.o
                                         0x52 (size before relaxing)
 .rodata.simple_bus_post_bind.str1.1
                0x0000000000010c2e        0x7 drivers/built-in.o
 .rodata.spl_cleanup_before_jump.str1.1
                0x0000000000010c2e       0x1c common/spl/built-in.o
 .rodata.spl_fit_append_fdt.isra.0.str1.1
                0x0000000000010c4a        0x4 common/spl/built-in.o
 .rodata.spl_fit_get_image_name.constprop.0.str1.1
                0x0000000000010c4e       0x39 common/spl/built-in.o
 .rodata.spl_fit_images_find.str1.1
                0x0000000000010c87        0xc common/spl/built-in.o
                                          0xf (size before relaxing)
 .rodata.spl_fit_images_get_entry.str1.1
                0x0000000000010c93       0x16 common/spl/built-in.o
 .rodata.spl_hang_reset.str1.1
                0x0000000000010ca9       0x20 arch/arm/mach-rockchip/built-in.o
 .rodata.spl_load_fit_image.str1.1
                0x0000000000010cc9       0x78 common/spl/built-in.o
 .rodata.spl_load_simple_fit.str1.1
                0x0000000000010d41       0xb7 common/spl/built-in.o
                                         0xc5 (size before relaxing)
 .rodata.spl_mmc_find_device.str1.1
                0x0000000000010df8       0x78 common/spl/built-in.o
 .rodata.spl_mmc_load_image.str1.1
                0x0000000000010e70       0x62 common/spl/built-in.o
 .rodata.spl_set_header_raw_uboot.str1.1
                0x0000000000010ed2        0x7 common/spl/built-in.o
 .rodata.str1.1
                0x0000000000010ed9       0x45 arch/arm/mach-rockchip/built-in.o
 .rodata.str1.1
                0x0000000000010f1e       0x11 common/spl/built-in.o
 .rodata.str1.1
                0x0000000000010f2f      0x64a common/built-in.o
                                        0x6a8 (size before relaxing)
 .rodata.str1.1
                0x0000000000011579      0x486 lib/built-in.o
 .rodata.str1.1
                0x00000000000119ff      0x2fd drivers/built-in.o
                                        0x34f (size before relaxing)
 .rodata.tuning_blk_pattern_4bit
                0x0000000000011cfc       0x40 drivers/built-in.o
 .rodata.tuning_blk_pattern_8bit
                0x0000000000011d3c       0x80 drivers/built-in.o

.rela.dyn       0x0000000000011dc0        0x0
 .rela.iplt     0x0000000000011dc0        0x0 arch/arm/cpu/armv8/start.o
 .rela.text.board_spl_was_booted_from
                0x0000000000011dc0        0x0 arch/arm/cpu/armv8/start.o
 .rela.text.fdtdec_setup
                0x0000000000011dc0        0x0 arch/arm/cpu/armv8/start.o

.data           0x0000000000011dc0      0x370
                0x0000000000011dc0                . = ALIGN (0x8)
 *(.data*)
 .data          0x0000000000011dc0       0x68 arch/arm/mach-rockchip/built-in.o
 .data          0x0000000000011e28       0xa8 common/spl/built-in.o
 .data.of_busses
                0x0000000000011ed0       0x30 common/built-in.o
 .data.px30_clk_ops
                0x0000000000011f00       0x50 drivers/built-in.o
 .data.px30_cpu_rates
                0x0000000000011f50       0x50 drivers/built-in.o
 .data.px30_pll_rates
                0x0000000000011fa0       0xe0 drivers/built-in.o
 .data.px30_pmuclk_ops
                0x0000000000012080       0x50 drivers/built-in.o
 .data.aliases_lookup
                0x00000000000120d0       0x10 drivers/built-in.o
                0x00000000000120d0                aliases_lookup
 .data.of_busses
                0x00000000000120e0       0x38 drivers/built-in.o
 .data.rockchip_sysreset
                0x0000000000012118       0x10 drivers/built-in.o
 .data.dmc_ops  0x0000000000012128        0x8 drivers/built-in.o

.igot.plt       0x0000000000012130        0x0
 .igot.plt      0x0000000000012130        0x0 arch/arm/cpu/armv8/start.o

.__rel_dyn_end  0x0000000000012130        0x0
 .__rel_dyn_end
                0x0000000000012130        0x0 arch/arm/lib/built-in.o

.__rel_dyn_start
                0x0000000000012130        0x0
 .__rel_dyn_start
                0x0000000000012130        0x0 arch/arm/lib/built-in.o

.u_boot_list    0x0000000000012130      0xcd0
                0x0000000000012130                . = ALIGN (0x8)
 *(SORT_BY_NAME(.u_boot_list*))
 .u_boot_list_2_cmd_1
                0x0000000000012130        0x0 common/built-in.o
 .u_boot_list_2_cmd_3
                0x0000000000012130        0x0 common/built-in.o
 .u_boot_list_2_driver_1
                0x0000000000012130        0x0 drivers/built-in.o
 .u_boot_list_2_driver_2_clk_fixed_rate
                0x0000000000012130       0x78 drivers/built-in.o
                0x0000000000012130                _u_boot_list_2_driver_2_clk_fixed_rate
 .u_boot_list_2_driver_2_dmc_tiny
                0x00000000000121a8       0x78 drivers/built-in.o
                0x00000000000121a8                _u_boot_list_2_driver_2_dmc_tiny
 .u_boot_list_2_driver_2_firmware
                0x0000000000012220       0x78 drivers/built-in.o
                0x0000000000012220                _u_boot_list_2_driver_2_firmware
 .u_boot_list_2_driver_2_generic_syscon
                0x0000000000012298       0x78 drivers/built-in.o
                0x0000000000012298                _u_boot_list_2_driver_2_generic_syscon
 .u_boot_list_2_driver_2_mmc
                0x0000000000012310       0x78 drivers/built-in.o
                0x0000000000012310                _u_boot_list_2_driver_2_mmc
 .u_boot_list_2_driver_2_mmc_blk
                0x0000000000012388       0x78 drivers/built-in.o
                0x0000000000012388                _u_boot_list_2_driver_2_mmc_blk
 .u_boot_list_2_driver_2_ns16550_serial
                0x0000000000012400       0x78 drivers/built-in.o
                0x0000000000012400                _u_boot_list_2_driver_2_ns16550_serial
 .u_boot_list_2_driver_2_psci
                0x0000000000012478       0x78 drivers/built-in.o
                0x0000000000012478                _u_boot_list_2_driver_2_psci
 .u_boot_list_2_driver_2_rockchip_dwmmc_drv
                0x00000000000124f0       0x78 drivers/built-in.o
                0x00000000000124f0                _u_boot_list_2_driver_2_rockchip_dwmmc_drv
 .u_boot_list_2_driver_2_rockchip_px30_cru
                0x0000000000012568       0x78 drivers/built-in.o
                0x0000000000012568                _u_boot_list_2_driver_2_rockchip_px30_cru
 .u_boot_list_2_driver_2_rockchip_px30_pmucru
                0x00000000000125e0       0x78 drivers/built-in.o
                0x00000000000125e0                _u_boot_list_2_driver_2_rockchip_px30_pmucru
 .u_boot_list_2_driver_2_root_driver
                0x0000000000012658       0x78 drivers/built-in.o
                0x0000000000012658                _u_boot_list_2_driver_2_root_driver
 .u_boot_list_2_driver_2_simple_bus_drv
                0x00000000000126d0       0x78 drivers/built-in.o
                0x00000000000126d0                _u_boot_list_2_driver_2_simple_bus_drv
 .u_boot_list_2_driver_2_syscon_px30
                0x0000000000012748       0x78 arch/arm/mach-rockchip/built-in.o
                0x0000000000012748                _u_boot_list_2_driver_2_syscon_px30
 .u_boot_list_2_driver_2_sysreset_rockchip
                0x00000000000127c0       0x78 drivers/built-in.o
                0x00000000000127c0                _u_boot_list_2_driver_2_sysreset_rockchip
 .u_boot_list_2_driver_3
                0x0000000000012838        0x0 drivers/built-in.o
 .u_boot_list_2_driver_info_1
                0x0000000000012838        0x0 drivers/built-in.o
 .u_boot_list_2_driver_info_3
                0x0000000000012838        0x0 drivers/built-in.o
 .u_boot_list_2_env_driver_1
                0x0000000000012838        0x0 env/built-in.o
 .u_boot_list_2_env_driver_3
                0x0000000000012838        0x0 env/built-in.o
 .u_boot_list_2_fit_loadable_1
                0x0000000000012838        0x0 common/built-in.o
 .u_boot_list_2_fit_loadable_3
                0x0000000000012838        0x0 common/built-in.o
 .u_boot_list_2_spl_image_loader_1
                0x0000000000012838        0x0 common/spl/built-in.o
 .u_boot_list_2_spl_image_loader_2_spl_mmc_load_image0BOOT_DEVICE_MMC1
                0x0000000000012838       0x18 common/spl/built-in.o
                0x0000000000012838                _u_boot_list_2_spl_image_loader_2_spl_mmc_load_image0BOOT_DEVICE_MMC1
 .u_boot_list_2_spl_image_loader_2_spl_mmc_load_image0BOOT_DEVICE_MMC2
                0x0000000000012850       0x18 common/spl/built-in.o
                0x0000000000012850                _u_boot_list_2_spl_image_loader_2_spl_mmc_load_image0BOOT_DEVICE_MMC2
 .u_boot_list_2_spl_image_loader_2_spl_mmc_load_image0BOOT_DEVICE_MMC2_2
                0x0000000000012868       0x18 common/spl/built-in.o
                0x0000000000012868                _u_boot_list_2_spl_image_loader_2_spl_mmc_load_image0BOOT_DEVICE_MMC2_2
 .u_boot_list_2_spl_image_loader_3
                0x0000000000012880        0x0 common/spl/built-in.o
 .u_boot_list_2_uclass_1
                0x0000000000012880        0x0 drivers/built-in.o
 .u_boot_list_2_uclass_2_blk
                0x0000000000012880       0x80 drivers/built-in.o
                0x0000000000012880                _u_boot_list_2_uclass_2_blk
 .u_boot_list_2_uclass_2_clk
                0x0000000000012900       0x80 drivers/built-in.o
                0x0000000000012900                _u_boot_list_2_uclass_2_clk