drivers/core/ofnode.c:19:5:ofnode_read_u32	48	static
drivers/core/ofnode.c:43:5:ofnode_read_u32_default	32	static
drivers/core/ofnode.c:51:5:ofnode_read_s32_default	32	static
drivers/core/ofnode.c:59:5:ofnode_read_u64	16	static
drivers/core/ofnode.c:88:13:ofnode_read_string	48	static
drivers/core/ofnode.c:121:8:ofnode_find_subnode	32	static
drivers/core/ofnode.c:147:5:ofnode_read_u32_array	0	static
drivers/core/ofnode.c:163:5:ofnode_write_u32_array	0	static
drivers/core/ofnode.c:178:8:ofnode_first_subnode	16	static
drivers/core/ofnode.c:188:8:ofnode_next_subnode	16	static
drivers/core/ofnode.c:198:8:ofnode_get_parent	16	static
drivers/core/ofnode.c:212:13:ofnode_get_name	16	static
drivers/core/ofnode.c:224:8:ofnode_get_by_phandle	16	static
drivers/core/ofnode.c:237:5:ofnode_read_size	32	static
drivers/core/ofnode.c:418:12:decode_timing_property	48	static
drivers/core/ofnode.c:256:12:ofnode_get_addr_index	48	static
drivers/core/ofnode.c:278:12:ofnode_get_addr	0	static
drivers/core/ofnode.c:283:5:ofnode_stringlist_search	16	static
drivers/core/ofnode.c:304:5:ofnode_read_string_index	48	static
drivers/core/ofnode.c:321:5:ofnode_read_string_count	0	static
drivers/core/ofnode.c:349:5:ofnode_parse_phandle_with_args	112	static
drivers/core/ofnode.c:378:5:ofnode_count_phandle_with_args	0	static
drivers/core/ofnode.c:390:8:ofnode_path	16	static
drivers/core/ofnode.c:398:13:ofnode_get_chosen_prop	32	static
drivers/core/ofnode.c:407:8:ofnode_get_chosen_node	16	static
drivers/core/ofnode.c:506:13:ofnode_get_property	0	static
drivers/core/ofnode.c:74:6:ofnode_read_bool	16	static
drivers/core/ofnode.c:441:5:ofnode_decode_display_timing	48	static
drivers/core/ofnode.c:515:5:ofnode_get_first_property	32	static
drivers/core/ofnode.c:534:5:ofnode_get_next_property	32	static
drivers/core/ofnode.c:551:13:ofnode_get_property_by_prop	0	static
drivers/core/ofnode.c:563:6:ofnode_is_available	16	static
drivers/core/ofnode.c:572:12:ofnode_get_addr_size	64	static
drivers/core/ofnode.c:594:16:ofnode_read_u8_array_ptr	48	static
drivers/core/ofnode.c:612:5:ofnode_read_pci_addr	48	static
drivers/core/ofnode.c:666:5:ofnode_read_addr_cells	0	static
drivers/core/ofnode.c:674:5:ofnode_read_size_cells	0	static
drivers/core/ofnode.c:682:5:ofnode_read_simple_addr_cells	0	static
drivers/core/ofnode.c:690:5:ofnode_read_simple_size_cells	0	static
drivers/core/ofnode.c:698:6:ofnode_pre_reloc	32	static
drivers/core/ofnode.c:722:5:ofnode_read_resource	48	static
drivers/core/ofnode.c:742:5:ofnode_read_resource_byname	32	static
drivers/core/ofnode.c:754:5:ofnode_translate_address	0	static
