drivers/core/read.c:14:5:dev_read_u32_default	0	static
drivers/core/read.c:19:5:dev_read_s32_default	0	static
drivers/core/read.c:24:13:dev_read_string	0	static
drivers/core/read.c:29:6:dev_read_bool	0	static
drivers/core/read.c:34:8:dev_read_subnode	0	static
drivers/core/read.c:39:8:dev_read_first_subnode	0	static
drivers/core/read.c:44:8:dev_read_next_subnode	0	static
drivers/core/read.c:49:5:dev_read_size	0	static
drivers/core/read.c:54:12:dev_read_addr_index	0	static
drivers/core/read.c:62:12:dev_read_addr	0	static
drivers/core/read.c:67:7:dev_remap_addr_index	16	static
drivers/core/read.c:77:7:dev_read_addr_ptr	16	static
drivers/core/read.c:84:12:dev_read_addr_size	0	static
drivers/core/read.c:90:13:dev_read_name	0	static
drivers/core/read.c:98:5:dev_read_stringlist_search	0	static
drivers/core/read.c:104:5:dev_read_string_index	0	static
drivers/core/read.c:110:5:dev_read_string_count	0	static
drivers/core/read.c:115:5:dev_read_phandle_with_args	0	static
drivers/core/read.c:125:5:dev_count_phandle_with_args	0	static
drivers/core/read.c:133:5:dev_read_addr_cells	0	static
drivers/core/read.c:138:5:dev_read_size_cells	0	static
drivers/core/read.c:143:5:dev_read_simple_addr_cells	0	static
drivers/core/read.c:148:5:dev_read_simple_size_cells	0	static
drivers/core/read.c:153:5:dev_read_phandle	0	static
drivers/core/read.c:163:13:dev_read_prop	0	static
drivers/core/read.c:168:5:dev_read_first_prop	0	static
drivers/core/read.c:173:5:dev_read_next_prop	0	static
drivers/core/read.c:178:13:dev_read_prop_by_prop	0	static
drivers/core/read.c:184:5:dev_read_alias_seq	32	static
drivers/core/read.c:202:5:dev_read_u32_array	0	static
drivers/core/read.c:210:5:dev_write_u32_array	0	static
drivers/core/read.c:218:16:dev_read_u8_array_ptr	0	static
drivers/core/read.c:224:5:dev_read_enabled	16	static
drivers/core/read.c:235:5:dev_read_resource	0	static
drivers/core/read.c:240:5:dev_read_resource_byname	0	static
drivers/core/read.c:246:5:dev_translate_address	0	static
