lib/avb/rk_avb_user/rk_ab_ops_user.c:310:13:slot_is_bootable	0	static
lib/avb/rk_avb_user/rk_ab_ops_user.c:74:13:slot_normalize	0	static
lib/avb/rk_avb_user/rk_ab_ops_user.c:95:13:save_metadata_if_changed	0	static
lib/avb/rk_avb_user/rk_ab_ops_user.c:106:6:avb_ab_data_verify_and_byteswap	32	static
lib/avb/rk_avb_user/rk_ab_ops_user.c:134:6:avb_ab_data_update_crc_and_byteswap	32	static
lib/avb/rk_avb_user/rk_ab_ops_user.c:141:6:avb_ab_data_init	32	static
lib/avb/rk_avb_user/rk_ab_ops_user.c:195:13:avb_ab_data_write	64	static
lib/avb/rk_avb_user/rk_ab_ops_user.c:164:13:avb_ab_data_read	96	static
lib/avb/rk_avb_user/rk_ab_ops_user.c:219:13:load_metadata	48	static
lib/avb/rk_avb_user/rk_ab_ops_user.c:240:5:rk_avb_read_slot_count	0	static
lib/avb/rk_avb_user/rk_ab_ops_user.c:247:5:rk_avb_read_slot_suffixes	32	static
lib/avb/rk_avb_user/rk_ab_ops_user.c:255:13:avb_ab_mark_slot_active	96	static
lib/avb/rk_avb_user/rk_ab_ops_user.c:289:5:rk_avb_set_slot_active	32	static
lib/avb/rk_avb_user/rk_ab_ops_user.c:315:17:rk_avb_ab_slot_select	64	static
lib/avb/rk_avb_user/rk_ab_ops_user.c:362:13:avb_ab_mark_slot_unbootable	96	static
lib/avb/rk_avb_user/rk_ab_ops_user.c:386:13:avb_ab_mark_slot_successful	96	static
lib/avb/rk_avb_user/rk_ab_ops_user.c:417:5:rk_get_lastboot	64	static
lib/avb/rk_avb_user/rk_ab_ops_user.c:444:5:rk_avb_get_current_slot	32	static
lib/avb/rk_avb_user/rk_ab_ops_user.c:472:6:rk_avb_ab_have_bootable_slot	32	static
lib/avb/rk_avb_user/rk_ab_ops_user.c:482:5:rk_avb_append_part_slot	64	static
