lib/avb/rk_avb_user/rk_avb_ops_user.c:31:5:rk_avb_get_pub_key	32	static
lib/avb/rk_avb_user/rk_avb_ops_user.c:44:5:rk_avb_get_perm_attr_cer	16	static
lib/avb/rk_avb_user/rk_avb_ops_user.c:58:5:rk_avb_set_perm_attr_cer	16	static
lib/avb/rk_avb_user/rk_avb_ops_user.c:70:5:rk_avb_read_permanent_attributes	16	static
lib/avb/rk_avb_user/rk_avb_ops_user.c:84:5:rk_avb_write_permanent_attributes	16	static
lib/avb/rk_avb_user/rk_avb_ops_user.c:98:5:rk_avb_read_flash_lock_state	32	static
lib/avb/rk_avb_user/rk_avb_ops_user.c:130:5:rk_avb_write_flash_lock_state	16	static
lib/avb/rk_avb_user/rk_avb_ops_user.c:144:5:rk_avb_write_lock_state	16	static
lib/avb/rk_avb_user/rk_avb_ops_user.c:158:5:rk_avb_read_lock_state	48	static
lib/avb/rk_avb_user/rk_avb_ops_user.c:198:5:rk_avb_write_perm_attr_flag	16	static
lib/avb/rk_avb_user/rk_avb_ops_user.c:212:5:rk_avb_read_perm_attr_flag	32	static
lib/avb/rk_avb_user/rk_avb_ops_user.c:243:5:rk_avb_read_vbootkey_hash	16	static
lib/avb/rk_avb_user/rk_avb_ops_user.c:258:5:rk_avb_write_vbootkey_hash	16	static
lib/avb/rk_avb_user/rk_avb_ops_user.c:273:5:rk_avb_close_optee_client	16	static
lib/avb/rk_avb_user/rk_avb_ops_user.c:287:5:rk_avb_read_attribute_hash	16	static
lib/avb/rk_avb_user/rk_avb_ops_user.c:302:5:rk_avb_write_attribute_hash	16	static
lib/avb/rk_avb_user/rk_avb_ops_user.c:317:5:rk_avb_read_all_rollback_index	96	static
lib/avb/rk_avb_user/rk_avb_ops_user.c:380:5:rk_avb_read_bootloader_locked_flag	16	static
lib/avb/rk_avb_user/rk_avb_ops_user.c:392:5:rk_bootloader_rollback_index_read	320	static
lib/avb/rk_avb_user/rk_avb_ops_user.c:438:5:rk_avb_get_bootloader_min_version	80	static
lib/avb/rk_avb_user/rk_avb_ops_user.c:471:6:rk_avb_get_at_vboot_state	128	static
lib/avb/rk_avb_user/rk_avb_ops_user.c:542:5:rk_avb_get_ab_info	32	static
lib/avb/rk_avb_user/rk_avb_ops_user.c:565:5:rk_avb_get_part_has_slot_info	208	static
lib/avb/rk_avb_user/rk_avb_ops_user.c:605:5:rk_auth_unlock	48	static
lib/avb/rk_avb_user/rk_avb_ops_user.c:628:5:rk_generate_unlock_challenge	48	static
lib/avb/rk_avb_user/rk_avb_ops_user.c:649:5:rk_avb_init_ab_metadata	64	static
lib/avb/rk_avb_user/rk_avb_ops_user.c:680:5:rk_avb_write_perm_attr	1280	static
lib/avb/rk_avb_user/rk_avb_ops_user.c:801:5:rk_avb_read_perm_attr	0	static
lib/avb/rk_avb_user/rk_avb_ops_user.c:822:5:rk_avb_update_stored_rollback_indexes_for_slot	48	static
