arch/arm/cpu/armv8/cache_v8.c:268:12:count_required_pts	64	static
arch/arm/cpu/armv8/cache_v8.c:143:13:create_table	32	static
arch/arm/cpu/armv8/cache_v8.c:171:13:split_block	48	static
arch/arm/cpu/armv8/cache_v8.c:38:5:get_tcr	0	static
arch/arm/cpu/armv8/cache_v8.c:104:13:find_pte	32	static
arch/arm/cpu/armv8/cache_v8.c:508:12:set_one_region	32	static
arch/arm/cpu/armv8/cache_v8.c:335:12:get_page_table_size	32	static
arch/arm/cpu/armv8/cache_v8.c:364:6:setup_pgtables	96	static
arch/arm/cpu/armv8/cache_v8.c:405:13:mmu_setup	32	static
arch/arm/cpu/armv8/cache_v8.c:424:6:invalidate_dcache_all	16	static
arch/arm/cpu/armv8/cache_v8.c:435:13:flush_dcache_all	16	static
arch/arm/cpu/armv8/cache_v8.c:450:6:invalidate_dcache_range	0	static
arch/arm/cpu/armv8/cache_v8.c:458:6:flush_dcache_range	0	static
arch/arm/cpu/armv8/cache_v8.c:463:6:dcache_enable	16	static
arch/arm/cpu/armv8/cache_v8.c:475:6:dcache_disable	16	static
arch/arm/cpu/armv8/cache_v8.c:491:5:dcache_status	0	static
arch/arm/cpu/armv8/cache_v8.c:496:13:arch_get_page_table	16	static
arch/arm/cpu/armv8/cache_v8.c:544:6:mmu_set_region_dcache_behaviour	64	static
arch/arm/cpu/armv8/cache_v8.c:599:6:mmu_change_region_attr	64	static
arch/arm/cpu/armv8/cache_v8.c:697:6:icache_disable	0	static
arch/arm/cpu/armv8/cache_v8.c:702:5:icache_status	0	static
arch/arm/cpu/armv8/cache_v8.c:707:6:invalidate_icache_all	16	static
arch/arm/cpu/armv8/cache_v8.c:691:6:icache_enable	16	static
arch/arm/cpu/armv8/cache_v8.c:738:13:enable_caches	16	static
