drivers/mmc/mmc.c:569:12:mmc_send_op_cond_iter	64	static
drivers/mmc/mmc.c:225:12:mmc_read_blocks	112	static
drivers/mmc/mmc.c:478:12:mmc_go_idle	64	static
drivers/mmc/mmc.c:1232:12:mmc_set_capacity	32	static
drivers/mmc/mmc.c:659:12:mmc_send_ext_csd	96	static
drivers/mmc/mmc.c:741:12:__mmc_switch.constprop	112	static
drivers/mmc/mmc.c:1010:12:mmc_switch_to_hs400	0	static
drivers/mmc/mmc.c:167:5:mmc_send_status	96	static
drivers/mmc/mmc.c:211:5:mmc_set_blocklen	48	static
drivers/mmc/mmc.c:452:6:mmc_set_clock	0	static
drivers/mmc/mmc.c:1155:13:mmc_set_bus_speed	0	static
drivers/mmc/mmc.c:764:5:mmc_switch	0	static
drivers/mmc/mmc.c:951:12:mmc_select_hs	32	static
drivers/mmc/mmc.c:769:12:mmc_select_bus_width	1248	static
drivers/mmc/mmc.c:1731:12:mmc_startup	1520	static
drivers/mmc/mmc.c:873:5:mmc_send_tuning	128	static
drivers/mmc/mmc.c:1260:5:mmc_switch_part	48	static
drivers/mmc/mmc.c:1280:5:mmc_hwpart_config	704	static
drivers/mmc/mmc.c:2236:5:mmc_start_init	112	static
drivers/mmc/mmc.c:2327:5:mmc_init	48	static
drivers/mmc/mmc.c:369:7:mmc_bread	96	static
drivers/mmc/mmc.c:2352:5:mmc_set_dsr	0	static
drivers/mmc/mmc.c:2359:12:cpu_mmc_init	0	static
drivers/mmc/mmc.c:2365:12:board_mmc_init	0	static
drivers/mmc/mmc.c:2370:6:mmc_set_preinit	0	static
drivers/mmc/mmc.c:2419:5:mmc_initialize	16	static
