
Discarded input sections

 .data          0x0000000000000000        0x0 arch/arm/cpu/armv8/start.o
 .bss           0x0000000000000000        0x0 arch/arm/cpu/armv8/start.o
 .text          0x0000000000000000        0x0 arch/arm/mach-rockchip/built-in.o
 .text.param_parse_ddr_mem
                0x0000000000000000      0x168 arch/arm/mach-rockchip/built-in.o
 .text.param_parse_pre_serial
                0x0000000000000000       0x9c arch/arm/mach-rockchip/built-in.o
 .text.param_parse_pubkey_fuse_programmed
                0x0000000000000000       0x58 arch/arm/mach-rockchip/built-in.o
 .text.rockchip_sdram_size
                0x0000000000000000      0x19c arch/arm/mach-rockchip/built-in.o
 .text.get_page_size
                0x0000000000000000       0x38 arch/arm/mach-rockchip/built-in.o
 .text.get_ddr_bw
                0x0000000000000000       0x28 arch/arm/mach-rockchip/built-in.o
 .text.dram_init_banksize
                0x0000000000000000       0x18 arch/arm/mach-rockchip/built-in.o
 .text.dram_init
                0x0000000000000000       0x34 arch/arm/mach-rockchip/built-in.o
 .text.board_get_usable_ram_top
                0x0000000000000000       0x18 arch/arm/mach-rockchip/built-in.o
 .text.rockchip_get_clk
                0x0000000000000000       0x14 arch/arm/mach-rockchip/built-in.o
 .text.rockchip_get_cru
                0x0000000000000000       0x30 arch/arm/mach-rockchip/built-in.o
 .text.fixup_pcfg_drive_strength
                0x0000000000000000       0x98 arch/arm/mach-rockchip/built-in.o
 .text.set_armclk_rate
                0x0000000000000000       0x8c arch/arm/mach-rockchip/built-in.o
 .text.rk_board_fdt_fixup
                0x0000000000000000      0x7ec arch/arm/mach-rockchip/built-in.o
 .text.rk_board_early_fdt_fixup
                0x0000000000000000       0x18 arch/arm/mach-rockchip/built-in.o
 .text.do_board_download
                0x0000000000000000       0x4c arch/arm/mach-rockchip/built-in.o
 .text.putc     0x0000000000000000       0x38 arch/arm/mach-rockchip/built-in.o
 .text.puts     0x0000000000000000       0x30 arch/arm/mach-rockchip/built-in.o
 .text.spl_boot_device
                0x0000000000000000        0x8 arch/arm/mach-rockchip/built-in.o
 .text.board_init_r
                0x0000000000000000        0x4 arch/arm/mach-rockchip/built-in.o
 .text.memset   0x0000000000000000       0x1c arch/arm/mach-rockchip/built-in.o
 .text.memcpy   0x0000000000000000       0x68 arch/arm/mach-rockchip/built-in.o
 .text.atags_bad_magic
                0x0000000000000000       0x50 arch/arm/mach-rockchip/built-in.o
 .text.atags_overflow
                0x0000000000000000       0x48 arch/arm/mach-rockchip/built-in.o
 .text.atags_is_available
                0x0000000000000000       0x1c arch/arm/mach-rockchip/built-in.o
 .text.atags_set_tag
                0x0000000000000000      0x180 arch/arm/mach-rockchip/built-in.o
 .text.atags_get_tag
                0x0000000000000000        0x8 arch/arm/mach-rockchip/built-in.o
 .text.atags_destroy
                0x0000000000000000       0x28 arch/arm/mach-rockchip/built-in.o
 .rodata.param_parse_ddr_mem.str1.1
                0x0000000000000000       0x1a arch/arm/mach-rockchip/built-in.o
 .rodata.param_parse_pubkey_fuse_programmed.str1.1
                0x0000000000000000       0x2d arch/arm/mach-rockchip/built-in.o
 .rodata.fixup_pcfg_drive_strength.str1.1
                0x0000000000000000       0x43 arch/arm/mach-rockchip/built-in.o
 .rodata.set_armclk_rate.str1.1
                0x0000000000000000       0x31 arch/arm/mach-rockchip/built-in.o
 .rodata.rk_board_fdt_fixup.str1.1
                0x0000000000000000      0x446 arch/arm/mach-rockchip/built-in.o
 .rodata.do_board_download.str1.1
                0x0000000000000000       0x30 arch/arm/mach-rockchip/built-in.o
 .rodata.atags_bad_magic.str1.1
                0x0000000000000000       0x16 arch/arm/mach-rockchip/built-in.o
 .rodata.atags_overflow.str1.1
                0x0000000000000000       0x11 arch/arm/mach-rockchip/built-in.o
 .rodata.CSWTCH.20
                0x0000000000000000        0xa arch/arm/mach-rockchip/built-in.o
 .eh_frame      0x0000000000000000      0x518 arch/arm/mach-rockchip/built-in.o
 .data.mem_map  0x0000000000000000        0x8 arch/arm/mach-rockchip/built-in.o
 .data.px30_mem_map
                0x0000000000000000       0x60 arch/arm/mach-rockchip/built-in.o
 .bss           0x0000000000000000        0x0 arch/arm/mach-rockchip/built-in.o
 .text          0x0000000000000000      0x544 arch/arm/cpu/armv8/built-in.o
 .text.sdelay   0x0000000000000000        0xc arch/arm/cpu/armv8/built-in.o
 .text.cleanup_before_linux
                0x0000000000000000       0x2c arch/arm/cpu/armv8/built-in.o
 .text.get_tbclk
                0x0000000000000000        0x8 arch/arm/cpu/armv8/built-in.o
 .text.timer_read_counter
                0x0000000000000000        0xc arch/arm/cpu/armv8/built-in.o
 .text.get_ticks
                0x0000000000000000       0x10 arch/arm/cpu/armv8/built-in.o
 .text.usec2ticks
                0x0000000000000000       0x44 arch/arm/cpu/armv8/built-in.o
 .text.timer_get_boot_us
                0x0000000000000000       0x14 arch/arm/cpu/armv8/built-in.o
 .text.count_required_pts
                0x0000000000000000       0xf8 arch/arm/cpu/armv8/built-in.o
 .text.create_table
                0x0000000000000000       0x70 arch/arm/cpu/armv8/built-in.o
 .text.split_block
                0x0000000000000000       0x90 arch/arm/cpu/armv8/built-in.o
 .text.get_tcr  0x0000000000000000       0xe4 arch/arm/cpu/armv8/built-in.o
 .text.find_pte
                0x0000000000000000       0x8c arch/arm/cpu/armv8/built-in.o
 .text.set_one_region
                0x0000000000000000       0xd8 arch/arm/cpu/armv8/built-in.o
 .text.get_page_table_size
                0x0000000000000000       0x48 arch/arm/cpu/armv8/built-in.o
 .text.setup_pgtables
                0x0000000000000000      0x16c arch/arm/cpu/armv8/built-in.o
 .text.mmu_setup
                0x0000000000000000      0x13c arch/arm/cpu/armv8/built-in.o
 .text.invalidate_dcache_all
                0x0000000000000000       0x14 arch/arm/cpu/armv8/built-in.o
 .text.flush_dcache_all
                0x0000000000000000       0x14 arch/arm/cpu/armv8/built-in.o
 .text.invalidate_dcache_range
                0x0000000000000000        0x4 arch/arm/cpu/armv8/built-in.o
 .text.flush_dcache_range
                0x0000000000000000        0x4 arch/arm/cpu/armv8/built-in.o
 .text.dcache_enable
                0x0000000000000000      0x110 arch/arm/cpu/armv8/built-in.o
 .text.dcache_disable
                0x0000000000000000       0x84 arch/arm/cpu/armv8/built-in.o
 .text.dcache_status
                0x0000000000000000       0x34 arch/arm/cpu/armv8/built-in.o
 .text.arch_get_page_table
                0x0000000000000000       0x20 arch/arm/cpu/armv8/built-in.o
 .text.mmu_set_region_dcache_behaviour
                0x0000000000000000       0xa8 arch/arm/cpu/armv8/built-in.o
 .text.mmu_change_region_attr
                0x0000000000000000       0xe8 arch/arm/cpu/armv8/built-in.o
 .text.icache_disable
                0x0000000000000000       0x64 arch/arm/cpu/armv8/built-in.o
 .text.icache_status
                0x0000000000000000       0x34 arch/arm/cpu/armv8/built-in.o
 .text.invalidate_icache_all
                0x0000000000000000       0x14 arch/arm/cpu/armv8/built-in.o
 .text.icache_enable
                0x0000000000000000       0x74 arch/arm/cpu/armv8/built-in.o
 .text.enable_caches
                0x0000000000000000       0x14 arch/arm/cpu/armv8/built-in.o
 .text.__asm_dcache_level
                0x0000000000000000       0x64 arch/arm/cpu/armv8/built-in.o
 .text.__asm_dcache_all
                0x0000000000000000       0x60 arch/arm/cpu/armv8/built-in.o
 .text.__asm_flush_dcache_all
                0x0000000000000000        0x8 arch/arm/cpu/armv8/built-in.o
 .text.__asm_invalidate_dcache_all
                0x0000000000000000        0x8 arch/arm/cpu/armv8/built-in.o
 .text.__asm_flush_dcache_range
                0x0000000000000000       0x3c arch/arm/cpu/armv8/built-in.o
 .text.__asm_invalidate_dcache_range
                0x0000000000000000       0x34 arch/arm/cpu/armv8/built-in.o
 .text.__asm_invalidate_l3_dcache
                0x0000000000000000        0x8 arch/arm/cpu/armv8/built-in.o
 .text.__asm_flush_l3_dcache
                0x0000000000000000        0x8 arch/arm/cpu/armv8/built-in.o
 .text.__asm_invalidate_l3_icache
                0x0000000000000000        0x8 arch/arm/cpu/armv8/built-in.o
 .text.__asm_switch_ttbr
                0x0000000000000000       0xe0 arch/arm/cpu/armv8/built-in.o
 .text.__asm_invalidate_tlb_all
                0x0000000000000000       0x4c arch/arm/cpu/armv8/built-in.o
 .text.armv8_switch_to_el2
                0x0000000000000000       0xb8 arch/arm/cpu/armv8/built-in.o
 .text.armv8_switch_to_el1
                0x0000000000000000       0xd0 arch/arm/cpu/armv8/built-in.o
 .text.armv8_el2_to_aarch32
                0x0000000000000000        0x4 arch/arm/cpu/armv8/built-in.o
 .text.smc_call
                0x0000000000000000       0x44 arch/arm/cpu/armv8/built-in.o
 .text.psci_system_reset
                0x0000000000000000       0x20 arch/arm/cpu/armv8/built-in.o
 .text.psci_system_off
                0x0000000000000000       0x20 arch/arm/cpu/armv8/built-in.o
 .text.reset_misc
                0x0000000000000000        0xc arch/arm/cpu/armv8/built-in.o
 .rodata.create_table.str1.1
                0x0000000000000000       0x62 arch/arm/cpu/armv8/built-in.o
 .rodata.split_block.str1.1
                0x0000000000000000       0x74 arch/arm/cpu/armv8/built-in.o
 .rodata.set_one_region.str1.1
                0x0000000000000000       0x2e arch/arm/cpu/armv8/built-in.o
 .rodata.setup_pgtables.str1.1
                0x0000000000000000       0x2d arch/arm/cpu/armv8/built-in.o
 .rodata.arch_get_page_table.str1.1
                0x0000000000000000       0x1e arch/arm/cpu/armv8/built-in.o
 .rodata.mmu_set_region_dcache_behaviour.str1.1
                0x0000000000000000       0x20 arch/arm/cpu/armv8/built-in.o
 .eh_frame      0x0000000000000000      0x4ec arch/arm/cpu/armv8/built-in.o
 .data          0x0000000000000000        0x0 arch/arm/cpu/armv8/built-in.o
 .bss           0x0000000000000000        0x0 arch/arm/cpu/armv8/built-in.o
 .text          0x0000000000000000      0x110 arch/arm/lib/built-in.o
 .text.board_init_f
                0x0000000000000000        0x4 arch/arm/lib/built-in.o
 .text.bootz_setup
                0x0000000000000000       0x7c arch/arm/lib/built-in.o
 .text.board_fdt_fixup
                0x0000000000000000        0x8 arch/arm/lib/built-in.o
 .text.arch_fixup_fdt
                0x0000000000000000       0x8c arch/arm/lib/built-in.o
 .text.arch_reserve_stacks
                0x0000000000000000       0x1c arch/arm/lib/built-in.o
 .text.interrupt_init
                0x0000000000000000        0x8 arch/arm/lib/built-in.o
 .text.enable_interrupts
                0x0000000000000000        0x4 arch/arm/lib/built-in.o
 .text.disable_interrupts
                0x0000000000000000        0x8 arch/arm/lib/built-in.o
 .text.show_regs
                0x0000000000000000       0xc4 arch/arm/lib/built-in.o
 .text.do_bad_sync
                0x0000000000000000       0x30 arch/arm/lib/built-in.o
 .text.do_bad_irq
                0x0000000000000000       0x30 arch/arm/lib/built-in.o
 .text.do_bad_fiq
                0x0000000000000000       0x30 arch/arm/lib/built-in.o
 .text.do_bad_error
                0x0000000000000000       0x30 arch/arm/lib/built-in.o
 .text.do_sync  0x0000000000000000       0x30 arch/arm/lib/built-in.o
 .text.do_irq   0x0000000000000000       0x30 arch/arm/lib/built-in.o
 .text.do_fiq   0x0000000000000000       0x30 arch/arm/lib/built-in.o
 .text.do_error
                0x0000000000000000       0x30 arch/arm/lib/built-in.o
 .text.dump_core_stack
                0x0000000000000000       0xdc arch/arm/lib/built-in.o
 .text.dump_stack
                0x0000000000000000       0x3c arch/arm/lib/built-in.o
 .text.enable_caches
                0x0000000000000000        0xc arch/arm/lib/built-in.o
 .text.invalidate_dcache_range
                0x0000000000000000        0x4 arch/arm/lib/built-in.o
 .text.flush_dcache_range
                0x0000000000000000        0x4 arch/arm/lib/built-in.o
 .text.flush_cache
                0x0000000000000000        0x8 arch/arm/lib/built-in.o
 .text.flush_dcache_all
                0x0000000000000000        0xc arch/arm/lib/built-in.o
 .text.check_cache_range
                0x0000000000000000       0x10 arch/arm/lib/built-in.o
 .text.fdt_psci
                0x0000000000000000        0x8 arch/arm/lib/built-in.o
 .rodata.arch_fixup_fdt.str1.1
                0x0000000000000000       0x33 arch/arm/lib/built-in.o
 .rodata.show_regs.str1.1
                0x0000000000000000       0x52 arch/arm/lib/built-in.o
 .rodata.do_bad_sync.str1.1
                0x0000000000000000       0x48 arch/arm/lib/built-in.o
 .rodata.do_bad_irq.str1.1
                0x0000000000000000       0x27 arch/arm/lib/built-in.o
 .rodata.do_bad_fiq.str1.1
                0x0000000000000000       0x27 arch/arm/lib/built-in.o
 .rodata.do_bad_error.str1.1
                0x0000000000000000       0x29 arch/arm/lib/built-in.o
 .rodata.do_sync.str1.1
                0x0000000000000000       0x29 arch/arm/lib/built-in.o
 .rodata.do_irq.str1.1
                0x0000000000000000       0x1b arch/arm/lib/built-in.o
 .rodata.do_fiq.str1.1
                0x0000000000000000       0x1b arch/arm/lib/built-in.o
 .rodata.do_error.str1.1
                0x0000000000000000       0x1d arch/arm/lib/built-in.o
 .rodata.dump_core_stack.str1.1
                0x0000000000000000       0xd6 arch/arm/lib/built-in.o
 .rodata.enable_caches.str1.1
                0x0000000000000000       0x1d arch/arm/lib/built-in.o
 .eh_frame      0x0000000000000000      0x340 arch/arm/lib/built-in.o
 .data          0x0000000000000000        0x0 arch/arm/lib/built-in.o
 .__efi_runtime_rel_start
                0x0000000000000000        0x0 arch/arm/lib/built-in.o
 .__efi_runtime_rel_stop
                0x0000000000000000        0x0 arch/arm/lib/built-in.o
 .__efi_runtime_start
                0x0000000000000000        0x0 arch/arm/lib/built-in.o
 .__efi_runtime_stop
                0x0000000000000000        0x0 arch/arm/lib/built-in.o
 .__end         0x0000000000000000        0x0 arch/arm/lib/built-in.o
 .__image_copy_end
                0x0000000000000000        0x0 arch/arm/lib/built-in.o
 .__image_copy_start
                0x0000000000000000        0x0 arch/arm/lib/built-in.o
 .__rel_dyn_end
                0x0000000000000000        0x0 arch/arm/lib/built-in.o
 .__rel_dyn_start
                0x0000000000000000        0x0 arch/arm/lib/built-in.o
 .__secure_end  0x0000000000000000        0x0 arch/arm/lib/built-in.o
 .__secure_stack_end
                0x0000000000000000        0x0 arch/arm/lib/built-in.o
 .__secure_stack_start
                0x0000000000000000        0x0 arch/arm/lib/built-in.o
 .__secure_start
                0x0000000000000000        0x0 arch/arm/lib/built-in.o
 .bss           0x0000000000000000        0x0 arch/arm/lib/built-in.o
 .text          0x0000000000000000        0x0 board/rockchip/evb_px30/built-in.o
 .data          0x0000000000000000        0x0 board/rockchip/evb_px30/built-in.o
 .bss           0x0000000000000000        0x0 board/rockchip/evb_px30/built-in.o
 .comment       0x0000000000000000       0x5e board/rockchip/evb_px30/built-in.o
 .note.GNU-stack
                0x0000000000000000        0x0 board/rockchip/evb_px30/built-in.o
 .debug_aranges
                0x0000000000000000       0x20 board/rockchip/evb_px30/built-in.o
 .debug_info    0x0000000000000000      0xd0e board/rockchip/evb_px30/built-in.o
 .debug_abbrev  0x0000000000000000      0x196 board/rockchip/evb_px30/built-in.o
 .debug_line    0x0000000000000000       0xfb board/rockchip/evb_px30/built-in.o
 .debug_str     0x0000000000000000      0xdf9 board/rockchip/evb_px30/built-in.o
 .text          0x0000000000000000        0x0 common/init/built-in.o
 .text.board_init_f_alloc_reserve
                0x0000000000000000        0xc common/init/built-in.o
 .text.board_init_f_init_reserve
                0x0000000000000000       0x30 common/init/built-in.o
 .text.board_init_f_boot_flags
                0x0000000000000000       0x24 common/init/built-in.o
 .eh_frame      0x0000000000000000       0x74 common/init/built-in.o
 .data          0x0000000000000000        0x0 common/init/built-in.o
 .bss           0x0000000000000000        0x0 common/init/built-in.o
 .text          0x0000000000000000        0x0 drivers/built-in.o
 .text.sdram_org_config_v3
                0x0000000000000000      0x298 drivers/built-in.o
 .text.sdram_detect_bw
                0x0000000000000000        0x8 drivers/built-in.o
 .text.sdram_detect_cs
                0x0000000000000000        0x8 drivers/built-in.o
 .text.get_default_sdram_config
                0x0000000000000000       0x18 drivers/built-in.o
 .text._serial_putc
                0x0000000000000000       0x58 drivers/built-in.o
 .text.__serial_getc
                0x0000000000000000       0x40 drivers/built-in.o
 .text.__serial_tstc
                0x0000000000000000       0x24 drivers/built-in.o
 .text.__serial_clear
                0x0000000000000000       0x1c drivers/built-in.o
 .text.serial_init
                0x0000000000000000        0x8 drivers/built-in.o
 .text.serial_initialize
                0x0000000000000000        0x4 drivers/built-in.o
 .text.serial_putc
                0x0000000000000000       0x1c drivers/built-in.o
 .text.serial_puts
                0x0000000000000000       0x44 drivers/built-in.o
 .text.serial_getc
                0x0000000000000000       0x14 drivers/built-in.o
 .text.serial_tstc
                0x0000000000000000       0x14 drivers/built-in.o
 .text.serial_setbrg
                0x0000000000000000       0x34 drivers/built-in.o
 .text.serial_clear
                0x0000000000000000       0x14 drivers/built-in.o
 .text.serial_dev_putc
                0x0000000000000000       0x10 drivers/built-in.o
 .text.serial_dev_puts
                0x0000000000000000       0x40 drivers/built-in.o
 .text.serial_dev_getc
                0x0000000000000000       0x10 drivers/built-in.o
 .text.serial_dev_tstc
                0x0000000000000000       0x10 drivers/built-in.o
 .text.serial_dev_setbrg
                0x0000000000000000       0x20 drivers/built-in.o
 .text.serial_dev_clear
                0x0000000000000000        0xc drivers/built-in.o
 .text.serial_stdio_init
                0x0000000000000000        0x4 drivers/built-in.o
 .text.ns16550_readb.isra.0
                0x0000000000000000       0x1c drivers/built-in.o
 .text.ns16550_serial_getc
                0x0000000000000000       0x3c drivers/built-in.o
 .text.ns16550_serial_pending
                0x0000000000000000       0x44 drivers/built-in.o
 .text.ns16550_writeb.isra.0
                0x0000000000000000       0x1c drivers/built-in.o
 .text.ns16550_serial_putc
                0x0000000000000000       0x48 drivers/built-in.o
 .text.ns16550_serial_clear
                0x0000000000000000       0x28 drivers/built-in.o
 .text.NS16550_setbrg
                0x0000000000000000       0x54 drivers/built-in.o
 .text.ns16550_serial_setbrg
                0x0000000000000000       0x40 drivers/built-in.o
 .text.ns16550_calc_divisor
                0x0000000000000000       0x14 drivers/built-in.o
 .text.NS16550_init
                0x0000000000000000       0x70 drivers/built-in.o
 .text.NS16550_reinit
                0x0000000000000000       0x5c drivers/built-in.o
 .text.NS16550_putc
                0x0000000000000000       0x34 drivers/built-in.o
 .text.NS16550_getc
                0x0000000000000000       0x30 drivers/built-in.o
 .text.NS16550_tstc
                0x0000000000000000       0x20 drivers/built-in.o
 .text.printch  0x0000000000000000       0x6c drivers/built-in.o
 .text.debug_uart_getc
                0x0000000000000000       0x38 drivers/built-in.o
 .text.debug_uart_tstc
                0x0000000000000000       0x34 drivers/built-in.o
 .text.debug_uart_clrc
                0x0000000000000000       0x30 drivers/built-in.o
 .text.debug_uart_flushc
                0x0000000000000000       0x34 drivers/built-in.o
 .text.debug_uart_setbrg
                0x0000000000000000       0x68 drivers/built-in.o
 .text.printhex2
                0x0000000000000000       0x5c drivers/built-in.o
 .text.printhex4
                0x0000000000000000       0x5c drivers/built-in.o
 .text.printhex8
                0x0000000000000000       0x5c drivers/built-in.o
 .text.ns16550_serial_probe
                0x0000000000000000       0x40 drivers/built-in.o
 .rodata.ns16550_serial_ops
                0x0000000000000000       0x28 drivers/built-in.o
 .eh_frame      0x0000000000000000      0x948 drivers/built-in.o
 .data          0x0000000000000000        0x0 drivers/built-in.o
 .bss           0x0000000000000000        0x0 drivers/built-in.o
 .text          0x0000000000000000        0x0 fs/built-in.o
 .text.fs_devread
                0x0000000000000000      0x258 fs/built-in.o
 .rodata.fs_devread.str1.1
                0x0000000000000000       0x98 fs/built-in.o
 .rodata.__func__.0
                0x0000000000000000        0xb fs/built-in.o
 .eh_frame      0x0000000000000000       0x5c fs/built-in.o
 .data          0x0000000000000000        0x0 fs/built-in.o
 .bss           0x0000000000000000        0x0 fs/built-in.o
 .comment       0x0000000000000000       0x5e fs/built-in.o
 .note.GNU-stack
                0x0000000000000000        0x0 fs/built-in.o
 .debug_aranges
                0x0000000000000000       0x30 fs/built-in.o
 .debug_info    0x0000000000000000      0x9be fs/built-in.o
 .debug_abbrev  0x0000000000000000      0x2ad fs/built-in.o
 .debug_line    0x0000000000000000      0x3ad fs/built-in.o
 .debug_str     0x0000000000000000      0x52a fs/built-in.o
 .debug_loc     0x0000000000000000      0xbd5 fs/built-in.o
 .debug_ranges  0x0000000000000000      0x200 fs/built-in.o

Memory Configuration

Name             Origin             Length             Attributes
*default*        0x0000000000000000 0xffffffffffffffff

Linker script and memory map

                0x0000000000000000                . = 0x0

.text           0x00000000ff0e1000     0x2384
                0x00000000ff0e1000                . = ALIGN (0x8)
 *(.__image_copy_start)
 arch/arm/cpu/armv8/start.o(.text*)
 .text          0x00000000ff0e1000       0x10 arch/arm/cpu/armv8/start.o
                0x00000000ff0e1000                _start
                0x00000000ff0e1008                save_boot_params_ret
 *(.text*)
 .text.rockchip_setup_ddr_param
                0x00000000ff0e1010       0x40 arch/arm/mach-rockchip/built-in.o
                0x00000000ff0e1010                rockchip_setup_ddr_param
 .text.arch_cpu_init
                0x00000000ff0e1050      0x1a8 arch/arm/mach-rockchip/built-in.o
                0x00000000ff0e1050                arch_cpu_init
 .text.board_debug_uart_init
                0x00000000ff0e11f8       0x50 arch/arm/mach-rockchip/built-in.o
                0x00000000ff0e11f8                board_debug_uart_init
 .text.back_to_bootrom
                0x00000000ff0e1248       0x10 arch/arm/mach-rockchip/built-in.o
                0x00000000ff0e1248                back_to_bootrom
 .text.save_boot_params
                0x00000000ff0e1258       0x9c arch/arm/mach-rockchip/built-in.o
                0x00000000ff0e1258                save_boot_params
 .text.timer_init
                0x00000000ff0e12f4        0x8 arch/arm/mach-rockchip/built-in.o
                0x00000000ff0e12f4                timer_init
 .text.__udelay
                0x00000000ff0e12fc       0x1c arch/arm/mach-rockchip/built-in.o
                0x00000000ff0e12fc                __udelay
 .text.udelay   0x00000000ff0e1318        0x4 arch/arm/mach-rockchip/built-in.o
                0x00000000ff0e1318                udelay
 .text.hang     0x00000000ff0e131c       0x14 arch/arm/mach-rockchip/built-in.o
                0x00000000ff0e131c                hang
 .text.rockchip_stimer_init
                0x00000000ff0e1330       0x48 arch/arm/mach-rockchip/built-in.o
                0x00000000ff0e1330                rockchip_stimer_init
 .text.board_init_f
                0x00000000ff0e1378       0x34 arch/arm/mach-rockchip/built-in.o
                0x00000000ff0e1378                board_init_f
 .text.__asm_invalidate_icache_all
                0x00000000ff0e13ac        0xc arch/arm/cpu/armv8/built-in.o
                0x00000000ff0e13ac                __asm_invalidate_icache_all
 .text.setjmp   0x00000000ff0e13b8       0x28 arch/arm/lib/built-in.o
                0x00000000ff0e13b8                setjmp
 .text.longjmp  0x00000000ff0e13e0       0x40 arch/arm/lib/built-in.o
                0x00000000ff0e13e0                longjmp
 .text.show_boot_progress
                0x00000000ff0e1420        0x4 common/init/built-in.o
                0x00000000ff0e1420                show_boot_progress
 .text.sdram_print_dram_type
                0x00000000ff0e1424       0x78 drivers/built-in.o
                0x00000000ff0e1424                sdram_print_dram_type
 .text.sdram_get_cs_cap
                0x00000000ff0e149c       0xb0 drivers/built-in.o
                0x00000000ff0e149c                sdram_get_cs_cap
 .text.sdram_print_ddr_info
                0x00000000ff0e154c      0x24c drivers/built-in.o
                0x00000000ff0e154c                sdram_print_ddr_info
 .text.sdram_copy_to_reg
                0x00000000ff0e1798       0x2c drivers/built-in.o
                0x00000000ff0e1798                sdram_copy_to_reg
 .text.sdram_org_config
                0x00000000ff0e17c4      0x1ac drivers/built-in.o
                0x00000000ff0e17c4                sdram_org_config
 .text.sdram_detect_col
                0x00000000ff0e1970       0x8c drivers/built-in.o
                0x00000000ff0e1970                sdram_detect_col
 .text.sdram_detect_bank
                0x00000000ff0e19fc       0x68 drivers/built-in.o
                0x00000000ff0e19fc                sdram_detect_bank
 .text.sdram_detect_bg
                0x00000000ff0e1a64       0x64 drivers/built-in.o
                0x00000000ff0e1a64                sdram_detect_bg
 .text.sdram_detect_dbw
                0x00000000ff0e1ac8      0x104 drivers/built-in.o
                0x00000000ff0e1ac8                sdram_detect_dbw
 .text.sdram_detect_row
                0x00000000ff0e1bcc       0x94 drivers/built-in.o
                0x00000000ff0e1bcc                sdram_detect_row
 .text.sdram_detect_row_3_4
                0x00000000ff0e1c60       0x6c drivers/built-in.o
                0x00000000ff0e1c60                sdram_detect_row_3_4
 .text.sdram_detect_high_row
                0x00000000ff0e1ccc      0x108 drivers/built-in.o
                0x00000000ff0e1ccc                sdram_detect_high_row
 .text.sdram_detect_cs1_row
                0x00000000ff0e1dd4       0xe0 drivers/built-in.o
                0x00000000ff0e1dd4                sdram_detect_cs1_row
 .text.data_training.constprop.0
                0x00000000ff0e1eb4       0x8c drivers/built-in.o
 .text.check_rd_gate.constprop.0
                0x00000000ff0e1f40       0x70 drivers/built-in.o
 .text.read_mr  0x00000000ff0e1fb0       0x30 drivers/built-in.o
                0x00000000ff0e1fb0                read_mr
 .text.sdram_init_.constprop.0
                0x00000000ff0e1fe0      0x744 drivers/built-in.o
 .text.get_ddr_param
                0x00000000ff0e2724       0xa0 drivers/built-in.o
                0x00000000ff0e2724                get_ddr_param
 .text.sdram_init
                0x00000000ff0e27c4      0x250 drivers/built-in.o
                0x00000000ff0e27c4                sdram_init
 .text.pctl_read_mr
                0x00000000ff0e2a14       0x44 drivers/built-in.o
                0x00000000ff0e2a14                pctl_read_mr
 .text.pctl_write_mr
                0x00000000ff0e2a58       0x78 drivers/built-in.o
                0x00000000ff0e2a58                pctl_write_mr
 .text.pctl_dis_zqcs_aref
                0x00000000ff0e2ad0       0x4c drivers/built-in.o
                0x00000000ff0e2ad0                pctl_dis_zqcs_aref
 .text.pctl_rest_zqcs_aref
                0x00000000ff0e2b1c       0x34 drivers/built-in.o
                0x00000000ff0e2b1c                pctl_rest_zqcs_aref
 .text.pctl_write_vrefdq
                0x00000000ff0e2b50      0x114 drivers/built-in.o
                0x00000000ff0e2b50                pctl_write_vrefdq
 .text.pctl_remodify_sdram_params
                0x00000000ff0e2c64       0x88 drivers/built-in.o
                0x00000000ff0e2c64                pctl_remodify_sdram_params
 .text.pctl_cfg
                0x00000000ff0e2cec       0x78 drivers/built-in.o
                0x00000000ff0e2cec                pctl_cfg
 .text.phy_soft_reset
                0x00000000ff0e2d64       0x54 drivers/built-in.o
                0x00000000ff0e2d64                phy_soft_reset
 .text.phy_dram_set_bw
                0x00000000ff0e2db8       0x84 drivers/built-in.o
                0x00000000ff0e2db8                phy_dram_set_bw
 .text.phy_data_training
                0x00000000ff0e2e3c      0x1b0 drivers/built-in.o
                0x00000000ff0e2e3c                phy_data_training
 .text.phy_cfg  0x00000000ff0e2fec      0x208 drivers/built-in.o
                0x00000000ff0e2fec                phy_cfg
 .text.printascii
                0x00000000ff0e31f4       0x7c drivers/built-in.o
                0x00000000ff0e31f4                printascii
 .text.printdec
                0x00000000ff0e3270       0xac drivers/built-in.o
                0x00000000ff0e3270                printdec
 .text.debug_uart_init
                0x00000000ff0e331c       0x68 drivers/built-in.o
                0x00000000ff0e331c                debug_uart_init

.iplt           0x00000000ff0e3384        0x0
 .iplt          0x00000000ff0e3384        0x0 arch/arm/cpu/armv8/start.o

.rodata         0x00000000ff0e3384      0x16f
                0x00000000ff0e3388                . = ALIGN (0x8)
 *fill*         0x00000000ff0e3384        0x4 
 *(SORT_BY_ALIGNMENT(SORT_BY_NAME(.rodata*)))
 .rodata.sdram_print_dram_type
                0x00000000ff0e3388        0x9 drivers/built-in.o
 .rodata.board_init_f.str1.1
                0x00000000ff0e3391       0x3e arch/arm/mach-rockchip/built-in.o
 .rodata.sdram_detect_col.str1.1
                0x00000000ff0e33cf        0xb drivers/built-in.o
 .rodata.sdram_detect_high_row.str1.1
                0x00000000ff0e33da       0x18 drivers/built-in.o
 .rodata.sdram_detect_row.str1.1
                0x00000000ff0e33f2        0xa drivers/built-in.o
 .rodata.sdram_init.str1.1
                0x00000000ff0e33fc        0x5 drivers/built-in.o
 .rodata.sdram_init_.constprop.0.str1.1
                0x00000000ff0e3401       0x6b drivers/built-in.o
 .rodata.sdram_print_ddr_info.str1.1
                0x00000000ff0e346c       0x5b drivers/built-in.o
                                         0x5f (size before relaxing)
 .rodata.sdram_print_dram_type.str1.1
                0x00000000ff0e34c7       0x2c drivers/built-in.o
                                         0x36 (size before relaxing)

.rela.dyn       0x00000000ff0e34f8        0x0
 .rela.iplt     0x00000000ff0e34f8        0x0 arch/arm/cpu/armv8/start.o

.data           0x00000000ff0e34f8      0x58c
                0x00000000ff0e34f8                . = ALIGN (0x8)
 *(.data*)
 .data          0x00000000ff0e34f8       0x68 arch/arm/mach-rockchip/built-in.o
 .data.addrmap  0x00000000ff0e3560      0x1c0 drivers/built-in.o
                0x00000000ff0e3560                addrmap
 .data.d4_rbc_2_d3_rbc
                0x00000000ff0e3720        0x5 drivers/built-in.o
                0x00000000ff0e3720                d4_rbc_2_d3_rbc
 .data.ddr_cfg_2_rbc
                0x00000000ff0e3725        0x7 drivers/built-in.o
                0x00000000ff0e3725                ddr_cfg_2_rbc
 *fill*         0x00000000ff0e372c        0x4 
 .data.sdram_configs
                0x00000000ff0e3730      0x1b8 drivers/built-in.o
                0x00000000ff0e3730                sdram_configs
 .data.skew     0x00000000ff0e38e8      0x19c drivers/built-in.o
                0x00000000ff0e38e8                skew

.igot.plt       0x00000000ff0e3a88        0x0
 .igot.plt      0x00000000ff0e3a88        0x0 arch/arm/cpu/armv8/start.o

.u_boot_list    0x00000000ff0e3a84        0x4
                0x00000000ff0e3a88                . = ALIGN (0x8)
 *fill*         0x00000000ff0e3a84        0x4 
 *(SORT_BY_NAME(.u_boot_list*))

.image_copy_end
                0x00000000ff0e3a88        0x0
                0x00000000ff0e3a88                . = ALIGN (0x8)
 *(.__image_copy_end)

.end            0x00000000ff0e3a88        0x0
                0x00000000ff0e3a88                . = ALIGN (0x8)
 *(.__end)
                0x00000000ff0e3a88                _image_binary_end = .

.bss_start      0x00000000ff0e3a88        0x0
                0x00000000ff0e3a88                . = ALIGN (0x8)
 *(.__bss_start)
 .__bss_start   0x00000000ff0e3a88        0x0 arch/arm/lib/built-in.o
                0x00000000ff0e3a88                __bss_start

.bss            0x00000000ff0e3a88       0x48
 *(.bss*)
 .bss.dram_info
                0x00000000ff0e3a88       0x48 drivers/built-in.o
                0x00000000ff0e3a88                dram_info
                0x00000000ff0e3ad0                . = ALIGN (0x8)

.bss_end        0x00000000ff0e3ad0        0x0
 *(.__bss_end)
 .__bss_end     0x00000000ff0e3ad0        0x0 arch/arm/lib/built-in.o
                0x00000000ff0e3ad0                __bss_end

/DISCARD/
 *(.dynsym)

/DISCARD/
 *(.dynstr*)

/DISCARD/
 *(.dynamic*)

/DISCARD/
 *(.plt*)

/DISCARD/
 *(.interp*)

/DISCARD/
 *(.gnu*)
                0x0000000000000001                ASSERT (((__image_copy_end - __image_copy_start) < 0x2800), TPL image too big)
Address of section .text set to 0xff0e1000
LOAD arch/arm/cpu/armv8/start.o
START GROUP
LOAD arch/arm/mach-rockchip/built-in.o
LOAD arch/arm/cpu/armv8/built-in.o
LOAD arch/arm/cpu/built-in.o
LOAD arch/arm/lib/built-in.o
LOAD board/rockchip/evb_px30/built-in.o
LOAD common/init/built-in.o
LOAD drivers/built-in.o
LOAD dts/built-in.o
LOAD fs/built-in.o
END GROUP
LOAD /home/yujeong/iMON/iMON_old/px30_linux5.10_release_v1.1.1_20230520/prebuilts/gcc/linux-x86/aarch64/gcc-arm-10.3-2021.07-x86_64-aarch64-none-linux-gnu/bin/../lib/gcc/aarch64-none-linux-gnu/10.3.1/libgcc.a
OUTPUT(u-boot-tpl elf64-littleaarch64)
LOAD linker stubs

.debug_line     0x0000000000000000     0x7bb2
 .debug_line    0x0000000000000000       0x5c arch/arm/cpu/armv8/start.o
 .debug_line    0x000000000000005c     0x20c1 arch/arm/mach-rockchip/built-in.o
 .debug_line    0x000000000000211d     0x1981 arch/arm/cpu/armv8/built-in.o
 .debug_line    0x0000000000003a9e      0xd22 arch/arm/lib/built-in.o
 .debug_line    0x00000000000047c0      0x1cb common/init/built-in.o
 .debug_line    0x000000000000498b     0x3227 drivers/built-in.o

.debug_info     0x0000000000000000    0x1cf53
 .debug_info    0x0000000000000000       0x2e arch/arm/cpu/armv8/start.o
 .debug_info    0x000000000000002e     0xa2af arch/arm/mach-rockchip/built-in.o
 .debug_info    0x000000000000a2dd     0x3413 arch/arm/cpu/armv8/built-in.o
 .debug_info    0x000000000000d6f0     0x3680 arch/arm/lib/built-in.o
 .debug_info    0x0000000000010d70      0x988 common/init/built-in.o
 .debug_info    0x00000000000116f8     0xb85b drivers/built-in.o

.debug_abbrev   0x0000000000000000     0x44b7
 .debug_abbrev  0x0000000000000000       0x14 arch/arm/cpu/armv8/start.o
 .debug_abbrev  0x0000000000000014     0x164e arch/arm/mach-rockchip/built-in.o
 .debug_abbrev  0x0000000000001662      0x96f arch/arm/cpu/armv8/built-in.o
 .debug_abbrev  0x0000000000001fd1      0xaf0 arch/arm/lib/built-in.o
 .debug_abbrev  0x0000000000002ac1      0x233 common/init/built-in.o
 .debug_abbrev  0x0000000000002cf4     0x17c3 drivers/built-in.o

.debug_aranges  0x0000000000000000     0x1160
 .debug_aranges
                0x0000000000000000       0x30 arch/arm/cpu/armv8/start.o
 .debug_aranges
                0x0000000000000030      0x350 arch/arm/mach-rockchip/built-in.o
 .debug_aranges
                0x0000000000000380      0x480 arch/arm/cpu/armv8/built-in.o
 .debug_aranges
                0x0000000000000800      0x340 arch/arm/lib/built-in.o
 .debug_aranges
                0x0000000000000b40       0x60 common/init/built-in.o
 .debug_aranges
                0x0000000000000ba0      0x5c0 drivers/built-in.o

.debug_str      0x0000000000000000     0x56d5
 .debug_str     0x0000000000000000       0x7c arch/arm/cpu/armv8/start.o
 .debug_str     0x000000000000007c     0x3ee5 arch/arm/mach-rockchip/built-in.o
                                       0x8773 (size before relaxing)
 .debug_str     0x0000000000003f61      0x60d arch/arm/cpu/armv8/built-in.o
                                       0x2582 (size before relaxing)
 .debug_str     0x000000000000456e      0x3ab arch/arm/lib/built-in.o
                                       0x3c4f (size before relaxing)
 .debug_str     0x0000000000004919       0x6d common/init/built-in.o
                                        0xbc6 (size before relaxing)
 .debug_str     0x0000000000004986      0xd4f drivers/built-in.o
                                       0x5a46 (size before relaxing)

.comment        0x0000000000000000       0x5d
 .comment       0x0000000000000000       0x5d arch/arm/mach-rockchip/built-in.o
                                        0x292 (size before relaxing)
 .comment       0x000000000000005d      0x1d6 arch/arm/cpu/armv8/built-in.o
 .comment       0x000000000000005d      0x34e arch/arm/lib/built-in.o
 .comment       0x000000000000005d       0x5e common/init/built-in.o
 .comment       0x000000000000005d      0x292 drivers/built-in.o

.note.GNU-stack
                0x0000000000000000        0x0
 .note.GNU-stack
                0x0000000000000000        0x0 arch/arm/mach-rockchip/built-in.o
 .note.GNU-stack
                0x0000000000000000        0x0 arch/arm/cpu/armv8/built-in.o
 .note.GNU-stack
                0x0000000000000000        0x0 arch/arm/lib/built-in.o
 .note.GNU-stack
                0x0000000000000000        0x0 common/init/built-in.o
 .note.GNU-stack
                0x0000000000000000        0x0 drivers/built-in.o

.debug_loc      0x0000000000000000     0xf81c
 .debug_loc     0x0000000000000000     0x343b arch/arm/mach-rockchip/built-in.o
 .debug_loc     0x000000000000343b     0x2efb arch/arm/cpu/armv8/built-in.o
 .debug_loc     0x0000000000006336      0xb0c arch/arm/lib/built-in.o
 .debug_loc     0x0000000000006e42      0x1c0 common/init/built-in.o
 .debug_loc     0x0000000000007002     0x881a drivers/built-in.o

.debug_ranges   0x0000000000000000     0x2f90
 .debug_ranges  0x0000000000000000      0x860 arch/arm/mach-rockchip/built-in.o
 .debug_ranges  0x0000000000000860      0xc90 arch/arm/cpu/armv8/built-in.o
 .debug_ranges  0x00000000000014f0      0x270 arch/arm/lib/built-in.o
 .debug_ranges  0x0000000000001760       0x80 common/init/built-in.o
 .debug_ranges  0x00000000000017e0     0x17b0 drivers/built-in.o
