cmd/mmc.c:92:20:init_mmc_device	48	static
cmd/mmc.c:511:12:do_mmc_rescan	16	static
cmd/mmc.c:377:12:do_mmcrpmb	80	static
cmd/mmc.c:967:12:do_mmcops	64	static
cmd/mmc.c:541:12:do_mmc_dev	48	static
cmd/mmc.c:885:12:do_mmc_setdsr	48	static
cmd/mmc.c:358:12:do_mmcrpmb_counter	48	static
cmd/mmc.c:332:12:do_mmcrpmb_write	64	static
cmd/mmc.c:304:12:do_mmcrpmb_read	80	static
cmd/mmc.c:286:12:do_mmcrpmb_key	48	static
cmd/mmc.c:168:12:do_mmc_testefuse	64	static
cmd/mmc.c:657:12:do_mmc_hwpartition	176	static
cmd/mmc.c:582:12:do_mmc_list	16	static
cmd/mmc.c:107:12:do_mmcinfo	176	static
cmd/mmc.c:129:12:do_mmc_test_secure_storage	48	static
cmd/mmc.c:522:12:do_mmc_part	32	static
cmd/mmc.c:483:12:do_mmc_erase	48	static
cmd/mmc.c:453:12:do_mmc_write	64	static
cmd/mmc.c:427:12:do_mmc_read	64	static
cmd/mmc.c:187:5:init_rpmb	32	static
cmd/mmc.c:229:5:finish_rpmb	16	static
cmd/mmc.c:240:5:do_readcounter	32	static
cmd/mmc.c:247:5:do_programkey	32	static
cmd/mmc.c:254:5:do_authenticatedread	32	static
cmd/mmc.c:261:5:do_authenticatedwrite	32	static
cmd/mmc.c:268:13:do_returnmmc	0	static
