cmd/nvedit.c:1175:12:do_env_delete	64	static
cmd/nvedit.c:1096:12:do_env_save	16	static
cmd/nvedit.c:1563:12:do_env	48	static
cmd/nvedit.c:86:12:env_print	112	static
cmd/nvedit.c:117:12:do_env_print	64	static
cmd/nvedit.c:1386:12:do_env_import	96	static
cmd/nvedit.c:1138:12:do_env_default	16	static
cmd/nvedit.c:1499:12:do_env_exists	96	static
cmd/nvedit.c:214:12:_do_env_set.constprop	144	static
cmd/nvedit.c:733:12:do_env_set	0	static
cmd/nvedit.c:75:5:get_env_id	0	static
cmd/nvedit.c:286:5:env_set	48	static
cmd/nvedit.c:694:5:env_set_ulong	32	static
cmd/nvedit.c:709:5:env_set_hex	64	static
cmd/nvedit.c:1265:12:do_env_export	144	static
cmd/nvedit.c:1122:5:envmatch	48	static
cmd/nvedit.c:1039:5:env_get_f	80	static
cmd/nvedit.c:1015:7:env_get	96	static
cmd/nvedit.c:542:5:env_update_extract_subset	96	static
cmd/nvedit.c:589:7:env_exist	64	static
cmd/nvedit.c:653:5:env_delete	48	static
cmd/nvedit.c:717:7:env_get_hex	48	static
cmd/nvedit.c:1083:7:env_get_ulong	32	static
cmd/nvedit.c:973:12:do_env_edit.part.0	1088	static
cmd/nvedit.c:973:12:do_env_edit	0	static
cmd/nvedit.c:300:12:env_append.isra	48	static
cmd/nvedit.c:406:5:env_update_filter	944	static
cmd/nvedit.c:537:5:env_update	0	static
cmd/nvedit.c:1210:12:do_env_update	0	static
