cmd/pxe.c:1015:13:eol_or_eof	0	static
cmd/pxe.c:1612:12:do_pxe	48	static
cmd/pxe.c:563:13:label_print	0	static
cmd/pxe.c:129:12:do_get_tftp	48	static
cmd/pxe.c:40:14:from_env	32	static
cmd/pxe.c:534:13:label_destroy	32	static
cmd/pxe.c:1385:13:destroy_pxe_menu	48	static
cmd/pxe.c:171:12:do_get_any	16	static
cmd/pxe.c:158:12:do_get_fat	16	static
cmd/pxe.c:145:12:do_get_ext2	16	static
cmd/pxe.c:63:12:format_mac_pxe.constprop	48	static
cmd/pxe.c:192:12:get_relfile	224	static
cmd/pxe.c:232:12:get_pxe_file	48	static
cmd/pxe.c:275:12:get_pxelinux_path	192	static
cmd/pxe.c:369:1:do_pxe_get	96	static
cmd/pxe.c:424:12:get_relfile_envaddr	48	static
cmd/pxe.c:901:14:get_string.isra	64	static
cmd/pxe.c:970:13:get_token	80	static
cmd/pxe.c:1032:12:parse_sliteral	64	static
cmd/pxe.c:1052:12:parse_integer	64	static
cmd/pxe.c:1306:12:parse_pxefile_top	192	static
cmd/pxe.c:1082:12:handle_include	96	static
cmd/pxe.c:1414:25:parse_pxefile	48	static
cmd/pxe.c:616:12:label_boot	2336	static
cmd/pxe.c:1524:13:handle_pxe_menu	112	static
cmd/pxe.c:1567:1:do_pxe_boot	64	static
cmd/pxe.c:1646:12:do_sysboot	80	static
