common/android_bootloader.c:57:12:android_bootloader_message_write	48	static
common/android_bootloader.c:481:15:get_partition_size	64	static
common/android_bootloader.c:503:12:avb_image_distribute_prepare.constprop	80	static
common/android_bootloader.c:747:28:android_slot_verify	448	static
common/android_bootloader.c:35:5:android_bootloader_message_load	48	static
common/android_bootloader.c:123:5:android_bcb_write	2224	static
common/android_bootloader.c:295:5:android_bootloader_boot_kernel	240	static
common/android_bootloader.c:392:7:android_assemble_cmdline	208	static
common/android_bootloader.c:607:5:android_image_verify_resource	144	static
common/android_bootloader.c:966:12:board_select_fdt_index	0	static
common/android_bootloader.c:1082:5:android_fdt_overlay_apply	400	static
common/android_bootloader.c:1185:5:android_image_load_by_partname	192	static
common/android_bootloader.c:1211:5:android_bootloader_boot_flow	2256	static
common/android_bootloader.c:1396:5:android_avb_boot_flow	192	static
common/android_bootloader.c:1429:5:android_boot_flow	192	static
