include/log.h:320:19:log_init	0	static
common/board_f.c:131:12:display_text_info	0	static
common/board_f.c:244:12:setup_mon_len	0	static
common/board_f.c:264:12:arch_cpu_init	0	static
common/board_f.c:347:12:reserve_round_4k	0	static
common/board_f.c:424:12:reserve_uboot	0	static
common/board_f.c:446:12:reserve_malloc	0	static
common/board_f.c:492:12:reserve_global_data	0	static
common/board_f.c:501:12:reserve_fdt	0	static
common/board_f.c:210:12:dram_init_banksize	32	static
common/board_f.c:354:12:reserve_mmu	32	static
common/board_f.c:639:12:reloc_fdt	16	static
common/board_f.c:152:12:announce_serial	16	static
common/board_f.c:674:12:setup_reloc	16	static
common/board_f.c:169:12:announce_dram_init	16	static
common/board_f.c:472:12:reserve_board	16	static
common/board_f.c:381:12:reserve_video	32	static
common/board_f.c:794:12:initf_dm	0	static
common/board_f.c:760:12:initf_bootstage	16	static
common/board_f.c:121:12:init_baud_rate	16	static
common/board_f.c:820:12:arch_cpu_init_dm	0	static
common/board_f.c:269:12:mach_cpu_init	0	static
common/board_f.c:412:12:reserve_trace	0	static
common/board_f.c:484:12:setup_machine	0	static
common/board_f.c:533:12:reserve_bootstage	0	static
common/board_f.c:565:12:display_new_sp	0	static
common/board_f.c:656:12:reloc_bootstage	0	static
common/board_f.c:785:12:initf_console_record	0	static
common/board_f.c:815:12:reserve_arch	0	static
common/board_f.c:71:13:coloured_LED_init	0	static
common/board_f.c:72:13:red_led_on	0	static
common/board_f.c:73:13:red_led_off	0	static
common/board_f.c:74:13:green_led_on	0	static
common/board_f.c:75:13:green_led_off	0	static
common/board_f.c:76:13:yellow_led_on	0	static
common/board_f.c:77:13:yellow_led_off	0	static
common/board_f.c:78:13:blue_led_on	0	static
common/board_f.c:79:13:blue_led_off	0	static
common/board_f.c:116:13:board_add_ram_info	0	static
common/board_f.c:177:12:show_dram_config	32	static
common/board_f.c:275:14:board_get_usable_ram_top	0	static
common/board_f.c:292:12:setup_dest_addr	32	static
common/board_f.c:547:5:arch_reserve_stacks	0	static
common/board_f.c:552:12:reserve_stacks	0	static
common/board_f.c:974:6:board_init_f	16	static
