common/console.c:201:12:console_tstc	64	static
common/console.c:223:13:console_putc	64	static
common/console.c:30:12:on_console	48	static
common/console.c:316:5:serial_printf	1344	static
common/console.c:518:6:putc	0	static
common/console.c:595:6:puts	32	static
common/console.c:439:5:tstc	0	static
common/console.c:334:5:fgetc.part.0	48	static
common/console.c:413:5:getc	0	static
common/console.c:334:5:fgetc	0	static
common/console.c:366:5:ftstc	0	static
common/console.c:374:6:fputc	0	static
common/console.c:380:6:fputs	64	static
common/console.c:386:6:fclear	48	static
common/console.c:392:5:fprintf	1328	static
common/console.c:461:6:flushc	0	static
common/console.c:656:5:ctrlc	16	static
common/console.c:677:5:confirm_yesno	64	static
common/console.c:704:5:disable_ctrlc	0	static
common/console.c:712:5:had_ctrlc	0	static
common/console.c:717:6:clear_ctrlc	0	static
common/console.c:724:19:search_device	32	static
common/console.c:740:5:console_assign	32	static
common/console.c:780:5:console_announce_r	272	static
common/console.c:794:5:console_init_f	0	static
common/console.c:805:6:stdio_print_current_devices	32	static
common/console.c:832:5:console_init_r	64	static
