common/edid.c:2550:1:cea_db_offsets	0	static
common/edid.c:2642:13:drm_add_hdmi_modes	16	static
common/edid.c:2657:11:svd_to_vic	0	static
common/edid.c:3107:6:drm_get_max_frl_rate	0	static
common/edid.c:3338:12:drm_find_edid_extension	0	static
common/edid.c:3831:1:cea_mode_alternate_clock	0	static
common/edid.c:3935:1:hdmi_mode_alternate_clock	0	static
common/edid.c:4146:1:find_gtf2	0	static
common/edid.c:4254:1:mode_is_rb	0	static
common/edid.c:5795:11:hdmi_infoframe_checksum	0	static
common/edid.c:5807:13:hdmi_infoframe_set_checksum	16	static
common/edid.c:2070:14:snip	32	static
common/edid.c:1681:39:cea_mode_for_vic	0	static
common/edid.c:1933:12:drm_get_vrefresh	0	static
common/edid.c:5112:13:valid_inferred_mode	16	static
common/edid.c:4273:33:drm_mode_find_dmt	48	static
common/edid.c:2579:13:cea_db_is_hdmi_vsdb	0	static
common/edid.c:3654:1:drm_for_each_detailed_block	112	static
common/edid.c:4156:1:drm_gtf2_hbreak	32	static
common/edid.c:3864:6:drm_mode_equal_no_clocks_no_stereo	0	static
common/edid.c:4796:11:drm_match_hdmi_mode	16	static
common/edid.c:4230:1:is_rb	0	static
common/edid.c:4241:1:drm_monitor_supports_rb	32	static
common/edid.c:5152:13:fixup_mode_1366x768	0	static
common/edid.c:4748:1:do_established_modes	96	static
common/edid.c:6825:1:drm_do_probe_ddc_edid.constprop	176	static
common/edid.c:5383:6:drm_edid_block_valid.constprop	32	static
common/edid.c:4301:1:drm_gtf_mode_complex.constprop	80	static
common/edid.c:2691:13:bitmap_set.constprop	0	static
common/edid.c:2324:26:drm_cvt_mode.constprop	48	static
common/edid.c:4120:1:do_cvt_mode	144	static
common/edid.c:5083:1:mode_in_range	16	static
common/edid.c:5221:1:do_inferred_modes	96	static
common/edid.c:4543:1:drm_mode_std	96	static
common/edid.c:4655:1:do_standard_modes	64	static
common/edid.c:2667:1:drm_display_mode_from_vic_index	32	static
common/edid.c:4015:1:do_detailed_mode	128	static
common/edid.c:1706:5:edid_check_info	32	static
common/edid.c:1720:5:edid_check_checksum	0	static
common/edid.c:1731:5:edid_get_ranges	64	static
common/edid.c:1959:5:edid_get_drm_mode	48	static
common/edid.c:2007:5:edid_get_timing	48	static
common/edid.c:2157:6:edid_print_info	96	static
common/edid.c:2722:5:do_cea_modes	80	static
common/edid.c:3379:6:drm_detect_hdmi_monitor	32	static
common/edid.c:3416:6:drm_detect_monitor_audio	32	static
common/edid.c:5570:4:drm_match_cea_mode	16	static
common/edid.c:3275:1:drm_default_rgb_quant_range	16	static
common/edid.c:5495:5:drm_add_edid_modes	240	static
common/edid.c:5673:5:hdmi_vendor_infoframe_init	32	static
common/edid.c:5699:1:drm_hdmi_avi_infoframe_quant_range	32	static
common/edid.c:5763:1:drm_hdmi_vendor_infoframe_from_display_mode	48	static
common/edid.c:5820:5:hdmi_avi_infoframe_init	32	static
common/edid.c:5606:1:drm_hdmi_avi_infoframe_from_display_mode	48	static
common/edid.c:5846:9:hdmi_avi_infoframe_pack	48	static
common/edid.c:5937:5:hdmi_avi_infoframe_check	0	static
common/edid.c:5957:9:hdmi_avi_infoframe_pack_only	48	static
common/edid.c:6039:5:hdmi_spd_infoframe_init	48	static
common/edid.c:6069:9:hdmi_spd_infoframe_pack	48	static
common/edid.c:6107:5:hdmi_audio_infoframe_init	32	static
common/edid.c:6132:9:hdmi_audio_infoframe_pack	48	static
common/edid.c:6188:9:hdmi_vendor_infoframe_pack	48	static
common/edid.c:6247:5:hdmi_drm_infoframe_init	32	static
common/edid.c:6271:9:hdmi_drm_infoframe_pack	48	static
common/edid.c:6365:1:hdmi_infoframe_pack	16	static
common/edid.c:6625:5:hdmi_infoframe_unpack	64	static
common/edid.c:6657:6:drm_mode_sort	208	static
common/edid.c:6716:5:drm_mode_prune_invalid	80	static
common/edid.c:6744:6:drm_rk_filter_whitelist	80	static
common/edid.c:6785:6:drm_rk_select_mode	176	static
common/edid.c:6867:5:drm_do_get_edid	96	static
common/edid.c:6992:4:drm_scdc_readb	80	static
common/edid.c:7011:4:drm_scdc_writeb	80	static
