common/fdt_support.c:1133:12:of_bus_default_map	0	static
common/fdt_support.c:1660:12:fdt_read_prop	0	static
common/fdt_support.c:467:12:fdt_pack_reg	64	static
common/fdt_support.c:1150:12:of_bus_default_translate	64	static
common/fdt_support.c:1116:6:fdt_support_default_count_cells	48	static
common/fdt_support.c:41:5:fdt_getprop_u32_default_node	48	static
common/fdt_support.c:71:5:fdt_getprop_u32_default	48	static
common/fdt_support.c:95:5:fdt_find_and_setprop	64	static
common/fdt_support.c:119:5:fdt_find_or_add_subnode	48	static
common/fdt_support.c:188:5:fdt_setprop_uxx	32	static
common/fdt_support.c:197:5:fdt_root	32	static
common/fdt_support.c:223:5:fdt_initrd	80	static
common/fdt_support.c:350:14:board_fdt_chosen_bootargs	0	static
common/fdt_support.c:355:5:fdt_chosen	48	static
common/fdt_support.c:386:6:do_fixup_by_path	32	static
common/fdt_support.c:402:6:do_fixup_by_path_u32	32	static
common/fdt_support.c:409:6:do_fixup_by_prop	96	static
common/fdt_support.c:430:6:do_fixup_by_prop_u32	32	static
common/fdt_support.c:438:6:do_fixup_by_compat	80	static
common/fdt_support.c:457:6:do_fixup_by_compat_u32	32	static
common/fdt_support.c:492:5:fdt_record_loadable	96	static
common/fdt_support.c:538:5:fdt_fixup_memory_banks	272	static
common/fdt_support.c:608:5:fdt_fixup_memory	32	static
common/fdt_support.c:613:5:fdt_update_reserved_memory	80	static
common/fdt_support.c:636:6:fdt_fixup_ethernet	128	static
common/fdt_support.c:715:5:fdt_shrink_to_minimum	64	static
common/fdt_support.c:828:5:fdt_increase_size	0	static
common/fdt_support.c:283:5:fdt_bootargs_append	80	static
common/fdt_support.c:323:5:fdt_bootargs_append_ab	64	static
common/fdt_support.c:1042:6:fdt_del_node_and_alias	32	static
common/fdt_support.c:1394:5:fdt_translate_address	160	static
common/fdt_support.c:1409:5:fdt_node_offset_by_compat_reg	80	static
common/fdt_support.c:1430:5:fdt_alloc_phandle	48	static
common/fdt_support.c:1450:5:fdt_set_phandle	64	static
common/fdt_support.c:1489:14:fdt_create_phandle	48	static
common/fdt_support.c:1519:5:fdt_set_node_status	64	static
common/fdt_support.c:1560:5:fdt_set_status_by_alias	48	static
common/fdt_support.c:1569:5:fdt_add_edid	64	static
common/fdt_support.c:1606:5:fdt_verify_alias_address	80	static
common/fdt_support.c:1647:5:fdt_get_base_address	48	static
common/fdt_support.c:1696:5:fdt_read_range	112	static
common/fdt_support.c:1764:5:fdt_setup_simplefb_node	144	static
common/fdt_support.c:1817:5:fdt_fixup_display	80	static
common/fdt_support.c:1852:5:fdt_overlay_apply_verbose	48	static
