common/image-android.c:147:14:android_image_get_kernel_addr	0	static
common/image-android.c:835:14:android_image_get_comp_addr	48	static
common/image-android.c:425:12:image_load.constprop	384	static
common/image-android.c:184:6:android_image_set_comp	0	static
common/image-android.c:189:5:android_image_get_comp	0	static
common/image-android.c:194:5:android_image_parse_kernel_comp	16	static
common/image-android.c:215:5:android_image_get_kernel	80	static
common/image-android.c:270:5:android_image_check_header	0	static
common/image-android.c:703:12:android_image_separate	48	static
common/image-android.c:792:12:android_image_separate_v34	48	static
common/image-android.c:1062:1:extract_boot_image_v34_header	192	static
common/image-android.c:275:7:android_image_get_end	0	static
common/image-android.c:304:5:android_image_get_ksize	0	static
common/image-android.c:309:6:android_image_set_kload	0	static
common/image-android.c:314:7:android_image_get_kload	0	static
common/image-android.c:319:5:android_image_get_ramdisk	48	static
common/image-android.c:372:5:android_image_get_fdt	32	static
common/image-android.c:895:6:android_image_set_decomp	48	static
common/image-android.c:921:5:android_image_memcpy_separate	48	static
common/image-android.c:1141:5:populate_boot_info	64	static
common/image-android.c:1254:22:populate_andr_img_hdr	336	static
common/image-android.c:77:5:android_bcb_msg_sector_offset	192	static
common/image-android.c:105:5:android_image_init_resource	208	static
common/image-android.c:959:6:android_image_load	64	static
common/image-android.c:1358:6:android_print_contents	48	static
