common/usb.c:321:1:usb_set_maxpacket_ep	0	static
common/usb.c:200:5:usb_int_msg	0	static
common/usb.c:216:5:usb_control_msg	160	static
common/usb.c:574:12:usb_get_descriptor	32	static
common/usb.c:939:12:get_descriptor_len	624	static
common/usb.c:964:12:usb_setup_descriptor	32	static
common/usb.c:740:12:usb_get_string	96	static
common/usb.c:776:12:usb_string_sub	48	static
common/usb.c:271:5:usb_bulk_msg	48	static
common/usb.c:300:5:usb_maxpacket	0	static
common/usb.c:545:5:usb_clear_halt	64	static
common/usb.c:586:5:usb_get_configuration_len	160	static
common/usb.c:609:5:usb_get_configuration_no	32	static
common/usb.c:639:5:usb_set_interface	32	static
common/usb.c:697:5:usb_set_protocol	32	static
common/usb.c:707:5:usb_set_idle	32	static
common/usb.c:717:5:usb_get_report	32	static
common/usb.c:729:5:usb_get_class_descriptor	32	static
common/usb.c:816:5:usb_string	640	static
common/usb.c:1088:5:usb_select_config	128	static
common/usb.c:1171:5:usb_setup_device	80	static
common/usb.c:1225:5:board_usb_init	0	static
common/usb.c:1231:5:board_usb_cleanup	0	static
common/usb.c:1236:6:usb_device_has_child_on_port	0	static
common/usb.c:1246:6:usb_find_usb2_hub_address_port	48	static
