drivers/video/drm/drm_mipi_dsi.c:44:16:mipi_dsi_device_transfer	0	static
drivers/video/drm/drm_mipi_dsi.c:20:5:mipi_dsi_attach	0	static
drivers/video/drm/drm_mipi_dsi.c:34:5:mipi_dsi_detach	0	static
drivers/video/drm/drm_mipi_dsi.c:65:6:mipi_dsi_packet_format_is_short	0	static
drivers/video/drm/drm_mipi_dsi.c:101:6:mipi_dsi_packet_format_is_long	0	static
drivers/video/drm/drm_mipi_dsi.c:134:5:mipi_dsi_create_packet	32	static
drivers/video/drm/drm_mipi_dsi.c:174:5:mipi_dsi_shutdown_peripheral	64	static
drivers/video/drm/drm_mipi_dsi.c:193:5:mipi_dsi_turn_on_peripheral	64	static
drivers/video/drm/drm_mipi_dsi.c:215:5:mipi_dsi_set_maximum_return_packet_size	64	static
drivers/video/drm/drm_mipi_dsi.c:240:9:mipi_dsi_compression_mode	64	static
drivers/video/drm/drm_mipi_dsi.c:264:9:mipi_dsi_picture_parameter_set	64	static
drivers/video/drm/drm_mipi_dsi.c:290:9:mipi_dsi_generic_write	64	static
drivers/video/drm/drm_mipi_dsi.c:331:9:mipi_dsi_generic_read	64	static
drivers/video/drm/drm_mipi_dsi.c:374:9:mipi_dsi_dcs_write_buffer	64	static
drivers/video/drm/drm_mipi_dsi.c:416:9:mipi_dsi_dcs_write	80	static
drivers/video/drm/drm_mipi_dsi.c:454:9:mipi_dsi_dcs_read	80	static
drivers/video/drm/drm_mipi_dsi.c:475:5:mipi_dsi_dcs_nop	32	static
drivers/video/drm/drm_mipi_dsi.c:492:5:mipi_dsi_dcs_soft_reset	32	static
drivers/video/drm/drm_mipi_dsi.c:511:5:mipi_dsi_dcs_get_power_mode	16	static
drivers/video/drm/drm_mipi_dsi.c:535:5:mipi_dsi_dcs_get_pixel_format	16	static
drivers/video/drm/drm_mipi_dsi.c:558:5:mipi_dsi_dcs_enter_sleep_mode	32	static
drivers/video/drm/drm_mipi_dsi.c:576:5:mipi_dsi_dcs_exit_sleep_mode	32	static
drivers/video/drm/drm_mipi_dsi.c:594:5:mipi_dsi_dcs_set_display_off	32	static
drivers/video/drm/drm_mipi_dsi.c:612:5:mipi_dsi_dcs_set_display_on	32	static
drivers/video/drm/drm_mipi_dsi.c:632:5:mipi_dsi_dcs_set_column_address	32	static
drivers/video/drm/drm_mipi_dsi.c:655:5:mipi_dsi_dcs_set_page_address	32	static
drivers/video/drm/drm_mipi_dsi.c:676:5:mipi_dsi_dcs_set_tear_off	32	static
drivers/video/drm/drm_mipi_dsi.c:695:5:mipi_dsi_dcs_set_tear_on	32	static
drivers/video/drm/drm_mipi_dsi.c:717:5:mipi_dsi_dcs_set_pixel_format	32	static
drivers/video/drm/drm_mipi_dsi.c:737:5:mipi_dsi_dcs_set_tear_scanline	32	static
drivers/video/drm/drm_mipi_dsi.c:758:5:mipi_dsi_dcs_set_display_brightness	32	static
drivers/video/drm/drm_mipi_dsi.c:780:5:mipi_dsi_dcs_get_display_brightness	16	static
