drivers/video/drm/dw_mipi_dsi.c:275:13:grf_field_write	0	static
drivers/video/drm/dw_mipi_dsi.c:1673:12:dw_mipi_dsi_child_pre_probe	32	static
drivers/video/drm/dw_mipi_dsi.c:1648:12:dw_mipi_dsi_child_post_bind	80	static
drivers/video/drm/dw_mipi_dsi.c:1312:12:dw_mipi_dsi_connector_disable	16	static
drivers/video/drm/dw_mipi_dsi.c:1302:12:dw_mipi_dsi_connector_enable	16	static
drivers/video/drm/dw_mipi_dsi.c:1617:12:dw_mipi_dsi_host_attach	32	static
drivers/video/drm/dw_mipi_dsi.c:932:13:dw_mipi_dsi_post_disable	32	static
drivers/video/drm/dw_mipi_dsi.c:1294:13:dw_mipi_dsi_connector_unprepare	16	static
drivers/video/drm/dw_mipi_dsi.c:453:13:testif_write	48	static
drivers/video/drm/dw_mipi_dsi.c:500:13:dw_mipi_dsi_phy_init	672	static
drivers/video/drm/dw_mipi_dsi.c:1090:12:dw_mipi_dsi_connector_init	64	static
drivers/video/drm/dw_mipi_dsi.c:1330:12:dw_mipi_dsi_probe	48	static
drivers/video/drm/dw_mipi_dsi.c:1638:12:dw_mipi_dsi_bind	32	static
drivers/video/drm/dw_mipi_dsi.c:718:16:dw_mipi_dsi_transfer	112	static
drivers/video/drm/dw_mipi_dsi.c:1609:16:dw_mipi_dsi_host_transfer	32	static
drivers/video/drm/dw_mipi_dsi.c:1019:12:dw_mipi_dsi_get_hcomponent_lbcc.isra	0	static
drivers/video/drm/dw_mipi_dsi.c:1242:13:dw_mipi_dsi_pre_enable	112	static
drivers/video/drm/dw_mipi_dsi.c:1261:12:dw_mipi_dsi_connector_prepare	48	static
