drivers/video/drm/rockchip_connector.c:66:12:rockchip_connector_path_init	32	static
drivers/video/drm/rockchip_connector.c:124:13:rockchip_connector_path_detect	32	static
drivers/video/drm/rockchip_connector.c:297:12:rockchip_connector_path_post_disable.isra	32	static
drivers/video/drm/rockchip_connector.c:268:12:rockchip_connector_path_disable.isra	32	static
drivers/video/drm/rockchip_connector.c:239:12:rockchip_connector_path_enable.isra	32	static
drivers/video/drm/rockchip_connector.c:210:12:rockchip_connector_path_pre_enable.isra	32	static
drivers/video/drm/rockchip_connector.c:20:5:rockchip_connector_bind	0	static
drivers/video/drm/rockchip_connector.c:33:28:get_rockchip_connector_by_device	0	static
drivers/video/drm/rockchip_connector.c:45:5:rockchip_connector_pre_init	32	static
drivers/video/drm/rockchip_connector.c:89:5:rockchip_connector_init	32	static
drivers/video/drm/rockchip_connector.c:108:5:rockchip_connector_deinit	32	static
drivers/video/drm/rockchip_connector.c:149:6:rockchip_connector_detect	32	static
drivers/video/drm/rockchip_connector.c:168:5:rockchip_connector_get_timing	32	static
drivers/video/drm/rockchip_connector.c:189:5:rockchip_connector_get_edid	32	static
drivers/video/drm/rockchip_connector.c:225:5:rockchip_connector_pre_enable	32	static
drivers/video/drm/rockchip_connector.c:254:5:rockchip_connector_enable	32	static
drivers/video/drm/rockchip_connector.c:283:5:rockchip_connector_disable	32	static
drivers/video/drm/rockchip_connector.c:312:5:rockchip_connector_post_disable	32	static
