drivers/video/drm/rockchip_lvds.c:195:12:rockchip_lvds_probe	32	static
drivers/video/drm/rockchip_lvds.c:176:12:rockchip_lvds_connector_disable	32	static
drivers/video/drm/rockchip_lvds.c:154:12:rockchip_lvds_connector_enable	32	static
drivers/video/drm/rockchip_lvds.c:110:12:rockchip_lvds_connector_init	64	static
drivers/video/drm/rockchip_lvds.c:341:13:rk3568_lvds_disable	0	static
drivers/video/drm/rockchip_lvds.c:332:13:rk3568_lvds_enable	32	static
drivers/video/drm/rockchip_lvds.c:322:13:rk3562_lvds_disable	0	static
drivers/video/drm/rockchip_lvds.c:313:13:rk3562_lvds_enable	32	static
drivers/video/drm/rockchip_lvds.c:302:13:rk3368_lvds_disable	0	static
drivers/video/drm/rockchip_lvds.c:294:13:rk3368_lvds_enable	0	static
drivers/video/drm/rockchip_lvds.c:284:13:rk3288_lvds_disable	0	static
drivers/video/drm/rockchip_lvds.c:240:13:rk3126_lvds_disable	0	static
drivers/video/drm/rockchip_lvds.c:233:13:rk3126_lvds_enable	0	static
drivers/video/drm/rockchip_lvds.c:222:13:px30_lvds_disable	0	static
drivers/video/drm/rockchip_lvds.c:214:13:px30_lvds_enable	0	static
drivers/video/drm/rockchip_lvds.c:251:13:rk3288_lvds_enable	32	static
