drivers/video/drm/rockchip_vop2.c:1459:13:is_yuv_output	0	static
drivers/video/drm/rockchip_vop2.c:1601:13:rk3588_vop2_load_lut	0	static
drivers/video/drm/rockchip_vop2.c:1736:13:vop2_bcsh_reg_update	0	static
drivers/video/drm/rockchip_vop2.c:1843:13:vop2_setup_dly_for_vp	0	static
drivers/video/drm/rockchip_vop2.c:3945:13:vop2_axi_config	0	static
drivers/video/drm/rockchip_vop2.c:4261:12:rockchip_vop2_prepare	0	static
drivers/video/drm/rockchip_vop2.c:4285:12:rockchip_vop2_enable	0	static
drivers/video/drm/rockchip_vop2.c:4306:12:rockchip_vop2_disable	0	static
drivers/video/drm/rockchip_vop2.c:4479:12:rockchip_vop2_apply_soft_te	64	static
drivers/video/drm/rockchip_vop2.c:4545:12:rockchip_vop2_active_regs_dump	80	static
drivers/video/drm/rockchip_vop2.c:4516:12:rockchip_vop2_regs_dump	80	static
drivers/video/drm/rockchip_vop2.c:4410:12:rockchip_vop2_check	16	static
drivers/video/drm/rockchip_vop2.c:1481:12:vop2_convert_csc_mode	16	static
drivers/video/drm/rockchip_vop2.c:1777:13:vop2_tv_config_update	96	static
drivers/video/drm/rockchip_vop2.c:1955:13:vop3_post_acm_config	48	static
drivers/video/drm/rockchip_vop2.c:4428:12:rockchip_vop2_mode_valid	80	static
drivers/video/drm/rockchip_vop2.c:4367:12:rockchip_vop2_fixup_dts	128	static
drivers/video/drm/rockchip_vop2.c:1421:14:get_plane_name	32	static
drivers/video/drm/rockchip_vop2.c:1389:14:get_output_if_name	32	static
drivers/video/drm/rockchip_vop2.c:2017:13:vop3_post_csc_config	160	static
drivers/video/drm/rockchip_vop2.c:3205:14:vop2_clk_set_rate	16	static
drivers/video/drm/rockchip_vop2.c:2552:22:vop2_calc_dclk	0	static
drivers/video/drm/rockchip_vop2.c:1269:17:vop3_scale_factor.part.0	80	static
drivers/video/drm/rockchip_vop2.c:1223:17:vop2_scale_factor.part.0	80	static
drivers/video/drm/rockchip_vop2.c:3444:13:is_extend_pll	144	static
drivers/video/drm/rockchip_vop2.c:2296:13:vop3_ignore_plane	0	static
drivers/video/drm/rockchip_vop2.c:2155:12:vop2_power_domain_on	48	static
drivers/video/drm/rockchip_vop2.c:3264:13:vop2_dsc_enable	320	static
drivers/video/drm/rockchip_vop2.c:1560:30:vop2_find_win_by_phys_id.isra	0	static
drivers/video/drm/rockchip_vop2.c:1896:13:vop2_post_config	64	static
drivers/video/drm/rockchip_vop2.c:4449:12:rockchip_vop2_plane_check	80	static
drivers/video/drm/rockchip_vop2.c:2505:12:rockchip_vop2_preinit	96	static
drivers/video/drm/rockchip_vop2.c:3801:13:vop2_setup_scale	128	static
drivers/video/drm/rockchip_vop2.c:3966:13:vop2_set_cluster_win	112	static
drivers/video/drm/rockchip_vop2.c:4053:13:vop2_set_smart_win	128	static
drivers/video/drm/rockchip_vop2.c:4197:12:rockchip_vop2_set_plane	176	static
drivers/video/drm/rockchip_vop2.c:3484:12:rockchip_vop2_init	352	static
