drivers/video/drm/rockchip_rgb.c:161:13:rockchip_rgb_connector_unprepare	32	static
drivers/video/drm/rockchip_rgb.c:135:12:rockchip_rgb_connector_prepare	32	static
drivers/video/drm/rockchip_rgb.c:175:12:rockchip_rgb_connector_init	32	static
drivers/video/drm/rockchip_rgb.c:361:12:rockchip_mcu_panel_parse_cmds	48	static
drivers/video/drm/rockchip_rgb.c:479:12:rockchip_rgb_probe	80	static
drivers/video/drm/rockchip_rgb.c:549:13:rv1126_rgb_prepare	0	static
drivers/video/drm/rockchip_rgb.c:537:13:rv1106_rgb_prepare	32	static
drivers/video/drm/rockchip_rgb.c:619:13:rk3568_rgb_prepare	0	static
drivers/video/drm/rockchip_rgb.c:609:13:rk3562_rgb_prepare	0	static
drivers/video/drm/rockchip_rgb.c:600:13:rk3368_rgb_prepare	0	static
drivers/video/drm/rockchip_rgb.c:588:13:rk3288_rgb_unprepare	0	static
drivers/video/drm/rockchip_rgb.c:579:13:rk3288_rgb_prepare	32	static
drivers/video/drm/rockchip_rgb.c:569:13:rk1808_rgb_prepare	0	static
drivers/video/drm/rockchip_rgb.c:559:13:px30_rgb_prepare	0	static
drivers/video/drm/rockchip_rgb.c:338:13:rockchip_mcu_panel_disable	32	static
drivers/video/drm/rockchip_rgb.c:322:13:rockchip_mcu_panel_enable	32	static
drivers/video/drm/rockchip_rgb.c:237:12:rockchip_mcu_panel_send_cmds	48	static
drivers/video/drm/rockchip_rgb.c:296:13:rockchip_mcu_panel_unprepare	32	static
drivers/video/drm/rockchip_rgb.c:261:13:rockchip_mcu_panel_prepare	48	static
