include/linux/unaligned/le_byteshift.h:11:19:__get_unaligned_le32	0	static
drivers/video/drm/rockchip_display.c:2285:5:rockchip_display_bind	16	static
drivers/video/drm/rockchip_display.c:1545:34:rockchip_of_graph_get_port_parent	32	static
drivers/video/drm/rockchip_display.c:1700:29:rockchip_of_find_phy	32	static
drivers/video/drm/rockchip_display.c:1049:12:display_rect_calc_scale	16	static
drivers/video/drm/rockchip_display.c:721:12:display_get_edid_mode.isra	64	static
drivers/video/drm/rockchip_display.c:80:6:rockchip_display_make_crc32_table	0	static
drivers/video/drm/rockchip_display.c:101:10:rockchip_display_crc32c_cal	0	static
drivers/video/drm/rockchip_display.c:115:5:rockchip_get_baseparameter	1048816	dynamic,bounded
drivers/video/drm/rockchip_display.c:150:25:rockchip_get_disp_info	48	static
drivers/video/drm/rockchip_display.c:275:7:get_display_buffer	16	static
drivers/video/drm/rockchip_display.c:313:15:get_cubic_lut_buffer	0	static
drivers/video/drm/rockchip_display.c:324:6:can_direct_logo	0	static
drivers/video/drm/rockchip_display.c:357:5:drm_mode_vrefresh	0	static
drivers/video/drm/rockchip_display.c:383:5:rockchip_ofnode_get_display_mode	112	static
drivers/video/drm/rockchip_display.c:515:6:drm_mode_max_resolution_filter	0	static
drivers/video/drm/rockchip_display.c:542:6:drm_mode_set_crtcinfo	0	static
drivers/video/drm/rockchip_display.c:1135:12:display_logo	224	static
drivers/video/drm/rockchip_display.c:619:6:drm_mode_is_420_only	32	static
drivers/video/drm/rockchip_display.c:638:6:drm_mode_is_420_also	32	static
drivers/video/drm/rockchip_display.c:657:6:drm_mode_is_420	32	static
drivers/video/drm/rockchip_display.c:956:5:display_send_mcu_cmd	0	static
drivers/video/drm/rockchip_display.c:1069:5:display_rect_calc_hscale	48	static
drivers/video/drm/rockchip_display.c:1083:5:display_rect_calc_vscale	48	static
drivers/video/drm/rockchip_display.c:1270:29:find_or_alloc_logo_cache	48	static
drivers/video/drm/rockchip_display.c:1331:12:load_bmp_logo	96	static
drivers/video/drm/rockchip_display.c:1433:6:rockchip_show_fbbase	48	static
drivers/video/drm/rockchip_display.c:1449:5:rockchip_show_bmp	48	static
drivers/video/drm/rockchip_display.c:2318:12:do_rockchip_show_bmp	16	static
drivers/video/drm/rockchip_display.c:1470:5:rockchip_show_logo	48	static
drivers/video/drm/rockchip_display.c:2307:12:do_rockchip_logo_show	16	static
drivers/video/drm/rockchip_display.c:1488:5:rockchip_vop_dump	64	static
drivers/video/drm/rockchip_display.c:2329:12:do_rockchip_vop_dump	0	static
drivers/video/drm/rockchip_display.c:1559:1:rockchip_of_graph_get_endpoint_by_regs	64	static
drivers/video/drm/rockchip_display.c:1583:1:rockchip_of_graph_get_remote_node.constprop	32	static
drivers/video/drm/rockchip_display.c:1673:12:rockchip_of_find_panel_or_bridge.isra	80	static
drivers/video/drm/rockchip_display.c:1905:12:rockchip_display_probe	176	static
drivers/video/drm/rockchip_display.c:2124:6:rockchip_display_fixup	80	static
