drivers/mmc/mmc-uclass.c:336:12:mmc_blk_probe	16	static
drivers/mmc/mmc-uclass.c:88:6:mmc_card_busy	0	static
drivers/mmc/mmc-uclass.c:97:6:mmc_can_card_busy	0	static
drivers/mmc/mmc-uclass.c:104:5:dm_mmc_set_ios	0	static
drivers/mmc/mmc-uclass.c:113:5:mmc_set_ios	0	static
drivers/mmc/mmc-uclass.c:118:5:dm_mmc_get_wp	0	static
drivers/mmc/mmc-uclass.c:127:5:mmc_getwp	0	static
drivers/mmc/mmc-uclass.c:132:5:dm_mmc_get_cd	0	static
drivers/mmc/mmc-uclass.c:141:5:mmc_getcd	0	static
drivers/mmc/mmc-uclass.c:156:5:mmc_set_enhanced_strobe	0	static
drivers/mmc/mmc-uclass.c:160:13:mmc_get_mmc_dev	16	static
drivers/mmc/mmc-uclass.c:18:5:dm_mmc_send_cmd	80	static
drivers/mmc/mmc-uclass.c:76:5:mmc_send_cmd	0	static
drivers/mmc/mmc-uclass.c:321:12:mmc_select_hwpart	48	static
drivers/mmc/mmc-uclass.c:171:13:find_mmc_device	48	static
drivers/mmc/mmc-uclass.c:192:5:get_mmc_num	16	static
drivers/mmc/mmc-uclass.c:197:5:mmc_get_next_devnum	0	static
drivers/mmc/mmc-uclass.c:202:18:mmc_get_blk_desc	32	static
drivers/mmc/mmc-uclass.c:215:6:mmc_do_preinit	48	static
drivers/mmc/mmc-uclass.c:238:6:print_mmc_devices	80	static
drivers/mmc/mmc-uclass.c:271:5:mmc_bind	80	static
drivers/mmc/mmc-uclass.c:308:5:mmc_unbind	32	static
