fs/fs.c:28:19:fs_probe_unsupported	16	static
fs/fs.c:35:19:fs_ls_unsupported	0	static
fs/fs.c:69:19:fs_exists_unsupported	0	static
fs/fs.c:74:19:fs_size_unsupported	0	static
fs/fs.c:79:19:fs_read_unsupported	0	static
fs/fs.c:93:20:fs_close_unsupported	0	static
fs/fs.c:102:19:fs_opendir_unsupported	0	static
fs/fs.c:238:28:fs_get_info	0	static
fs/fs.c:339:13:fs_close	32	static
fs/fs.c:86:19:fs_write_unsupported	0	static
fs/fs.c:97:19:fs_uuid_unsupported	0	static
fs/fs.c:252:5:fs_set_blk_dev	64	static
fs/fs.c:297:5:fs_set_blk_dev_with_part	48	static
fs/fs.c:320:5:fs_get_fstype	16	static
fs/fs.c:348:5:fs_uuid	16	static
fs/fs.c:355:5:fs_ls	32	static
fs/fs.c:369:5:fs_exists	32	static
fs/fs.c:382:5:fs_size	32	static
fs/fs.c:395:5:fs_read	48	static
fs/fs.c:418:5:fs_write	48	static
fs/fs.c:438:23:fs_opendir	48	static
fs/fs.c:457:19:fs_readdir	48	static
fs/fs.c:476:6:fs_closedir	32	static
fs/fs.c:42:12:fs_ls_generic	64	static
fs/fs.c:491:5:do_size	48	static
fs/fs.c:510:5:do_load	96	static
fs/fs.c:580:5:do_ls	32	static
fs/fs.c:597:5:file_exists	32	static
fs/fs.c:606:5:do_save	96	static
fs/fs.c:648:5:do_fs_uuid	96	static
fs/fs.c:673:5:do_fs_type	48	static
