lib/optee_clientApi/OpteeClientRkNewFs_v1.c:102:12:check_security_exist	32	static
lib/optee_clientApi/OpteeClientRkNewFs_v1.c:437:12:rkss_read_patition_tables	32	static
lib/optee_clientApi/OpteeClientRkNewFs_v1.c:620:12:rkss_get_fileinfo_by_name	656	static
lib/optee_clientApi/OpteeClientRkNewFs_v1.c:383:12:rkss_read_multi_sections	64	static
lib/optee_clientApi/OpteeClientRkNewFs_v1.c:589:12:rkss_get_fileinfo_by_index	576	static
lib/optee_clientApi/OpteeClientRkNewFs_v1.c:407:12:rkss_write_multi_sections	128	static
lib/optee_clientApi/OpteeClientRkNewFs_v1.c:838:12:rkss_decref_multi_usedflags_sections	608	static
lib/optee_clientApi/OpteeClientRkNewFs_v1.c:925:12:rkss_write_back_ptable	576	static
lib/optee_clientApi/OpteeClientRkNewFs_v1.c:139:12:rkss_begin_commit	48	static
lib/optee_clientApi/OpteeClientRkNewFs_v1.c:170:12:rkss_finish_commit	32	static
lib/optee_clientApi/OpteeClientRkNewFs_v1.c:993:20:ree_fs_new_create.constprop	736	static
lib/optee_clientApi/OpteeClientRkNewFs_v1.c:1471:5:tee_supp_rk_fs_init_v1	624	static
lib/optee_clientApi/OpteeClientRkNewFs_v1.c:1561:5:tee_supp_rk_fs_process_v1	768	static
