drivers/block/blk-uclass.c:177:12:get_desc	80	static
drivers/block/blk-uclass.c:53:14:if_typename_to_iftype	48	static
drivers/block/blk-uclass.c:71:13:blk_get_if_type_name	0	static
drivers/block/blk-uclass.c:95:18:blk_get_devnum_by_typename	64	static
drivers/block/blk-uclass.c:222:5:blk_list_part	64	static
drivers/block/blk-uclass.c:247:5:blk_print_part_devnum	48	static
drivers/block/blk-uclass.c:262:6:blk_list_devices	64	static
drivers/block/blk-uclass.c:281:5:blk_print_device_num	48	static
drivers/block/blk-uclass.c:295:5:blk_show_device	48	static
drivers/block/blk-uclass.c:357:5:blk_select_hwpart	0	static
drivers/block/blk-uclass.c:369:5:blk_dselect_hwpart	0	static
drivers/block/blk-uclass.c:374:5:blk_first_device	48	static
drivers/block/blk-uclass.c:396:5:blk_next_device	48	static
drivers/block/blk-uclass.c:415:5:blk_find_device	80	static
drivers/block/blk-uclass.c:438:5:blk_get_device	32	static
drivers/block/blk-uclass.c:76:18:blk_get_devnum_by_type	32	static
drivers/block/blk-uclass.c:210:5:blk_select_hwpart_devnum	48	static
drivers/block/blk-uclass.c:449:15:blk_dread	0	static
drivers/block/blk-uclass.c:316:7:blk_read_devnum	64	static
drivers/block/blk-uclass.c:470:15:blk_dwrite	0	static
drivers/block/blk-uclass.c:333:7:blk_write_devnum	64	static
drivers/block/blk-uclass.c:483:15:blk_derase	0	static
drivers/block/blk-uclass.c:345:7:blk_erase_devnum	48	static
drivers/block/blk-uclass.c:496:5:blk_prepare_device	16	static
drivers/block/blk-uclass.c:505:5:blk_get_from_parent	48	static
drivers/block/blk-uclass.c:531:5:blk_find_max_devnum	64	static
drivers/block/blk-uclass.c:599:5:blk_create_device	128	static
drivers/block/blk-uclass.c:631:5:blk_create_devicef	112	static
drivers/block/blk-uclass.c:654:5:blk_unbind_all	48	static
