drivers/crypto/rockchip/crypto_v2_pka.c:787:12:mpa_highest_bit_index	0	static
drivers/crypto/rockchip/crypto_v2_pka.c:806:12:rk_check_size	0	static
drivers/crypto/rockchip/crypto_v2_pka.c:16:6:rk_pka_ram_ctrl_enable	0	static
drivers/crypto/rockchip/crypto_v2_pka.c:22:6:rk_pka_ram_ctrl_disable	0	static
drivers/crypto/rockchip/crypto_v2_pka.c:28:6:rk_pka_wait_on_ram_ready	0	static
drivers/crypto/rockchip/crypto_v2_pka.c:37:6:rk_pka_wait_on_pipe_ready	0	static
drivers/crypto/rockchip/crypto_v2_pka.c:46:6:rk_pka_wait_on_done	0	static
drivers/crypto/rockchip/crypto_v2_pka.c:55:6:rk_pka_set_startmemaddr_reg	0	static
drivers/crypto/rockchip/crypto_v2_pka.c:60:6:rk_pka_set_N_NP_T0_T1_reg	16	static
drivers/crypto/rockchip/crypto_v2_pka.c:71:6:rk_pka_set_default_N_NP_T0_T1_reg	0	static
drivers/crypto/rockchip/crypto_v2_pka.c:76:6:rk_pka_get_status	16	static
drivers/crypto/rockchip/crypto_v2_pka.c:82:6:rk_pka_get_status_alu_outzero	16	static
drivers/crypto/rockchip/crypto_v2_pka.c:89:6:rk_pka_get_status_mod_overfl	16	static
drivers/crypto/rockchip/crypto_v2_pka.c:96:6:rk_pka_get_status_div_byzero	16	static
drivers/crypto/rockchip/crypto_v2_pka.c:103:6:rk_pka_get_status_carry	16	static
drivers/crypto/rockchip/crypto_v2_pka.c:110:6:rk_pka_get_status_alu_signout	16	static
drivers/crypto/rockchip/crypto_v2_pka.c:117:6:rk_pka_get_status_modinv_ofzero	16	static
drivers/crypto/rockchip/crypto_v2_pka.c:124:6:rk_pka_get_status_opcode	16	static
drivers/crypto/rockchip/crypto_v2_pka.c:132:6:rk_pka_get_status_tag	16	static
drivers/crypto/rockchip/crypto_v2_pka.c:139:6:rk_pka_set_regsize	16	static
drivers/crypto/rockchip/crypto_v2_pka.c:145:6:rk_pka_read_regsize	16	static
drivers/crypto/rockchip/crypto_v2_pka.c:151:6:rk_pka_set_regaddr	16	static
drivers/crypto/rockchip/crypto_v2_pka.c:157:6:rk_pka_get_regaddr	0	static
drivers/crypto/rockchip/crypto_v2_pka.c:162:6:rk_pka_read_regaddr	16	static
drivers/crypto/rockchip/crypto_v2_pka.c:168:5:rk_pka_make_full_opcode	0	static
drivers/crypto/rockchip/crypto_v2_pka.c:189:6:rk_pka_hw_load_value2pka_mem	16	static
drivers/crypto/rockchip/crypto_v2_pka.c:200:6:rk_pka_hw_load_block2pka_mem	16	static
drivers/crypto/rockchip/crypto_v2_pka.c:212:6:rk_pka_hw_reverse_load_block2pka_mem	16	static
drivers/crypto/rockchip/crypto_v2_pka.c:224:6:rk_pka_hw_clear_pka_mem	16	static
drivers/crypto/rockchip/crypto_v2_pka.c:235:6:rk_pka_hw_read_value_from_pka_mem	16	static
drivers/crypto/rockchip/crypto_v2_pka.c:246:6:rk_pka_hw_read_block_from_pka_mem	16	static
drivers/crypto/rockchip/crypto_v2_pka.c:258:6:rk_pka_hw_reverse_read_block_from_pka_mem	16	static
drivers/crypto/rockchip/crypto_v2_pka.c:271:5:rk_pka_exec_operation	48	static
drivers/crypto/rockchip/crypto_v2_pka.c:318:5:rk_pka_set_sizes_tab	0	static
drivers/crypto/rockchip/crypto_v2_pka.c:367:5:rk_pka_set_map_tab	0	static
drivers/crypto/rockchip/crypto_v2_pka.c:414:5:rk_pka_clear_block_of_regs	64	static
drivers/crypto/rockchip/crypto_v2_pka.c:452:5:rk_pka_init	64	static
drivers/crypto/rockchip/crypto_v2_pka.c:493:6:rk_pka_finish	32	static
drivers/crypto/rockchip/crypto_v2_pka.c:499:6:rk_pka_copy_data_into_reg	64	static
drivers/crypto/rockchip/crypto_v2_pka.c:518:6:rk_pka_copy_data_from_reg	32	static
drivers/crypto/rockchip/crypto_v2_pka.c:631:5:rk_pka_div_long_num	64	static
drivers/crypto/rockchip/crypto_v2_pka.c:532:5:rk_pka_calcNp_and_initmodop	48	static
drivers/crypto/rockchip/crypto_v2_pka.c:731:5:rk_calcNp_and_initmodop	64	static
drivers/crypto/rockchip/crypto_v2_pka.c:817:5:rk_mpa_alloc	64	static
drivers/crypto/rockchip/crypto_v2_pka.c:858:6:rk_mpa_free	32	static
drivers/crypto/rockchip/crypto_v2_pka.c:872:5:rk_abs_add	80	static
drivers/crypto/rockchip/crypto_v2_pka.c:909:5:rk_mod	80	static
drivers/crypto/rockchip/crypto_v2_pka.c:951:5:rk_exptmod	112	static
drivers/crypto/rockchip/crypto_v2_pka.c:1033:5:rk_exptmod_np	112	static
