lib/avb/libavb_user/avb_ops_user.c:188:1:validate_vbmeta_public_key	0	static
lib/avb/libavb_user/avb_ops_user.c:552:13:validate_public_key_for_partition	0	static
lib/avb/libavb_user/avb_ops_user.c:369:13:avb_read_perm_attr	16	static
lib/avb/libavb_user/avb_ops_user.c:384:13:avb_read_perm_attr_hash	16	static
lib/avb/libavb_user/avb_ops_user.c:416:13:rk_get_random	32	static
lib/avb/libavb_user/avb_ops_user.c:400:13:avb_set_key_version	48	static
lib/avb/libavb_user/avb_ops_user.c:434:20:get_preloaded_partition	240	static
lib/avb/libavb_user/avb_ops_user.c:344:20:get_unique_guid_for_partition	192	static
lib/avb/libavb_user/avb_ops_user.c:264:20:write_rollback_index	16	static
lib/avb/libavb_user/avb_ops_user.c:213:20:read_rollback_index	32	static
lib/avb/libavb_user/avb_ops_user.c:71:20:get_size_of_partition	176	static
lib/avb/libavb_user/avb_ops_user.c:330:20:write_is_device_unlocked	16	static
lib/avb/libavb_user/avb_ops_user.c:279:20:read_is_device_unlocked	48	static
lib/avb/libavb_user/avb_ops_user.c:46:13:byte_to_block.isra	0	static
lib/avb/libavb_user/avb_ops_user.c:147:20:write_to_partition	240	static
lib/avb/libavb_user/avb_ops_user.c:91:20:read_from_partition	240	static
lib/avb/libavb_user/avb_ops_user.c:580:9:avb_ops_user_new	32	static
lib/avb/libavb_user/avb_ops_user.c:644:6:avb_ops_user_free	32	static
