common/spl/spl.c:43:13:show_boot_progress	0	static
common/spl/spl.c:82:13:spl_perform_fixups	0	static
common/spl/spl.c:87:13:spl_next_stage	0	static
common/spl/spl.c:93:12:spl_board_prepare_for_jump	0	static
common/spl/spl.c:99:13:spl_board_storages_fixup	0	static
common/spl/spl.c:104:6:spl_fixup_fdt	0	static
common/spl/spl.c:136:13:spl_board_prepare_for_linux	0	static
common/spl/spl.c:141:13:spl_board_prepare_for_boot	0	static
common/spl/spl.c:146:6:spl_set_header_raw_uboot	0	static
common/spl/spl.c:155:5:spl_parse_image_header	16	static
common/spl/spl.c:232:24:jump_to_image_no_args	16	static
common/spl/spl.c:359:6:spl_set_bd	0	static
common/spl/spl.c:365:5:spl_early_init	16	static
common/spl/spl.c:379:5:spl_init	16	static
common/spl/spl.c:399:13:board_boot_order	32	static
common/spl/spl.c:656:6:preloader_console_init	16	static
common/spl/spl.c:689:7:spl_relocate_stack_gd	32	static
common/spl/spl.c:720:6:spl_cleanup_before_jump	32	static
common/spl/spl.c:507:6:board_init_r	208	static
