drivers/net/phy/phy.c:443:5:genphy_shutdown	0	static
drivers/net/phy/phy.c:153:5:genphy_restart_aneg	32	static
drivers/net/phy/phy.c:181:5:genphy_config_aneg	48	static
drivers/net/phy/phy.c:381:5:genphy_config	32	static
drivers/net/phy/phy.c:221:5:genphy_update_link	64	static
drivers/net/phy/phy.c:290:5:genphy_parse_link	48	static
drivers/net/phy/phy.c:432:5:genphy_startup	32	static
drivers/net/phy/phy.c:462:5:phy_init	0	static
drivers/net/phy/phy.c:530:5:phy_register	0	static
drivers/net/phy/phy.c:556:5:phy_set_supported	0	static
drivers/net/phy/phy.c:670:12:get_phy_id	48	static
drivers/net/phy/phy.c:729:27:get_phy_device_by_mask	112	static
drivers/net/phy/phy.c:774:5:phy_reset	48	static
drivers/net/phy/phy.c:825:5:miiphy_reset	32	static
drivers/net/phy/phy.c:840:20:phy_find_by_mask	48	static
drivers/net/phy/phy.c:855:6:phy_connect_dev	32	static
drivers/net/phy/phy.c:872:20:phy_connect	48	static
drivers/net/phy/phy.c:907:5:phy_startup	0	static
drivers/net/phy/phy.c:915:12:board_phy_config	0	static
drivers/net/phy/phy.c:922:5:phy_config	0	static
drivers/net/phy/phy.c:928:5:phy_shutdown	16	static
drivers/net/phy/phy.c:936:5:phy_get_interface_by_name	48	static
