drivers/net/gmac_rockchip.c:2029:12:gmac_rockchip_eth_write_hwaddr	0	static
drivers/net/gmac_rockchip.c:2105:13:gmac_rockchip_eth_stop	0	static
drivers/net/gmac_rockchip.c:2038:12:gmac_rockchip_eth_free_pkt	0	static
drivers/net/gmac_rockchip.c:2058:12:gmac_rockchip_eth_recv	0	static
drivers/net/gmac_rockchip.c:2048:12:gmac_rockchip_eth_send	0	static
drivers/net/gmac_rockchip.c:2068:12:gmac_rockchip_eth_start	48	static
drivers/net/gmac_rockchip.c:795:13:px30_gmac_set_to_rmii	16	static
drivers/net/gmac_rockchip.c:811:13:rk1808_gmac_set_to_rgmii	32	static
drivers/net/gmac_rockchip.c:851:13:rk3228_gmac_set_to_rgmii	32	static
drivers/net/gmac_rockchip.c:895:13:rk3228_gmac_set_to_rmii	16	static
drivers/net/gmac_rockchip.c:250:12:rk3228_gmac_fix_mac_speed	32	static
drivers/net/gmac_rockchip.c:917:13:rk3288_gmac_set_to_rgmii	32	static
drivers/net/gmac_rockchip.c:301:12:rk3288_gmac_fix_mac_speed	32	static
drivers/net/gmac_rockchip.c:937:13:rk3308_gmac_set_to_rmii	16	static
drivers/net/gmac_rockchip.c:953:13:rk3328_gmac_set_to_rgmii	32	static
drivers/net/gmac_rockchip.c:997:13:rk3328_gmac_set_to_rmii	32	static
drivers/net/gmac_rockchip.c:372:12:rk3328_gmac_fix_mac_speed	32	static
drivers/net/gmac_rockchip.c:1016:13:rk3368_gmac_set_to_rgmii	32	static
drivers/net/gmac_rockchip.c:423:12:rk3368_gmac_fix_mac_speed	32	static
drivers/net/gmac_rockchip.c:1054:13:rk3399_gmac_set_to_rgmii	32	static
drivers/net/gmac_rockchip.c:457:12:rk3399_gmac_fix_mac_speed	32	static
drivers/net/gmac_rockchip.c:1075:13:rv1108_gmac_set_to_rmii	16	static
drivers/net/gmac_rockchip.c:485:12:rv1108_set_rmii_speed	32	static
drivers/net/gmac_rockchip.c:171:12:px30_gmac_fix_mac_speed	48	static
drivers/net/gmac_rockchip.c:214:12:rk1808_gmac_fix_mac_speed	48	static
drivers/net/gmac_rockchip.c:329:12:rk3308_gmac_fix_mac_speed	48	static
drivers/net/gmac_rockchip.c:1090:13:rk3228_gmac_integrated_phy_powerup	32	static
drivers/net/gmac_rockchip.c:1150:13:rk3328_gmac_integrated_phy_powerup	32	static
drivers/net/gmac_rockchip.c:111:12:gmac_rockchip_ofdata_to_platdata	144	static
drivers/net/gmac_rockchip.c:1936:12:gmac_rockchip_probe	64	static
drivers/net/gmac_rockchip.c:99:6:gmac_set_rgmii	48	static
