drivers/spi/spi-uclass.c:203:12:spi_child_pre_probe	32	static
drivers/spi/spi-uclass.c:170:12:spi_post_probe	32	static
drivers/spi/spi-uclass.c:48:5:dm_spi_claim_bus	80	static
drivers/spi/spi-uclass.c:81:6:dm_spi_release_bus	0	static
drivers/spi/spi-uclass.c:90:5:dm_spi_xfer	0	static
drivers/spi/spi-uclass.c:104:5:dm_spi_get_mmap	0	static
drivers/spi/spi-uclass.c:118:5:spi_claim_bus	0	static
drivers/spi/spi-uclass.c:123:6:spi_release_bus	0	static
drivers/spi/spi-uclass.c:128:5:spi_xfer	0	static
drivers/spi/spi-uclass.c:134:5:spi_write_then_read	48	static
drivers/spi/spi-uclass.c:224:5:spi_chip_select	16	static
drivers/spi/spi-uclass.c:231:5:spi_find_chip_select	64	static
drivers/spi/spi-uclass.c:290:5:spi_cs_info	32	static
drivers/spi/spi-uclass.c:275:5:spi_cs_is_valid	48	static
drivers/spi/spi-uclass.c:304:5:spi_find_bus_and_cs	64	static
drivers/spi/spi-uclass.c:326:5:spi_get_bus_and_cs	112	static
drivers/spi/spi-uclass.c:420:19:spi_setup_slave	32	static
drivers/spi/spi-uclass.c:435:6:spi_free_slave	32	static
drivers/spi/spi-uclass.c:441:5:spi_slave_ofdata_to_platdata	48	static
drivers/spi/spi-uclass.c:159:12:spi_child_post_bind	32	static
