drivers/core/of_access.c:123:18:of_find_property	48	static
drivers/core/of_access.c:450:14:of_find_property_value_of_size	32	static
drivers/core/of_access.c:144:21:of_find_all_nodes	0	static
drivers/core/of_access.c:166:13:of_get_property	16	static
drivers/core/of_access.c:67:5:of_n_addr_cells	32	static
drivers/core/of_access.c:83:5:of_n_size_cells	32	static
drivers/core/of_access.c:99:5:of_simple_addr_cells	16	static
drivers/core/of_access.c:111:5:of_simple_size_cells	16	static
drivers/core/of_access.c:174:24:of_get_first_property	0	static
drivers/core/of_access.c:182:24:of_get_next_property	0	static
drivers/core/of_access.c:191:13:of_get_property_by_prop	0	static
drivers/core/of_access.c:223:5:of_device_is_compatible	80	static
drivers/core/of_access.c:262:6:of_device_is_available	32	static
drivers/core/of_access.c:282:21:of_get_parent	0	static
drivers/core/of_access.c:343:21:of_find_node_opts_by_path	64	static
drivers/core/of_access.c:398:21:of_find_compatible_node	48	static
drivers/core/of_access.c:412:21:of_find_node_by_phandle	16	static
drivers/core/of_access.c:465:5:of_read_u32	32	static
drivers/core/of_access.c:613:12:__of_parse_phandle_with_args.constprop	96	static
drivers/core/of_access.c:497:5:of_property_read_u64	32	static
drivers/core/of_access.c:511:5:of_read_u32_array	32	static
drivers/core/of_access.c:530:5:of_write_u32_array	32	static
drivers/core/of_access.c:549:5:of_property_match_string	64	static
drivers/core/of_access.c:587:5:of_property_read_string_helper	64	static
drivers/core/of_access.c:730:21:of_parse_phandle	96	static
drivers/core/of_access.c:745:5:of_parse_phandle_with_args	0	static
drivers/core/of_access.c:756:5:of_count_phandle_with_args	0	static
drivers/core/of_access.c:791:5:of_alias_scan	96	static
drivers/core/of_access.c:853:5:of_alias_get_id	48	static
drivers/core/of_access.c:873:21:of_alias_get_dev	48	static
drivers/core/of_access.c:893:21:of_alias_dump	80	static
drivers/core/of_access.c:911:21:of_get_stdout	0	static
