drivers/thermal/rockchip_thermal.c:1210:5:rockchip_thermal_get_temp	32	static
drivers/thermal/rockchip_thermal.c:1175:13:tsadc_tshut_mode_v2	32	static
drivers/thermal/rockchip_thermal.c:746:13:tsadc_irq_ack_v3	16	static
drivers/thermal/rockchip_thermal.c:807:13:tsadc_init_v2	16	static
drivers/thermal/rockchip_thermal.c:766:13:tsadc_control_v2	32	static
drivers/thermal/rockchip_thermal.c:1193:13:tsadc_tshut_mode_v4	32	static
drivers/thermal/rockchip_thermal.c:755:13:tsadc_irq_ack_v4	16	static
drivers/thermal/rockchip_thermal.c:899:13:tsadc_init_v8	16	static
drivers/thermal/rockchip_thermal.c:794:13:tsadc_control_v4	32	static
drivers/thermal/rockchip_thermal.c:780:13:tsadc_control_v3	32	static
drivers/thermal/rockchip_thermal.c:737:13:tsadc_irq_ack_v2	16	static
drivers/thermal/rockchip_thermal.c:1348:12:rockchip_thermal_ofdata_to_platdata	32	static
drivers/thermal/rockchip_thermal.c:616:12:tsadc_code_to_temp	16	static
drivers/thermal/rockchip_thermal.c:1004:12:tsadc_get_temp_v2	80	static
drivers/thermal/rockchip_thermal.c:1098:12:tsadc_get_temp_v4	80	static
drivers/thermal/rockchip_thermal.c:1270:12:rockchip_thermal_probe	80	static
drivers/thermal/rockchip_thermal.c:920:13:tsadc_init_v9	32	static
drivers/thermal/rockchip_thermal.c:854:13:tsadc_init_v4	32	static
drivers/thermal/rockchip_thermal.c:863:13:tsadc_init_v7	32	static
drivers/thermal/rockchip_thermal.c:966:13:tsadc_init_v12	32	static
drivers/thermal/rockchip_thermal.c:929:13:tsadc_init_v11	32	static
drivers/thermal/rockchip_thermal.c:828:13:tsadc_init_v3	32	static
drivers/thermal/rockchip_thermal.c:1086:12:tsadc_get_temp_v3	32	static
drivers/thermal/rockchip_thermal.c:687:12:tsadc_temp_to_code_v2.isra	32	static
drivers/thermal/rockchip_thermal.c:1127:13:tsadc_alarm_temp_v3	48	static
drivers/thermal/rockchip_thermal.c:1160:13:tsadc_tshut_temp_v3	48	static
drivers/thermal/rockchip_thermal.c:1109:13:tsadc_alarm_temp_v2	48	static
drivers/thermal/rockchip_thermal.c:1142:13:tsadc_tshut_temp_v2	48	static
