drivers/usb/gadget/dwc2_udc_otg_xfer_dma.c:44:13:dwc2_udc_pre_setup	0	static
drivers/usb/gadget/dwc2_udc_otg_xfer_dma.c:765:13:udc_set_address	0	static
drivers/usb/gadget/dwc2_udc_otg_xfer_dma.c:1009:13:dwc2_udc_ep_clear_stall	0	static
drivers/usb/gadget/dwc2_udc_otg_xfer_dma.c:1104:13:dwc2_udc_ep_activate	0	static
drivers/usb/gadget/dwc2_udc_otg.c:186:13:udc_reinit	0	static
drivers/usb/gadget/dwc2_udc_otg.c:583:13:set_max_pktsize	0	static
drivers/usb/gadget/dwc2_udc_otg.c:769:12:dwc2_fifo_status	0	static
drivers/usb/gadget/dwc2_udc_otg.c:792:13:dwc2_fifo_flush	0	static
drivers/usb/gadget/dwc2_udc_otg.c:454:13:reconfig_usbd	48	static
drivers/usb/gadget/dwc2_udc_otg.c:362:13:done	32	static
drivers/usb/gadget/dwc2_udc_otg.c:413:13:nuke	48	static
drivers/usb/gadget/dwc2_udc_otg.c:679:12:dwc2_ep_disable	32	static
drivers/usb/gadget/dwc2_udc_otg.c:736:12:dwc2_dequeue	16	static
drivers/usb/gadget/dwc2_udc_otg_xfer_dma.c:135:12:setdma_tx	48	static
drivers/usb/gadget/dwc2_udc_otg_xfer_dma.c:708:12:write_fifo_ep0	48	static
drivers/usb/gadget/dwc2_udc_otg.c:724:13:dwc2_free_request	32	static
drivers/usb/gadget/dwc2_udc_otg.c:707:28:dwc2_alloc_request	32	static
drivers/usb/gadget/dwc2_udc_otg_xfer_dma.c:974:13:dwc2_udc_ep_set_stall.isra	0	static
drivers/usb/gadget/dwc2_udc_otg_xfer_dma.c:1057:12:dwc2_udc_set_halt	16	static
drivers/usb/gadget/dwc2_udc_otg.c:613:12:dwc2_ep_enable	16	static
drivers/usb/gadget/dwc2_udc_otg_xfer_dma.c:93:12:setdma_rx.isra	80	static
drivers/usb/gadget/dwc2_udc_otg_xfer_dma.c:193:13:complete_rx	96	static
drivers/usb/gadget/dwc2_udc_otg_xfer_dma.c:607:12:dwc2_queue	48	static
drivers/usb/gadget/dwc2_udc_otg.c:119:6:set_udc_gadget_private_data	0	static
drivers/usb/gadget/dwc2_udc_otg.c:127:7:get_udc_gadget_private_data	0	static
drivers/usb/gadget/dwc2_udc_otg.c:154:6:dfu_usb_get_reset	0	static
drivers/usb/gadget/dwc2_udc_otg.c:159:13:otg_phy_init	0	static
drivers/usb/gadget/dwc2_udc_otg.c:160:13:otg_phy_off	0	static
drivers/usb/gadget/dwc2_udc_otg.c:239:5:usb_gadget_register_driver	32	static
drivers/usb/gadget/dwc2_udc_otg.c:288:5:usb_gadget_unregister_driver	64	static
drivers/usb/gadget/dwc2_udc_otg.c:887:5:dwc2_udc_probe	32	static
drivers/usb/gadget/dwc2_udc_otg.c:922:5:dwc2_udc_handle_interrupt	128	static
drivers/usb/gadget/dwc2_udc_otg.c:935:5:usb_gadget_handle_interrupts	0	static
