drivers/usb/gadget/f_mass_storage.c:458:13:raise_exception	0	static
drivers/usb/gadget/f_mass_storage.c:472:12:ep0_queue	32	static
drivers/usb/gadget/f_mass_storage.c:491:13:bulk_in_complete	32	static
drivers/usb/gadget/f_mass_storage.c:508:13:bulk_out_complete	32	static
drivers/usb/gadget/f_mass_storage.c:2296:12:fsg_set_alt	16	static
drivers/usb/gadget/f_mass_storage.c:2304:13:fsg_disable	0	static
drivers/usb/gadget/f_mass_storage.c:531:12:fsg_setup	16	static
drivers/usb/gadget/f_mass_storage.c:649:12:sleep_thread	64	static
drivers/usb/gadget/f_rockusb.c:152:13:__do_reset	0	static
drivers/usb/gadget/f_mass_storage.c:2668:13:fsg_unbind	32	static
drivers/usb/gadget/storage_common.c:660:13:store_cdrom_address	0	static
drivers/usb/gadget/f_mass_storage.c:2805:5:fsg_add	80	static
drivers/usb/gadget/f_mass_storage.c:1667:12:check_command.constprop	80	static
drivers/usb/gadget/f_mass_storage.c:585:13:start_transfer.constprop	32	static
drivers/usb/gadget/f_mass_storage.c:1604:12:send_status	48	static
drivers/usb/gadget/f_mass_storage.c:685:12:do_read	96	static
drivers/usb/gadget/f_mass_storage.c:434:12:fsg_set_halt.constprop	0	static
drivers/usb/gadget/f_mass_storage.c:1385:12:halt_bulk_in_endpoint	32	static
drivers/usb/gadget/f_rockusb.c:760:13:rkusb_fixup_cbwcb.isra	32	static
drivers/usb/gadget/f_mass_storage.c:1236:12:do_mode_sense.isra	96	static
drivers/usb/gadget/f_mass_storage.c:2201:12:do_set_interface.isra	96	static
drivers/usb/gadget/f_rockusb.c:76:5:g_dnl_bind_fixup	32	static
drivers/usb/gadget/f_rockusb.c:901:5:rkusb_do_check_parity	48	static
drivers/usb/gadget/f_mass_storage.c:812:12:do_write	112	static
drivers/usb/gadget/f_mass_storage.c:2421:5:fsg_main_thread	128	static
drivers/usb/gadget/f_mass_storage.c:2632:1:usb_copy_descriptors	48	static
drivers/usb/gadget/f_mass_storage.c:2683:12:fsg_bind	64	static
drivers/usb/gadget/f_mass_storage.c:2823:5:fsg_init	0	static
