drivers/usb/gadget/composite.c:273:12:count_configs	0	static
drivers/usb/gadget/composite.c:317:13:reset_config	32	static
drivers/usb/gadget/composite.c:518:13:collect_langs	0	static
drivers/usb/gadget/composite.c:720:13:composite_setup_complete	0	static
drivers/usb/gadget/composite.c:1042:13:composite_disconnect	32	static
drivers/usb/gadget/composite.c:1145:1:composite_suspend	32	static
drivers/usb/gadget/composite.c:1164:1:composite_resume	32	static
drivers/usb/gadget/g_dnl.c:94:12:g_dnl_unbind	16	static
drivers/usb/gadget/composite.c:538:12:lookup_string	48	static
drivers/usb/gadget/composite.c:1052:13:composite_unbind	64	static
drivers/usb/gadget/composite.c:1099:12:composite_bind	48	static
drivers/usb/gadget/g_dnl.c:117:12:g_dnl_do_config	48	static
drivers/usb/gadget/composite.c:794:1:composite_setup	96	static
drivers/usb/gadget/composite.c:40:5:usb_add_function	48	static
drivers/usb/gadget/composite.c:97:5:usb_function_deactivate	32	static
drivers/usb/gadget/composite.c:120:5:usb_function_activate	0	static
drivers/usb/gadget/composite.c:159:5:usb_interface_id	0	static
drivers/usb/gadget/composite.c:451:5:usb_add_config	48	static
drivers/usb/gadget/composite.c:645:5:usb_string_id	0	static
drivers/usb/gadget/composite.c:675:5:usb_string_ids_tab	0	static
drivers/usb/gadget/composite.c:709:5:usb_string_ids_n	0	static
drivers/usb/gadget/composite.c:1211:5:usb_composite_register	32	static
drivers/usb/gadget/composite.c:1236:6:usb_composite_unregister	32	static
drivers/usb/gadget/g_dnl.c:51:6:g_dnl_set_serialnumber	32	static
drivers/usb/gadget/g_dnl.c:213:12:on_serialno	16	static
drivers/usb/gadget/g_dnl.c:152:5:board_usb_init	0	static
drivers/usb/gadget/g_dnl.c:158:5:board_usb_cleanup	0	static
drivers/usb/gadget/g_dnl.c:164:5:g_dnl_bind_fixup	0	static
drivers/usb/gadget/g_dnl.c:169:12:g_dnl_get_board_bcd_device_number	0	static
drivers/usb/gadget/g_dnl.c:221:12:g_dnl_bind	64	static
drivers/usb/gadget/g_dnl.c:174:12:g_dnl_board_usb_cable_connected	0	static
drivers/usb/gadget/g_dnl.c:181:6:g_dnl_detach	0	static
drivers/usb/gadget/g_dnl.c:186:6:g_dnl_trigger_detach	0	static
drivers/usb/gadget/g_dnl.c:191:6:g_dnl_clear_detach	0	static
drivers/usb/gadget/g_dnl.c:292:5:g_dnl_register	32	static
drivers/usb/gadget/g_dnl.c:307:6:g_dnl_unregister	0	static
