drivers/clk/rockchip/clk_px30.c:551:14:px30_mmc_get_clk	0	static
drivers/clk/rockchip/clk_px30.c:581:14:px30_mmc_set_clk	0	static
drivers/clk/rockchip/clk_px30.c:901:14:px30_bus_get_clk	32	static
drivers/clk/rockchip/clk_px30.c:973:14:px30_peri_get_clk	0	static
drivers/clk/rockchip/clk_px30.c:1030:14:px30_otp_get_clk	32	static
drivers/clk/rockchip/clk_px30.c:1107:14:px30_crypto_get_clk	0	static
drivers/clk/rockchip/clk_px30.c:1747:14:px30_pclk_pmu_set_pmuclk	0	static
drivers/clk/rockchip/clk_px30.c:297:14:px30_i2c_get_clk	16	static
drivers/clk/rockchip/clk_px30.c:650:14:px30_pwm_get_clk	16	static
drivers/clk/rockchip/clk_px30.c:755:14:px30_spi_get_clk	16	static
drivers/clk/rockchip/clk_px30.c:930:14:px30_bus_set_clk	16	static
drivers/clk/rockchip/clk_px30.c:996:14:px30_peri_set_clk	16	static
drivers/clk/rockchip/clk_px30.c:214:12:rkclk_set_pll	48	static
drivers/clk/rockchip/clk_px30.c:1675:12:px30_clk_ofdata_to_platdata	32	static
drivers/clk/rockchip/clk_px30.c:1953:12:px30_pmuclk_ofdata_to_platdata	32	static
drivers/clk/rockchip/clk_px30.c:1684:12:px30_clk_bind	48	static
drivers/clk/rockchip/clk_px30.c:269:17:rkclk_pll_get_rate	0	static
drivers/clk/rockchip/clk_px30.c:808:14:px30_vop_get_clk	16	static
drivers/clk/rockchip/clk_px30.c:1237:14:px30_clk_set_pll_rate.constprop.isra	32	static
drivers/clk/rockchip/clk_px30.c:1619:12:px30_clk_set_parent	32	static
drivers/clk/rockchip/clk_px30.c:1229:14:px30_clk_get_pll_rate.isra	16	static
drivers/clk/rockchip/clk_px30.c:1247:14:px30_armclk_set_clk.isra	48	static
drivers/clk/rockchip/clk_px30.c:1640:12:px30_clk_probe	48	static
drivers/clk/rockchip/clk_px30.c:426:14:px30_i2s_get_clk.isra	16	static
drivers/clk/rockchip/clk_px30.c:453:14:px30_i2s_set_clk.isra	16	static
drivers/clk/rockchip/clk_px30.c:530:14:px30_nandc_set_clk.isra	0	static
drivers/clk/rockchip/clk_px30.c:499:14:px30_i2s1_mclk_set_clk.isra	32	static
drivers/clk/rockchip/clk_px30.c:635:14:px30_sfc_set_clk.isra	0	static
drivers/clk/rockchip/clk_px30.c:1384:14:px30_clk_set_rate	64	static
drivers/clk/rockchip/clk_px30.c:1290:14:px30_clk_get_rate	32	static
drivers/clk/rockchip/clk_px30.c:1769:14:px30_gpll_set_pmuclk	160	static
drivers/clk/rockchip/clk_px30.c:1867:14:px30_pmuclk_set_rate	32	static
drivers/clk/rockchip/clk_px30.c:1938:12:px30_pmuclk_probe	64	static
drivers/clk/rockchip/clk_px30.c:1847:14:px30_pmuclk_get_rate	32	static
drivers/clk/rockchip/clk_px30.c:1490:5:rockchip_mmc_get_phase	32	static
drivers/clk/rockchip/clk_px30.c:1567:12:px30_clk_get_phase	0	static
drivers/clk/rockchip/clk_px30.c:1524:5:rockchip_mmc_set_phase	48	static
drivers/clk/rockchip/clk_px30.c:1584:12:px30_clk_set_phase	0	static
drivers/clk/rockchip/clk_px30.c:1983:5:soc_clk_dump	112	static
