
Discarded input sections

 .data          0x0000000000000000        0x0 arch/arm/cpu/armv8/start.o
 .bss           0x0000000000000000        0x0 arch/arm/cpu/armv8/start.o
 .text.timer_read_counter
                0x0000000000000000        0xc arch/arm/cpu/armv8/built-in.o
 .text.usec2ticks
                0x0000000000000000       0x44 arch/arm/cpu/armv8/built-in.o
 .text.timer_get_boot_us
                0x0000000000000000       0x14 arch/arm/cpu/armv8/built-in.o
 .text.set_one_region
                0x0000000000000000       0xd8 arch/arm/cpu/armv8/built-in.o
 .text.dcache_status
                0x0000000000000000       0x34 arch/arm/cpu/armv8/built-in.o
 .text.arch_get_page_table
                0x0000000000000000       0x20 arch/arm/cpu/armv8/built-in.o
 .text.mmu_set_region_dcache_behaviour
                0x0000000000000000       0xa8 arch/arm/cpu/armv8/built-in.o
 .text.mmu_change_region_attr
                0x0000000000000000       0xe8 arch/arm/cpu/armv8/built-in.o
 .text.icache_status
                0x0000000000000000       0x34 arch/arm/cpu/armv8/built-in.o
 .text.enable_caches
                0x0000000000000000       0x14 arch/arm/cpu/armv8/built-in.o
 .text.__asm_switch_ttbr
                0x0000000000000000       0xe0 arch/arm/cpu/armv8/built-in.o
 .text.armv8_switch_to_el1
                0x0000000000000000       0xd0 arch/arm/cpu/armv8/built-in.o
 .text.armv8_el2_to_aarch32
                0x0000000000000000        0x4 arch/arm/cpu/armv8/built-in.o
 .text.smc_call
                0x0000000000000000       0x44 arch/arm/cpu/armv8/built-in.o
 .text.psci_system_reset
                0x0000000000000000       0x20 arch/arm/cpu/armv8/built-in.o
 .text.psci_system_off
                0x0000000000000000       0x20 arch/arm/cpu/armv8/built-in.o
 .text.reset_misc
                0x0000000000000000        0xc arch/arm/cpu/armv8/built-in.o
 .rodata.set_one_region.str1.1
                0x0000000000000000       0x2e arch/arm/cpu/armv8/built-in.o
 .rodata.arch_get_page_table.str1.1
                0x0000000000000000       0x1e arch/arm/cpu/armv8/built-in.o
 .rodata.mmu_set_region_dcache_behaviour.str1.1
                0x0000000000000000       0x20 arch/arm/cpu/armv8/built-in.o
 .eh_frame      0x0000000000000000      0x524 arch/arm/cpu/armv8/built-in.o
 .data          0x0000000000000000        0x0 arch/arm/cpu/armv8/built-in.o
 .bss           0x0000000000000000        0x0 arch/arm/cpu/armv8/built-in.o
 .text.setjmp   0x0000000000000000       0x28 arch/arm/lib/built-in.o
 .text.longjmp  0x0000000000000000       0x40 arch/arm/lib/built-in.o
 .text.board_fdt_fixup
                0x0000000000000000        0x8 arch/arm/lib/built-in.o
 .text.board_quiesce_devices
                0x0000000000000000        0x4 arch/arm/lib/built-in.o
 .text.setup_board_tags
                0x0000000000000000        0x4 arch/arm/lib/built-in.o
 .text.armv7_boot_nonsec_default
                0x0000000000000000        0x8 arch/arm/lib/built-in.o
 .text.dump_stack
                0x0000000000000000       0x3c arch/arm/lib/built-in.o
 .text.enable_caches
                0x0000000000000000        0xc arch/arm/lib/built-in.o
 .text.invalidate_dcache_range
                0x0000000000000000        0x4 arch/arm/lib/built-in.o
 .text.flush_dcache_range
                0x0000000000000000        0x4 arch/arm/lib/built-in.o
 .text.flush_dcache_all
                0x0000000000000000        0xc arch/arm/lib/built-in.o
 .text.check_cache_range
                0x0000000000000000       0x3c arch/arm/lib/built-in.o
 .text.fdt_psci
                0x0000000000000000        0x8 arch/arm/lib/built-in.o
 .rodata.enable_caches.str1.1
                0x0000000000000000       0x1d arch/arm/lib/built-in.o
 .rodata.check_cache_range.str1.1
                0x0000000000000000       0x35 arch/arm/lib/built-in.o
 .eh_frame      0x0000000000000000      0x3f0 arch/arm/lib/built-in.o
 .data          0x0000000000000000        0x0 arch/arm/lib/built-in.o
 .__efi_runtime_rel_start
                0x0000000000000000        0x0 arch/arm/lib/built-in.o
 .__efi_runtime_rel_stop
                0x0000000000000000        0x0 arch/arm/lib/built-in.o
 .__efi_runtime_start
                0x0000000000000000        0x0 arch/arm/lib/built-in.o
 .__efi_runtime_stop
                0x0000000000000000        0x0 arch/arm/lib/built-in.o
 .__end         0x0000000000000000        0x0 arch/arm/lib/built-in.o
 .__secure_end  0x0000000000000000        0x0 arch/arm/lib/built-in.o
 .__secure_stack_end
                0x0000000000000000        0x0 arch/arm/lib/built-in.o
 .__secure_stack_start
                0x0000000000000000        0x0 arch/arm/lib/built-in.o
 .__secure_start
                0x0000000000000000        0x0 arch/arm/lib/built-in.o
 .bss           0x0000000000000000        0x0 arch/arm/lib/built-in.o
 .text.rockchip_set_bootdev
                0x0000000000000000        0xc arch/arm/mach-rockchip/built-in.o
 .text.board_run_recovery_wipe_data
[...]
Memory Configuration

Name             Origin             Length             Attributes
*default*        0x0000000000000000 0xffffffffffffffff

Linker script and memory map

Address of section .text set to 0x200000
                0x0000000000000000                . = 0x0
                0x0000000000000000                . = ALIGN (0x8)

.text           0x0000000000200000    0xb080c
 *(.__image_copy_start)
 .__image_copy_start
                0x0000000000200000        0x0 arch/arm/lib/built-in.o
                0x0000000000200000                __image_copy_start
 arch/arm/cpu/armv8/start.o(.text*)
 .text          0x0000000000200000      0x1a8 arch/arm/cpu/armv8/start.o
                0x0000000000200000                _start
                0x0000000000200008                _TEXT_BASE
                0x0000000000200010                _end_ofs
                0x0000000000200018                _bss_start_ofs
                0x0000000000200020                _bss_end_ofs
                0x000000000020002c                save_boot_params_ret
                0x0000000000200104                apply_core_errata
                0x0000000000200128                lowlevel_init
                0x0000000000200148                smp_kick_all_cpus
                0x0000000000200154                c_runtime_cpu_setup
                0x000000000020018c                save_boot_params
 *(.text*)
 *fill*         0x00000000002001a8      0x658 
 .text          0x0000000000200800      0x6d4 arch/arm/cpu/armv8/built-in.o
                0x0000000000200800                vectors
                0x0000000000200cec                __arm_smccc_smc
                0x0000000000200d18                __arm_smccc_hvc
                0x0000000000200d48                cpu_suspend
                0x0000000000200de8                cpu_do_suspend
                0x0000000000200e54                cpu_resume
                0x0000000000200e74                cpu_do_resume
 .text.sdelay   0x0000000000200ed4        0xc arch/arm/cpu/armv8/built-in.o
                0x0000000000200ed4                sdelay
 .text.cleanup_before_linux
                0x0000000000200ee0       0x2c arch/arm/cpu/armv8/built-in.o
                0x0000000000200ee0                cleanup_before_linux
 .text.get_tbclk
                0x0000000000200f0c        0x8 arch/arm/cpu/armv8/built-in.o
                0x0000000000200f0c                get_tbclk
 .text.get_ticks
                0x0000000000200f14       0x10 arch/arm/cpu/armv8/built-in.o
                0x0000000000200f14                get_ticks
 .text.count_required_pts
                0x0000000000200f24       0xf8 arch/arm/cpu/armv8/built-in.o
 .text.create_table
                0x000000000020101c       0x70 arch/arm/cpu/armv8/built-in.o
 .text.split_block
                0x000000000020108c       0x90 arch/arm/cpu/armv8/built-in.o
 .text.get_tcr  0x000000000020111c       0xe4 arch/arm/cpu/armv8/built-in.o
                0x000000000020111c                get_tcr
 .text.find_pte
                0x0000000000201200       0x8c arch/arm/cpu/armv8/built-in.o
 .text.get_page_table_size
                0x000000000020128c       0x48 arch/arm/cpu/armv8/built-in.o
                0x000000000020128c                get_page_table_size
 .text.setup_pgtables
                0x00000000002012d4      0x16c arch/arm/cpu/armv8/built-in.o
                0x00000000002012d4                setup_pgtables
 .text.mmu_setup
                0x0000000000201440      0x13c arch/arm/cpu/armv8/built-in.o
                0x0000000000201440                mmu_setup
 .text.invalidate_dcache_all
                0x000000000020157c       0x14 arch/arm/cpu/armv8/built-in.o
                0x000000000020157c                invalidate_dcache_all
 .text.flush_dcache_all
                0x0000000000201590       0x14 arch/arm/cpu/armv8/built-in.o
                0x0000000000201590                flush_dcache_all
 .text.invalidate_dcache_range
                0x00000000002015a4        0x4 arch/arm/cpu/armv8/built-in.o
                0x00000000002015a4                invalidate_dcache_range
 .text.flush_dcache_range
                0x00000000002015a8        0x4 arch/arm/cpu/armv8/built-in.o
                0x00000000002015a8                flush_dcache_range
 .text.dcache_enable
                0x00000000002015ac      0x110 arch/arm/cpu/armv8/built-in.o
                0x00000000002015ac                dcache_enable
 .text.dcache_disable
                0x00000000002016bc       0x84 arch/arm/cpu/armv8/built-in.o
                0x00000000002016bc                dcache_disable
 .text.icache_disable
                0x0000000000201740       0x64 arch/arm/cpu/armv8/built-in.o
                0x0000000000201740                icache_disable
 .text.invalidate_icache_all
                0x00000000002017a4       0x14 arch/arm/cpu/armv8/built-in.o
                0x00000000002017a4                invalidate_icache_all
 .text.icache_enable
                0x00000000002017b8       0x74 arch/arm/cpu/armv8/built-in.o
                0x00000000002017b8                icache_enable
 .text.__asm_dcache_level
                0x000000000020182c       0x64 arch/arm/cpu/armv8/built-in.o
                0x000000000020182c                __asm_dcache_level
 .text.__asm_dcache_all
                0x0000000000201890       0x60 arch/arm/cpu/armv8/built-in.o
                0x0000000000201890                __asm_dcache_all
 .text.__asm_flush_dcache_all
                0x00000000002018f0        0x8 arch/arm/cpu/armv8/built-in.o
                0x00000000002018f0                __asm_flush_dcache_all
 .text.__asm_invalidate_dcache_all
                0x00000000002018f8        0x8 arch/arm/cpu/armv8/built-in.o
                0x00000000002018f8                __asm_invalidate_dcache_all
 .text.__asm_flush_dcache_range
                0x0000000000201900       0x3c arch/arm/cpu/armv8/built-in.o
                0x0000000000201900                __asm_flush_dcache_range
 .text.__asm_invalidate_dcache_range
                0x000000000020193c       0x34 arch/arm/cpu/armv8/built-in.o
                0x000000000020193c                __asm_invalidate_dcache_range
 .text.__asm_invalidate_icache_all
                0x0000000000201970        0xc arch/arm/cpu/armv8/built-in.o
                0x0000000000201970                __asm_invalidate_icache_all
 .text.__asm_invalidate_l3_dcache
                0x000000000020197c        0x8 arch/arm/cpu/armv8/built-in.o
                0x000000000020197c                __asm_invalidate_l3_dcache
 .text.__asm_flush_l3_dcache
                0x0000000000201984        0x8 arch/arm/cpu/armv8/built-in.o
                0x0000000000201984                __asm_flush_l3_dcache
 .text.__asm_invalidate_l3_icache
                0x000000000020198c        0x8 arch/arm/cpu/armv8/built-in.o
                0x000000000020198c                __asm_invalidate_l3_icache
 .text.__asm_invalidate_tlb_all
                0x0000000000201994       0x4c arch/arm/cpu/armv8/built-in.o
                0x0000000000201994                __asm_invalidate_tlb_all
 .text.armv8_switch_to_el2
                0x00000000002019e0       0xb8 arch/arm/cpu/armv8/built-in.o
                0x00000000002019e0                armv8_switch_to_el2
 .text.cpu_suspend_save
                0x0000000000201a98       0x2c arch/arm/cpu/armv8/built-in.o
                0x0000000000201a98                cpu_suspend_save
 *fill*         0x0000000000201ac4        0x4 
 .text          0x0000000000201ac8      0x1f0 arch/arm/lib/built-in.o
                0x0000000000201ac8                _main
                0x0000000000201b48                relocate_code
                0x0000000000201c20                gic_init_secure
                0x0000000000201c64                gic_init_secure_percpu
                0x0000000000201c88                gic_kick_secondary_cpus
                0x0000000000201c98                gic_wait_for_interrupt
 .text.arch_fixup_fdt
                0x0000000000201cb8       0xa0 arch/arm/lib/built-in.o
                0x0000000000201cb8                arch_fixup_fdt
 .text.boot_prep_linux
                0x0000000000201d58       0x58 arch/arm/lib/built-in.o
 .text.arch_lmb_reserve
                0x0000000000201db0       0x14 arch/arm/lib/built-in.o
                0x0000000000201db0                arch_lmb_reserve
 .text.update_os_arch_secondary_cores
                0x0000000000201dc4        0x4 arch/arm/lib/built-in.o
                0x0000000000201dc4                update_os_arch_secondary_cores
 .text.boot_jump_linux
                0x0000000000201dc8      0x118 arch/arm/lib/built-in.o
 .text.do_bootm_linux
                0x0000000000201ee0       0x7c arch/arm/lib/built-in.o
                0x0000000000201ee0                do_bootm_linux
 .text.boot_prep_vxworks
                0x0000000000201f5c       0x4c arch/arm/lib/built-in.o
                0x0000000000201f5c                boot_prep_vxworks
 .text.boot_jump_vxworks
                0x0000000000201fa8       0x10 arch/arm/lib/built-in.o
                0x0000000000201fa8                boot_jump_vxworks
 .text.arch_reserve_stacks
                0x0000000000201fb8       0x10 arch/arm/lib/built-in.o
                0x0000000000201fb8                arch_reserve_stacks
 .text.show_regs
                0x0000000000201fc8      0x25c arch/arm/lib/built-in.o
                0x0000000000201fc8                show_regs
 .text.do_bad_sync
                0x0000000000202224       0x30 arch/arm/lib/built-in.o
                0x0000000000202224                do_bad_sync
 .text.do_bad_irq
                0x0000000000202254       0x30 arch/arm/lib/built-in.o
                0x0000000000202254                do_bad_irq
 .text.do_bad_fiq
                0x0000000000202284       0x30 arch/arm/lib/built-in.o
                0x0000000000202284                do_bad_fiq
 .text.do_bad_error
                0x00000000002022b4       0x30 arch/arm/lib/built-in.o
                0x00000000002022b4                do_bad_error
 .text.do_sync  0x00000000002022e4       0x30 arch/arm/lib/built-in.o
                0x00000000002022e4                do_sync
 .text.do_fiq   0x0000000000202314       0x30 arch/arm/lib/built-in.o
                0x0000000000202314                do_fiq
 .text.do_error
                0x0000000000202344       0x30 arch/arm/lib/built-in.o
                0x0000000000202344                do_error
 .text.dump_core_stack
                0x0000000000202374       0xdc arch/arm/lib/built-in.o
                0x0000000000202374                dump_core_stack
 .text.flush_cache
                0x0000000000202450        0x8 arch/arm/lib/built-in.o
                0x0000000000202450                flush_cache
 .text          0x0000000000202458       0x28 arch/arm/mach-rockchip/built-in.o
                0x0000000000202458                armv8_el2_to_aarch32
 .text.fit_board_verify_required_sigs
                0x0000000000202480       0x4c arch/arm/mach-rockchip/built-in.o
                0x0000000000202480                fit_board_verify_required_sigs
 .text.rockchip_rockusb_get_chip_info
                0x00000000002024cc       0x20 arch/arm/mach-rockchip/built-in.o
                0x00000000002024cc                rockchip_rockusb_get_chip_info
 .text.misc_require_recovery
                0x00000000002024ec      0x130 arch/arm/mach-rockchip/built-in.o
 .text.get_bcb_recovery_msg
                0x000000000020261c       0x24 arch/arm/mach-rockchip/built-in.o
                0x000000000020261c                get_bcb_recovery_msg
 .text.rockchip_get_boot_mode
                0x0000000000202640      0x2ec arch/arm/mach-rockchip/built-in.o
                0x0000000000202640                rockchip_get_boot_mode
 .text.setup_boot_mode
                0x000000000020292c       0xf0 arch/arm/mach-rockchip/built-in.o
                0x000000000020292c                setup_boot_mode
 .text.bootdev_init
                0x0000000000202a1c       0x80 arch/arm/mach-rockchip/built-in.o
 .text.crypto_csum.isra.0
                0x0000000000202a9c       0x68 arch/arm/mach-rockchip/built-in.o
 .text.rk_board_early_fdt_fixup
                0x0000000000202b04       0x20 arch/arm/mach-rockchip/built-in.o
                0x0000000000202b0c                rk_board_early_fdt_fixup
 .text.rk_board_scan_bootdev
                0x0000000000202b24       0x14 arch/arm/mach-rockchip/built-in.o
                0x0000000000202b24                rk_board_scan_bootdev
 .text.boot_devtype_init
                0x0000000000202b38      0x108 arch/arm/mach-rockchip/built-in.o
 .text.rockchip_get_bootdev
                0x0000000000202c40      0x2d8 arch/arm/mach-rockchip/built-in.o
                0x0000000000202c40                rockchip_get_bootdev
 .text.rockchip_dnl_key_pressed
                0x0000000000202f18       0x18 arch/arm/mach-rockchip/built-in.o
                0x0000000000202f18                rockchip_dnl_key_pressed
 .text.setup_download_mode
                0x0000000000202f30       0xd8 arch/arm/mach-rockchip/built-in.o
                0x0000000000202f30                setup_download_mode
 .text.rockchip_read_dtb_file
                0x0000000000203008      0x18c arch/arm/mach-rockchip/built-in.o
                0x0000000000203008                rockchip_read_dtb_file
 .text.rockchip_ram_read_dtb_file
                0x0000000000203194      0x168 arch/arm/mach-rockchip/built-in.o
                0x0000000000203194                rockchip_ram_read_dtb_file
 .text.rockchip_set_serialno.isra.0
                0x00000000002032fc      0x15c arch/arm/mach-rockchip/built-in.o
 .text.rk_board_late_init
                0x0000000000203458        0x8 arch/arm/mach-rockchip/built-in.o
                0x0000000000203458                rk_board_late_init
 .text.rk_board_fdt_fixup
                0x0000000000203460      0x7f4 arch/arm/mach-rockchip/built-in.o
                0x0000000000203468                rk_board_fdt_fixup
 .text.rk_board_dm_fdt_fixup
                0x0000000000203c54        0x8 arch/arm/mach-rockchip/built-in.o
                0x0000000000203c54                rk_board_dm_fdt_fixup
 .text.set_armclk_rate
                0x0000000000203c5c       0x94 arch/arm/mach-rockchip/built-in.o
                0x0000000000203c64                set_armclk_rate
 .text.rk_board_init
                0x0000000000203cf0       0x44 arch/arm/mach-rockchip/built-in.o
                0x0000000000203cf8                rk_board_init
 .text.fb_set_reboot_flag
                0x0000000000203d34       0x38 arch/arm/mach-rockchip/built-in.o
                0x0000000000203d34                fb_set_reboot_flag
 .text.board_late_init
                0x0000000000203d6c      0x428 arch/arm/mach-rockchip/built-in.o
                0x0000000000203d6c                board_late_init
 .text.board_init
                0x0000000000204194       0xe0 arch/arm/mach-rockchip/built-in.o
                0x0000000000204194                board_init
 .text.interrupt_debugger_init
                0x0000000000204274        0x8 arch/arm/mach-rockchip/built-in.o
                0x0000000000204274                interrupt_debugger_init
 .text.board_fdt_fixup
                0x000000000020427c       0x34 arch/arm/mach-rockchip/built-in.o
                0x000000000020427c                board_fdt_fixup
 .text.arch_preboot_os
                0x00000000002042b0       0x48 arch/arm/mach-rockchip/built-in.o
                0x00000000002042b0                arch_preboot_os
 .text.enable_caches
                0x00000000002042f8       0x14 arch/arm/mach-rockchip/built-in.o
                0x00000000002042f8                enable_caches
 .text.board_lmb_reserve
                0x000000000020430c       0xa4 arch/arm/mach-rockchip/built-in.o
                0x000000000020430c                board_lmb_reserve
 .text.board_bidram_reserve
                0x00000000002043b0       0x58 arch/arm/mach-rockchip/built-in.o
                0x00000000002043b0                board_bidram_reserve
 .text.board_sysmem_reserve
                0x0000000000204408        0x8 arch/arm/mach-rockchip/built-in.o
                0x0000000000204408                board_sysmem_reserve
 .text.board_bidram_parse_fn
                0x0000000000204410        0xc arch/arm/mach-rockchip/built-in.o
                0x0000000000204410                board_bidram_parse_fn
 .text.board_init_f_boot_flags
                0x000000000020441c       0x20 arch/arm/mach-rockchip/built-in.o
                0x000000000020441c                board_init_f_boot_flags
 .text.board_usb_init
                0x000000000020443c       0xb0 arch/arm/mach-rockchip/built-in.o
                0x000000000020443c                board_usb_init
 .text.board_usb_cleanup
                0x00000000002044ec        0x8 arch/arm/mach-rockchip/built-in.o
                0x00000000002044ec                board_usb_cleanup
 .text.bootm_board_start
                0x00000000002044f4       0xd0 arch/arm/mach-rockchip/built-in.o
                0x00000000002044f4                bootm_board_start
 .text.bootm_image_populate_dtb
                0x00000000002045c4       0x58 arch/arm/mach-rockchip/built-in.o
                0x00000000002045c4                bootm_image_populate_dtb
 .text.board_do_bootm
                0x000000000020461c      0x160 arch/arm/mach-rockchip/built-in.o
                0x000000000020461c                board_do_bootm
 .text.autoboot_command_fail_handle
                0x000000000020477c        0x4 arch/arm/mach-rockchip/built-in.o
                0x000000000020477c                autoboot_command_fail_handle
 .text.board_quiesce_devices
                0x0000000000204780       0x60 arch/arm/mach-rockchip/built-in.o
                0x0000000000204780                board_quiesce_devices
 .text.board_fdt_chosen_bootargs
                0x00000000002047e0      0x1f0 arch/arm/mach-rockchip/built-in.o
                0x00000000002047e0                board_fdt_chosen_bootargs
 .text.ft_verify_fdt
                0x00000000002049d0      0x2a4 arch/arm/mach-rockchip/built-in.o
                0x00000000002049d0                ft_verify_fdt
 .text.iomem_show
                0x0000000000204c74       0xc0 arch/arm/mach-rockchip/built-in.o
                0x0000000000204c74                iomem_show
 .text.iomem_show_by_match
                0x0000000000204d34      0x120 arch/arm/mach-rockchip/built-in.o
 .text.do_iomem_by_match
                0x0000000000204e54       0xb8 arch/arm/mach-rockchip/built-in.o
 .text.is_hotkey
                0x0000000000204f0c       0x84 arch/arm/mach-rockchip/built-in.o
                0x0000000000204f0c                is_hotkey
 .text.hotkey_run
                0x0000000000204f90       0xe0 arch/arm/mach-rockchip/built-in.o
                0x0000000000204f90                hotkey_run
 .text.init_kernel_dtb
                0x0000000000205070      0x5a4 arch/arm/mach-rockchip/built-in.o
                0x0000000000205070                init_kernel_dtb
 .text.__invoke_sip_fn_smc
                0x0000000000205614       0x50 arch/arm/mach-rockchip/built-in.o
 .text.psci_system_suspend
                0x0000000000205664       0x34 arch/arm/mach-rockchip/built-in.o
                0x0000000000205664                psci_system_suspend
 .text.sip_smc_dram
                0x0000000000205698       0x28 arch/arm/mach-rockchip/built-in.o
                0x0000000000205698                sip_smc_dram
 .text.sip_smc_request_share_mem
                0x00000000002056c0       0x28 arch/arm/mach-rockchip/built-in.o
                0x00000000002056c0                sip_smc_request_share_mem
 .text.sip_smc_hdcp_config
                0x00000000002056e8       0x30 arch/arm/mach-rockchip/built-in.o
                0x00000000002056e8                sip_smc_hdcp_config
 .text.vendor_ops
                0x0000000000205718      0x110 arch/arm/mach-rockchip/built-in.o
 .text.vendor_test_reset
                0x0000000000205828       0xec arch/arm/mach-rockchip/built-in.o
 .text.flash_vendor_dev_ops_register
                0x0000000000205914       0x28 arch/arm/mach-rockchip/built-in.o
                0x0000000000205914                flash_vendor_dev_ops_register
 .text.vendor_storage_init
                0x000000000020593c      0x240 arch/arm/mach-rockchip/built-in.o
                0x000000000020593c                vendor_storage_init
 .text.vendor_storage_fixup
                0x0000000000205b7c       0x74 arch/arm/mach-rockchip/built-in.o
                0x0000000000205b7c                vendor_storage_fixup
 .text.vendor_storage_read
                0x0000000000205bf0       0xa8 arch/arm/mach-rockchip/built-in.o
                0x0000000000205bf0                vendor_storage_read
 .text.vendor_storage_write
                0x0000000000205c98      0x210 arch/arm/mach-rockchip/built-in.o
                0x0000000000205c98                vendor_storage_write
 .text.vendor_storage_test
                0x0000000000205ea8      0x4b0 arch/arm/mach-rockchip/built-in.o
                0x0000000000205ea8                vendor_storage_test
 .text.vendor_handle_hdcp
                0x0000000000206358      0x13c arch/arm/mach-rockchip/built-in.o
                0x0000000000206358                vendor_handle_hdcp
 .text.do_dump_resource
                0x0000000000206494       0xb4 arch/arm/mach-rockchip/built-in.o
 .text.resource_check_header
                0x0000000000206548       0x14 arch/arm/mach-rockchip/built-in.o
 .text.resource_add_file
                0x000000000020655c       0xe4 arch/arm/mach-rockchip/built-in.o
 .text.resource_default
                0x0000000000206640       0x54 arch/arm/mach-rockchip/built-in.o
 .text.resource_setup_list.isra.0
                0x0000000000206694       0xbc arch/arm/mach-rockchip/built-in.o
 .text.resource_setup_ram_list
                0x0000000000206750       0x64 arch/arm/mach-rockchip/built-in.o
                0x0000000000206750                resource_setup_ram_list
 .text.resource_scan
                0x00000000002067b4      0x400 arch/arm/mach-rockchip/built-in.o
 .text.resource_get_file
                0x0000000000206bb4       0x68 arch/arm/mach-rockchip/built-in.o
 .text.rockchip_read_resource_file
                0x0000000000206c1c       0xf0 arch/arm/mach-rockchip/built-in.o
                0x0000000000206c1c                rockchip_read_resource_file
 .text.rockchip_read_resource_dtb
                0x0000000000206d0c       0xa8 arch/arm/mach-rockchip/built-in.o
                0x0000000000206d0c                rockchip_read_resource_dtb
 .text.param_parse_atf_mem
                0x0000000000206db4       0x88 arch/arm/mach-rockchip/built-in.o
                0x0000000000206db4                param_parse_atf_mem
 .text.param_parse_optee_mem
                0x0000000000206e3c       0xd8 arch/arm/mach-rockchip/built-in.o
                0x0000000000206e3c                param_parse_optee_mem
 .text.param_parse_common_resv_mem
                0x0000000000206f14        0xc arch/arm/mach-rockchip/built-in.o
                0x0000000000206f14                param_parse_common_resv_mem
 .text.param_parse_assign_bootdev
                0x0000000000206f20       0x6c arch/arm/mach-rockchip/built-in.o
                0x0000000000206f20                param_parse_assign_bootdev
 .text.param_parse_atags_bootdev
                0x0000000000206f8c      0x100 arch/arm/mach-rockchip/built-in.o
                0x0000000000206f8c                param_parse_atags_bootdev
 .text.param_parse_ddr_mem
                0x000000000020708c      0x168 arch/arm/mach-rockchip/built-in.o
                0x000000000020708c                param_parse_ddr_mem
 .text.param_parse_pre_serial
                0x00000000002071f4       0x9c arch/arm/mach-rockchip/built-in.o
                0x00000000002071f4                param_parse_pre_serial
 .text.param_parse_pubkey_fuse_programmed
                0x0000000000207290       0x58 arch/arm/mach-rockchip/built-in.o
                0x0000000000207290                param_parse_pubkey_fuse_programmed
 .text.rockchip_sdram_size
                0x00000000002072e8      0x19c arch/arm/mach-rockchip/built-in.o
                0x00000000002072e8                rockchip_sdram_size
 .text.dram_init_banksize
                0x0000000000207484       0x18 arch/arm/mach-rockchip/built-in.o
                0x0000000000207484                dram_init_banksize
 .text.dram_init
                0x000000000020749c       0x34 arch/arm/mach-rockchip/built-in.o
                0x000000000020749c                dram_init
 .text.board_get_usable_ram_top
                0x00000000002074d0       0x18 arch/arm/mach-rockchip/built-in.o
                0x00000000002074d0                board_get_usable_ram_top
 .text.rockchip_get_clk
                0x00000000002074e8       0x14 arch/arm/mach-rockchip/built-in.o
                0x00000000002074e8                rockchip_get_clk
 .text.fixup_pcfg_drive_strength
                0x00000000002074fc       0x98 arch/arm/mach-rockchip/built-in.o
 .text.arch_cpu_init
                0x0000000000207594      0x118 arch/arm/mach-rockchip/built-in.o
                0x0000000000207594                arch_cpu_init
 .text.board_debug_uart_init
                0x00000000002076ac       0x50 arch/arm/mach-rockchip/built-in.o
                0x00000000002076ac                board_debug_uart_init
 .text.do_board_download
                0x00000000002076fc       0x4c arch/arm/mach-rockchip/built-in.o
                0x00000000002076fc                do_board_download
 .text.js_hash  0x0000000000207748       0x4c arch/arm/mach-rockchip/built-in.o
 .text.atags_bad_magic
                0x0000000000207794       0x54 arch/arm/mach-rockchip/built-in.o
                0x0000000000207794                atags_bad_magic
 .text.atags_overflow
                0x00000000002077e8       0x48 arch/arm/mach-rockchip/built-in.o
                0x00000000002077e8                atags_overflow
 .text.atags_is_available
                0x0000000000207830       0x1c arch/arm/mach-rockchip/built-in.o
                0x0000000000207830                atags_is_available
 .text.atags_get_tag
                0x000000000020784c       0x9c arch/arm/mach-rockchip/built-in.o
                0x000000000020784c                atags_get_tag
 .text.atags_destroy
                0x00000000002078e8       0x28 arch/arm/mach-rockchip/built-in.o
                0x00000000002078e8                atags_destroy
 .text.do_reboot_brom
                0x0000000000207910       0x40 cmd/built-in.o
 .text.do_go_exec
                0x0000000000207950       0x10 cmd/built-in.o
                0x0000000000207950                do_go_exec
 .text.do_go    0x0000000000207960       0x88 cmd/built-in.o
 .text.do_bootm
                0x00000000002079e8      0x12c cmd/built-in.o
                0x00000000002079e8                do_bootm
 .text.do_bootd
                0x0000000000207b14       0x2c cmd/built-in.o
                0x0000000000207b14                do_bootd
 .text.bootm_maybe_autostart
                0x0000000000207b40       0x74 cmd/built-in.o
                0x0000000000207b40                bootm_maybe_autostart
 .text.do_help  0x0000000000207bb4       0x3c cmd/built-in.o
 .text.do_version
                0x0000000000207bf0       0x40 cmd/built-in.o
 .text.blk_common_cmd
                0x0000000000207c30      0x3c8 cmd/built-in.o
                0x0000000000207c30                blk_common_cmd
 .text.do_blk   0x0000000000207ff8       0xf4 cmd/built-in.o
 .text.source   0x00000000002080ec      0x1d4 cmd/built-in.o
                0x00000000002080ec                source
 .text.do_source
                0x00000000002082c0       0x7c cmd/built-in.o
 .text.print_num
                0x000000000020833c       0x14 cmd/built-in.o
 .text.do_bdinfo
                0x0000000000208350      0x144 cmd/built-in.o
 .text.do_avb_version
                0x0000000000208494       0x38 cmd/built-in.o
                0x0000000000208494                do_avb_version
 .text.do_avb_verify_partition
                0x00000000002084cc       0xa0 cmd/built-in.o
                0x00000000002084cc                do_avb_verify_partition
 .text.do_boot_avb
                0x000000000020856c       0x94 cmd/built-in.o
 .text.do_boot_android
                0x0000000000208600       0xf8 cmd/built-in.o
 .text.do_avb_read_rollback_index
                0x00000000002086f8       0xa8 cmd/built-in.o
                0x00000000002086f8                do_avb_read_rollback_index
 .text.do_avb_read_is_device_unlocked
                0x00000000002087a0       0xa8 cmd/built-in.o
                0x00000000002087a0                do_avb_read_is_device_unlocked
 .text.do_avb_write_is_device_unlocked
                0x0000000000208848       0x98 cmd/built-in.o
                0x0000000000208848                do_avb_write_is_device_unlocked
 .text.do_avb_get_size_of_partition
                0x00000000002088e0       0x9c cmd/built-in.o
                0x00000000002088e0                do_avb_get_size_of_partition
 .text.do_avb_get_get_unique_guid_for_partition
                0x000000000020897c       0xa0 cmd/built-in.o
                0x000000000020897c                do_avb_get_get_unique_guid_for_partition
 .text.do_perm_attr_test
                0x0000000000208a1c       0xd4 cmd/built-in.o
                0x0000000000208a1c                do_perm_attr_test
 .text.do_avb_write_rollback_index
                0x0000000000208af0       0xc0 cmd/built-in.o
                0x0000000000208af0                do_avb_write_rollback_index
 .text.do_avb_read
                0x0000000000208bb0      0x144 cmd/built-in.o
                0x0000000000208bb0                do_avb_read
 .text.do_android_print_hdr
                0x0000000000208cf4       0xbc cmd/built-in.o
 .text.read_rockchip_image
                0x0000000000208db0       0xfc cmd/built-in.o
 .text.do_boot_rockchip
                0x0000000000208eac      0x238 cmd/built-in.o
 .text.do_booti
                0x00000000002090e4      0x16c cmd/built-in.o
                0x00000000002090e4                do_booti
 .text.do_coninfo
                0x0000000000209250       0xdc cmd/built-in.o
 .text.do_charge_display
                0x000000000020932c      0x10c cmd/built-in.o
 .text.dump_hash
                0x0000000000209438       0x74 cmd/built-in.o
 .text.do_crypto_csum
                0x00000000002094ac      0x260 cmd/built-in.o
 .text.do_dtimg
                0x000000000020970c       0x94 cmd/built-in.o
 .text.dtimg_get_fdt.part.0
                0x00000000002097a0      0x104 cmd/built-in.o
 .text.do_dtimg_start
                0x00000000002098a4       0x1c cmd/built-in.o
 .text.do_dtimg_dump
                0x00000000002098c0       0x80 cmd/built-in.o
 .text.do_dtimg_size
                0x0000000000209940       0x1c cmd/built-in.o
 .text.do_echo  0x000000000020995c       0xd4 cmd/built-in.o
 .text.do_exit  0x0000000000209a30       0x40 cmd/built-in.o
 .text.do_ext4_size
                0x0000000000209a70        0x8 cmd/built-in.o
                0x0000000000209a70                do_ext4_size
 .text.do_ext4_load
                0x0000000000209a78        0x8 cmd/built-in.o
                0x0000000000209a78                do_ext4_load
 .text.do_ext4_ls
                0x0000000000209a80        0x8 cmd/built-in.o
                0x0000000000209a80                do_ext4_ls
 .text.do_ext2load
                0x0000000000209a88        0x8 cmd/built-in.o
                0x0000000000209a88                do_ext2load
 .text.do_ext2ls
                0x0000000000209a90        0x8 cmd/built-in.o
 .text.do_fat_size
                0x0000000000209a98        0x8 cmd/built-in.o
                0x0000000000209a98                do_fat_size
 .text.do_fat_fsload
                0x0000000000209aa0        0x8 cmd/built-in.o
                0x0000000000209aa0                do_fat_fsload
 .text.do_fat_ls
                0x0000000000209aa8        0x8 cmd/built-in.o
 .text.do_fat_fsinfo
                0x0000000000209ab0       0x94 cmd/built-in.o
 .text.do_fat_fswrite
                0x0000000000209b44      0x120 cmd/built-in.o
 .text.fdt_valid
                0x0000000000209c64       0xcc cmd/built-in.o
 .text.is_printable_string
                0x0000000000209d30       0x84 cmd/built-in.o
 .text.print_data.part.0
                0x0000000000209db4      0x1b4 cmd/built-in.o
 .text.set_working_fdt_addr
                0x0000000000209f68       0x18 cmd/built-in.o
                0x0000000000209f68                set_working_fdt_addr
 .text.do_fdt   0x0000000000209f80      0xf80 cmd/built-in.o
 .text.do_size_wrapper
                0x000000000020af00        0x8 cmd/built-in.o
 .text.do_load_wrapper
                0x000000000020af08        0x8 cmd/built-in.o
 .text.do_save_wrapper
                0x000000000020af10        0x8 cmd/built-in.o
 .text.do_ls_wrapper
                0x000000000020af18        0x8 cmd/built-in.o
 .text.do_fstype_wrapper
                0x000000000020af20        0x4 cmd/built-in.o
 .text.do_download
                0x000000000020af24       0x50 cmd/built-in.o
 .text.do_mem_md
                0x000000000020af74       0xf4 cmd/built-in.o
 .text.do_mem_base
                0x000000000020b068       0x4c cmd/built-in.o
 .text.do_mem_crc
                0x000000000020b0b4       0x30 cmd/built-in.o
 .text.do_mem_loop
                0x000000000020b0e4      0x128 cmd/built-in.o
 .text.do_mem_cmp
                0x000000000020b20c      0x1a4 cmd/built-in.o
 .text.mod_mem.part.0
                0x000000000020b3b0      0x1b4 cmd/built-in.o
 .text.do_mem_mm
                0x000000000020b564       0x1c cmd/built-in.o
 .text.do_mem_nm
                0x000000000020b580       0x1c cmd/built-in.o
 .text.do_mem_mw
                0x000000000020b59c      0x108 cmd/built-in.o
 .text.do_mem_cp
                0x000000000020b6a4       0xc0 cmd/built-in.o
 .text.extract_range
                0x000000000020b764       0xfc cmd/built-in.o
 .text.do_mii   0x000000000020b860      0x8dc cmd/built-in.o
 .text.do_mdio  0x000000000020c13c      0x4a0 cmd/built-in.o
 .text.init_mmc_device
                0x000000000020c5dc       0x64 cmd/built-in.o
 .text.do_mmc_rescan
                0x000000000020c640       0x28 cmd/built-in.o
 .text.do_mmcrpmb
                0x000000000020c668      0x120 cmd/built-in.o
 .text.do_mmcops
                0x000000000020c788       0xd4 cmd/built-in.o
 .text.do_mmc_dev
                0x000000000020c85c      0x14c cmd/built-in.o
 .text.do_mmc_setdsr
                0x000000000020c9a8       0xbc cmd/built-in.o
 .text.do_mmcrpmb_counter
                0x000000000020ca64       0x50 cmd/built-in.o
 .text.do_mmcrpmb_write
                0x000000000020cab4      0x104 cmd/built-in.o
 .text.do_mmcrpmb_read
                0x000000000020cbb8      0x11c cmd/built-in.o
 .text.do_mmcrpmb_key
                0x000000000020ccd4       0xa0 cmd/built-in.o
 .text.do_mmc_testefuse
                0x000000000020cd74       0x50 cmd/built-in.o
 .text.do_mmc_hwpartition
                0x000000000020cdc4      0x4f4 cmd/built-in.o
 .text.do_mmc_list
                0x000000000020d2b8       0x1c cmd/built-in.o
 .text.do_mmcinfo
                0x000000000020d2d4      0x3c0 cmd/built-in.o
 .text.do_mmc_test_secure_storage
                0x000000000020d694       0xec cmd/built-in.o
 .text.do_mmc_part
                0x000000000020d780       0x64 cmd/built-in.o
 .text.do_mmc_erase
                0x000000000020d7e4      0x104 cmd/built-in.o
 .text.do_mmc_write
                0x000000000020d8e8      0x124 cmd/built-in.o
 .text.do_mmc_read
                0x000000000020da0c       0xfc cmd/built-in.o
 .text.init_rpmb
                0x000000000020db08       0xb0 cmd/built-in.o
                0x000000000020db08                init_rpmb
 .text.finish_rpmb
                0x000000000020dbb8       0x30 cmd/built-in.o
                0x000000000020dbb8                finish_rpmb
 .text.do_readcounter
                0x000000000020dbe8       0x2c cmd/built-in.o
                0x000000000020dbe8                do_readcounter
 .text.do_programkey
                0x000000000020dc14       0x2c cmd/built-in.o
                0x000000000020dc14                do_programkey
 .text.do_authenticatedread
                0x000000000020dc40       0x34 cmd/built-in.o
                0x000000000020dc40                do_authenticatedread
 .text.do_authenticatedwrite
                0x000000000020dc74       0x2c cmd/built-in.o
                0x000000000020dc74                do_authenticatedwrite
 .text.do_returnmmc
                0x000000000020dca0        0xc cmd/built-in.o
                0x000000000020dca0                do_returnmmc
 .text.netboot_common
                0x000000000020dcac      0x270 cmd/built-in.o
 .text.do_bootp
                0x000000000020df1c        0xc cmd/built-in.o
 .text.do_dhcp  0x000000000020df28        0xc cmd/built-in.o
 .text.do_nfs   0x000000000020df34        0xc cmd/built-in.o
 .text.do_tftpb
                0x000000000020df40       0x58 cmd/built-in.o
                0x000000000020df40                do_tftpb
 .text.do_ping  0x000000000020df98       0x7c cmd/built-in.o
 .text.do_part_list
                0x000000000020e014      0x18c cmd/built-in.o
 .text.do_part_start
                0x000000000020e1a0       0xdc cmd/built-in.o
 .text.do_part_size
                0x000000000020e27c       0xdc cmd/built-in.o
 .text.do_part  0x000000000020e358      0x128 cmd/built-in.o
 .text.eol_or_eof
                0x000000000020e480       0x24 cmd/built-in.o
 .text.do_pxe   0x000000000020e4a4       0x90 cmd/built-in.o
 .text.label_print
                0x000000000020e534       0x1c cmd/built-in.o
 .text.do_get_tftp
                0x000000000020e550       0x3c cmd/built-in.o
 .text.from_env
                0x000000000020e58c       0x3c cmd/built-in.o
 .text.label_destroy
                0x000000000020e5c8       0x68 cmd/built-in.o
 .text.destroy_pxe_menu
                0x000000000020e630       0x68 cmd/built-in.o
 .text.do_get_any
                0x000000000020e698       0x44 cmd/built-in.o
 .text.do_get_fat
                0x000000000020e6dc       0x40 cmd/built-in.o
 .text.do_get_ext2
                0x000000000020e71c       0x40 cmd/built-in.o
 .text.format_mac_pxe.constprop.0
                0x000000000020e75c       0x6c cmd/built-in.o
 .text.get_relfile
                0x000000000020e7c8      0x138 cmd/built-in.o
 .text.get_pxe_file
                0x000000000020e900       0x60 cmd/built-in.o
 .text.get_pxelinux_path
                0x000000000020e960       0x98 cmd/built-in.o
 .text.do_pxe_get
                0x000000000020e9f8      0x168 cmd/built-in.o
 .text.get_relfile_envaddr
                0x000000000020eb60       0x5c cmd/built-in.o
 .text.get_string.isra.0
                0x000000000020ebbc       0xdc cmd/built-in.o
 .text.get_token
                0x000000000020ec98      0x12c cmd/built-in.o
 .text.parse_sliteral
                0x000000000020edc4       0x6c cmd/built-in.o
 .text.parse_integer
                0x000000000020ee30       0x84 cmd/built-in.o
 .text.parse_pxefile_top
                0x000000000020eeb4      0x3fc cmd/built-in.o
 .text.handle_include
                0x000000000020f2b0       0xc4 cmd/built-in.o
 .text.parse_pxefile
                0x000000000020f374       0x7c cmd/built-in.o
 .text.label_boot
                0x000000000020f3f0      0x56c cmd/built-in.o
 .text.handle_pxe_menu
                0x000000000020f95c      0x188 cmd/built-in.o
 .text.do_pxe_boot
                0x000000000020fae4       0xf0 cmd/built-in.o
 .text.do_sysboot
                0x000000000020fbd4      0x208 cmd/built-in.o
 .text.rkusb_fini
                0x000000000020fddc       0x6c cmd/built-in.o
 .text.rkusb_erase_sector
                0x000000000020fe48       0x20 cmd/built-in.o
 .text.rkusb_write_sector
                0x000000000020fe68       0x6c cmd/built-in.o
 .text.do_rkusb
                0x000000000020fed4      0x448 cmd/built-in.o
 .text.rkusb_read_sector
                0x000000000021031c       0x5c cmd/built-in.o
 .text.do_rknand
                0x0000000000210378       0x6c cmd/built-in.o
 .text.do_false
                0x00000000002103e4        0x8 cmd/built-in.o
 .text.do_true  0x00000000002103ec        0x8 cmd/built-in.o
 .text.do_test  0x00000000002103f4      0x360 cmd/built-in.o
 .text.usb_get_class_desc
                0x0000000000210754       0xac cmd/built-in.o
 .text.usb_display_class_sub
                0x0000000000210800      0x18c cmd/built-in.o
 .text.usb_display_desc
                0x000000000021098c      0x14c cmd/built-in.o
 .text.usb_show_tree_graph
                0x0000000000210ad8      0x230 cmd/built-in.o
 .text.usb_show_subtree
                0x0000000000210d08       0x38 cmd/built-in.o
 .text.usb_for_each_root_dev
                0x0000000000210d40       0x68 cmd/built-in.o
 .text.usb_display_string
                0x0000000000210da8       0x4c cmd/built-in.o
 .text.usb_display_config
                0x0000000000210df4      0x254 cmd/built-in.o
 .text.usb_show_info
                0x0000000000211048       0x78 cmd/built-in.o
 .text.usb_find_device
                0x00000000002110c0       0xb0 cmd/built-in.o
 .text.do_usbboot
                0x0000000000211170        0xc cmd/built-in.o
 .text.do_usb_start
                0x000000000021117c       0x30 cmd/built-in.o
 .text.usb_show_tree
                0x00000000002111ac        0xc cmd/built-in.o
                0x00000000002111ac                usb_show_tree
 .text.do_usb   0x00000000002111b8      0x3ec cmd/built-in.o
 .text.common_diskboot
                0x00000000002115a4      0x2a4 cmd/built-in.o
                0x00000000002115a4                common_diskboot
 .text.do_fastboot
                0x0000000000211848      0x168 cmd/built-in.o
 .text.ums_fini
                0x00000000002119b0       0x70 cmd/built-in.o
 .text.ums_write_sector
                0x0000000000211a20       0x20 cmd/built-in.o
 .text.ums_read_sector
                0x0000000000211a40       0x20 cmd/built-in.o
 .text.do_usb_mass_storage
                0x0000000000211a60      0x354 cmd/built-in.o
 .text.extract_val
                0x0000000000211db4       0xa0 cmd/built-in.o
 .text.extract_env
                0x0000000000211e54       0xf8 cmd/built-in.o
 .text.set_gpt_info.constprop.0
                0x0000000000211f4c      0x46c cmd/built-in.o
 .text.do_gpt   0x00000000002123b8      0x2dc cmd/built-in.o
 .text.test_secure_storage_default
                0x0000000000212694      0x240 cmd/built-in.o
                0x0000000000212694                test_secure_storage_default
 .text.test_secure_storage_security_partition
                0x00000000002128d4      0x230 cmd/built-in.o
                0x00000000002128d4                test_secure_storage_security_partition
 .text.do_dvfs  0x0000000000212b04       0x9c cmd/built-in.o
 .text.do_rkimg_test
                0x0000000000212ba0      0x170 cmd/built-in.o
 .text.do_dump_atags
                0x0000000000212d10      0x868 cmd/built-in.o
 .text.do_env_delete
                0x0000000000213578       0xc4 cmd/built-in.o
 .text.do_env_save
                0x000000000021363c       0x30 cmd/built-in.o
 .text.do_env   0x000000000021366c       0x84 cmd/built-in.o
 .text.env_print
                0x00000000002136f0       0xc4 cmd/built-in.o
 .text.do_env_print
                0x00000000002137b4       0xe0 cmd/built-in.o
 .text.do_env_import
                0x0000000000213894      0x254 cmd/built-in.o
 .text.do_env_default
                0x0000000000213ae8       0x84 cmd/built-in.o
 .text.do_env_exists
                0x0000000000213b6c       0x60 cmd/built-in.o
 .text._do_env_set.constprop.0
                0x0000000000213bcc      0x1b8 cmd/built-in.o
 .text.do_env_set
                0x0000000000213d84       0x20 cmd/built-in.o
 .text.get_env_id
                0x0000000000213da4        0xc cmd/built-in.o
                0x0000000000213da4                get_env_id
 .text.env_set  0x0000000000213db0       0x58 cmd/built-in.o
                0x0000000000213db0                env_set
 .text.env_set_ulong
                0x0000000000213e08       0x2c cmd/built-in.o
                0x0000000000213e08                env_set_ulong
 .text.env_set_hex
                0x0000000000213e34       0x3c cmd/built-in.o
                0x0000000000213e34                env_set_hex
 .text.do_env_export
                0x0000000000213e70      0x224 cmd/built-in.o
 .text.envmatch
                0x0000000000214094       0x7c cmd/built-in.o
                0x0000000000214094                envmatch
 .text.env_get_f
                0x0000000000214110       0xe8 cmd/built-in.o
                0x0000000000214110                env_get_f
 .text.env_get  0x00000000002141f8       0x70 cmd/built-in.o
                0x00000000002141f8                env_get
 .text.env_update_extract_subset
                0x0000000000214268      0x13c cmd/built-in.o
                0x0000000000214268                env_update_extract_subset
 .text.env_exist
                0x00000000002143a4      0x150 cmd/built-in.o
                0x00000000002143a4                env_exist
 .text.env_delete
                0x00000000002144f4       0x9c cmd/built-in.o
                0x00000000002144f4                env_delete
 .text.env_get_hex
                0x0000000000214590       0x44 cmd/built-in.o
                0x0000000000214590                env_get_hex
 .text.env_get_ulong
                0x00000000002145d4       0x40 cmd/built-in.o
                0x00000000002145d4                env_get_ulong
 .text.do_env_edit.part.0
                0x0000000000214614       0xb4 cmd/built-in.o
 .text.do_env_edit
                0x00000000002146c8       0x28 cmd/built-in.o
 .text.env_append.isra.0
                0x00000000002146f0       0xf8 cmd/built-in.o
 .text.env_update_filter
                0x00000000002147e8      0x408 cmd/built-in.o
                0x00000000002147e8                env_update_filter
 .text.env_update
                0x0000000000214bf0        0x8 cmd/built-in.o
                0x0000000000214bf0                env_update
 .text.do_env_update
                0x0000000000214bf8       0x18 cmd/built-in.o
 .text.board_init_f_alloc_reserve
                0x0000000000214c10       0x10 common/built-in.o
                0x0000000000214c10                board_init_f_alloc_reserve
 .text.board_init_f_init_reserve
                0x0000000000214c20       0x30 common/built-in.o
                0x0000000000214c20                board_init_f_init_reserve
 .text.show_boot_progress
                0x0000000000214c50        0x8 common/built-in.o
                0x0000000000214c50                show_boot_progress
 .text.main_loop
                0x0000000000214c58       0x68 common/built-in.o
                0x0000000000214c58                main_loop
 .text.mdelay   0x0000000000214cc0       0x30 common/built-in.o
 .text.dummy    0x0000000000214cf0        0x4 common/built-in.o
 .text.get_version
                0x0000000000214cf4        0x8 common/built-in.o
                0x0000000000214cf4                get_version
 .text.jumptable_init
                0x0000000000214cfc      0x1f0 common/built-in.o
                0x0000000000214cfc                jumptable_init
 .text.hash_command
                0x0000000000214eec       0xd0 common/built-in.o
                0x0000000000214eec                hash_command
 .text.b_reset  0x0000000000214fbc       0x18 common/built-in.o
 .text.static_get
                0x0000000000214fd4       0x1c common/built-in.o
 .text.static_peek
                0x0000000000214ff0        0xc common/built-in.o
 .text.mapset   0x0000000000214ffc       0x20 common/built-in.o
 .text.syntax_err
                0x000000000021501c        0xc common/built-in.o
 .text.xmalloc  0x0000000000215028       0x28 common/built-in.o
 .text.new_pipe
                0x0000000000215050       0x24 common/built-in.o
 .text.xrealloc
                0x0000000000215074       0x28 common/built-in.o
 .text.is_assignment
                0x000000000021509c       0x50 common/built-in.o
 .text.do_showvar
                0x00000000002150ec      0x10c common/built-in.o
 .text.b_addchr
                0x00000000002151f8       0x94 common/built-in.o
 .text.done_command.isra.0
                0x000000000021528c       0x90 common/built-in.o
 .text.done_pipe.isra.0
                0x000000000021531c       0x48 common/built-in.o
 .text.done_word
                0x0000000000215364      0x28c common/built-in.o
 .text.free_pipe_list.isra.0
                0x00000000002155f0       0xd0 common/built-in.o
 .text.file_get
                0x00000000002156c0      0x1e4 common/built-in.o
 .text.b_addqchr.isra.0
                0x00000000002158a4       0x58 common/built-in.o
 .text.file_peek
                0x00000000002158fc        0xc common/built-in.o
 .text.get_local_var
                0x0000000000215908       0x9c common/built-in.o
                0x0000000000215908                get_local_var
 .text.set_local_var
                0x00000000002159a4      0x1a0 common/built-in.o
                0x00000000002159a4                set_local_var
 .text.insert_var_value_sub
                0x0000000000215b44      0x2b0 common/built-in.o
 .text.parse_string_outer
                0x0000000000215df4       0xe4 common/built-in.o
                0x0000000000215df4                parse_string_outer
 .text.run_list_real
                0x0000000000215ed8      0x728 common/built-in.o
 .text.parse_stream_outer
                0x0000000000216600      0x66c common/built-in.o
 .text.parse_file_outer
                0x0000000000216c6c       0x40 common/built-in.o
                0x0000000000216c6c                parse_file_outer
 .text.u_boot_hush_start
                0x0000000000216cac       0x58 common/built-in.o
                0x0000000000216cac                u_boot_hush_start
 .text.bootdelay_process
                0x0000000000216d04       0xcc common/built-in.o
                0x0000000000216d04                bootdelay_process
 .text.autoboot_command
                0x0000000000216dd0      0x114 common/built-in.o
                0x0000000000216dd0                autoboot_command
 .text.log_init
                0x0000000000216ee4       0x10 common/built-in.o
 .text.display_text_info
                0x0000000000216ef4        0x8 common/built-in.o
 .text.setup_mon_len
                0x0000000000216efc       0x20 common/built-in.o
 .text.reserve_round_4k
                0x0000000000216f1c       0x14 common/built-in.o
 .text.reserve_uboot
                0x0000000000216f30       0x2c common/built-in.o
 .text.reserve_malloc
                0x0000000000216f5c       0x1c common/built-in.o
 .text.reserve_global_data
                0x0000000000216f78       0x1c common/built-in.o
 .text.reserve_fdt
                0x0000000000216f94       0xac common/built-in.o
 .text.reserve_mmu
                0x0000000000217040       0x4c common/built-in.o
                0x0000000000217040                reserve_mmu
 .text.reloc_fdt
                0x000000000021708c       0x4c common/built-in.o
 .text.announce_serial
                0x00000000002170d8       0x5c common/built-in.o
 .text.setup_reloc
                0x0000000000217134       0xac common/built-in.o
 .text.announce_dram_init
                0x00000000002171e0       0x20 common/built-in.o
 .text.reserve_board
                0x0000000000217200       0x48 common/built-in.o
 .text.reserve_video
                0x0000000000217248       0x2c common/built-in.o
 .text.initf_dm
                0x0000000000217274        0x8 common/built-in.o
 .text.initf_bootstage
                0x000000000021727c       0x1c common/built-in.o
 .text.init_baud_rate
                0x0000000000217298       0x4c common/built-in.o
 .text.arch_cpu_init_dm
                0x00000000002172e4        0x8 common/built-in.o
                0x00000000002172e4                arch_cpu_init_dm
 .text.mach_cpu_init
                0x00000000002172ec        0x8 common/built-in.o
                0x00000000002172ec                mach_cpu_init
 .text.reserve_trace
                0x00000000002172f4        0x8 common/built-in.o
 .text.setup_machine
                0x00000000002172fc        0x8 common/built-in.o
 .text.reserve_bootstage
                0x0000000000217304        0x8 common/built-in.o
 .text.display_new_sp
                0x000000000021730c        0x8 common/built-in.o
 .text.reloc_bootstage
                0x0000000000217314        0x8 common/built-in.o
 .text.initf_console_record
                0x000000000021731c        0x8 common/built-in.o
 .text.reserve_arch
                0x0000000000217324        0x8 common/built-in.o
                0x0000000000217324                reserve_arch
 .text.board_add_ram_info
                0x000000000021732c        0x4 common/built-in.o
                0x000000000021732c                board_add_ram_info
 .text.show_dram_config
                0x0000000000217330       0x68 common/built-in.o
 .text.setup_dest_addr
                0x0000000000217398       0x48 common/built-in.o
 .text.reserve_stacks
                0x00000000002173e0       0x1c common/built-in.o
 .text.board_init_f
                0x00000000002173fc       0x2c common/built-in.o
                0x00000000002173fc                board_init_f
 .text.initr_trace
                0x0000000000217428        0x8 common/built-in.o
 .text.initr_reloc
                0x0000000000217430       0x18 common/built-in.o
 .text.initr_reloc_global_data
                0x0000000000217448       0x24 common/built-in.o
 .text.initr_announce
                0x000000000021746c       0x10 common/built-in.o
 .text.run_main_loop
                0x000000000021747c       0x10 common/built-in.o
 .text.initr_net
                0x000000000021748c       0x24 common/built-in.o
 .text.initr_ethaddr
                0x00000000002174b0       0x28 common/built-in.o
 .text.initr_jumptable
                0x00000000002174d8       0x18 common/built-in.o
 .text.initr_serial
                0x00000000002174f0       0x18 common/built-in.o
 .text.initr_env_nowhere
                0x0000000000217508       0x1c common/built-in.o
 .text.initr_dm
                0x0000000000217524       0x14 common/built-in.o
 .text.initr_of_live
                0x0000000000217538        0xc common/built-in.o
 .text.initr_enable_interrupts
                0x0000000000217544       0x18 common/built-in.o
 .text.initr_bootstage
                0x000000000021755c       0x1c common/built-in.o
 .text.initr_malloc
                0x0000000000217578       0x28 common/built-in.o
 .text.initr_caches
                0x00000000002175a0       0x90 common/built-in.o
 .text.bootstage_relocate
                0x0000000000217630        0x8 common/built-in.o
 .text.initr_barrier
                0x0000000000217638        0x8 common/built-in.o
 .text.initr_console_record
                0x0000000000217640        0x8 common/built-in.o
 .text.power_init_board
                0x0000000000217648        0x8 common/built-in.o
                0x0000000000217648                power_init_board
 .text.initr_mmc
                0x0000000000217650        0x8 common/built-in.o
 .text.board_initr_caches_fixup
                0x0000000000217658        0x8 common/built-in.o
                0x0000000000217658                board_initr_caches_fixup
 .text.cpu_secondary_init_r
                0x0000000000217660        0x4 common/built-in.o
                0x0000000000217660                cpu_secondary_init_r
 .text.initr_secondary_cpu
                0x0000000000217664       0x18 common/built-in.o
 .text.board_init_r
                0x000000000021767c       0x24 common/built-in.o
                0x000000000021767c                board_init_r
 .text.checkboard
                0x00000000002176a0        0x8 common/built-in.o
                0x00000000002176a0                checkboard
 .text.show_board_info
                0x00000000002176a8       0x4c common/built-in.o
                0x00000000002176a8                show_board_info
 .text.bootm_find_images
                0x00000000002176f4       0xd8 common/built-in.o
                0x00000000002176f4                bootm_find_images
 .text.bootm_parse_comp
                0x00000000002177cc       0x5c common/built-in.o
                0x00000000002177cc                bootm_parse_comp
 .text.bootm_decomp_image
                0x0000000000217828      0x238 common/built-in.o
                0x0000000000217828                bootm_decomp_image
 .text.bootm_disable_interrupts
                0x0000000000217a60       0x4c common/built-in.o
                0x0000000000217a60                bootm_disable_interrupts
 .text.do_bootm_states
                0x0000000000217aac      0x954 common/built-in.o
                0x0000000000217aac                do_bootm_states
 .text.copy_args
                0x0000000000218400       0x6c common/built-in.o
 .text.do_bootm_rtems
                0x000000000021846c       0x7c common/built-in.o
 .text.do_bootm_plan9
                0x00000000002184e8       0xe4 common/built-in.o
 .text.do_bootm_netbsd
                0x00000000002185cc      0x144 common/built-in.o
 .text.do_bootm_standalone
                0x0000000000218710       0x74 common/built-in.o
 .text.do_bootvx_fdt
                0x0000000000218784      0x118 common/built-in.o
                0x0000000000218784                do_bootvx_fdt
 .text.do_bootm_vxworks
                0x000000000021889c       0x58 common/built-in.o
 .text.boot_selected_os
                0x00000000002188f4       0x80 common/built-in.o
                0x00000000002188f4                boot_selected_os
 .text.bootm_os_get_boot_func
                0x0000000000218974       0x10 common/built-in.o
                0x0000000000218974                bootm_os_get_boot_func
 .text.of_bus_default_map
                0x0000000000218984       0xa4 common/built-in.o
 .text.fdt_pack_reg
                0x0000000000218a28       0xd8 common/built-in.o
 .text.of_bus_default_translate
                0x0000000000218b00       0xb8 common/built-in.o
 .text.fdt_support_default_count_cells
                0x0000000000218bb8       0x70 common/built-in.o
                0x0000000000218bb8                fdt_support_default_count_cells
 .text.fdt_find_and_setprop
                0x0000000000218c28       0x94 common/built-in.o
                0x0000000000218c28                fdt_find_and_setprop
 .text.fdt_find_or_add_subnode
                0x0000000000218cbc       0x74 common/built-in.o
                0x0000000000218cbc                fdt_find_or_add_subnode
 .text.fdt_setprop_uxx
                0x0000000000218d30       0x38 common/built-in.o
                0x0000000000218d30                fdt_setprop_uxx
 .text.fdt_root
                0x0000000000218d68       0x98 common/built-in.o
                0x0000000000218d68                fdt_root
 .text.fdt_initrd
                0x0000000000218e00      0x16c common/built-in.o
                0x0000000000218e00                fdt_initrd
 .text.fdt_chosen
                0x0000000000218f6c       0xb8 common/built-in.o
                0x0000000000218f6c                fdt_chosen
 .text.do_fixup_by_path
                0x0000000000219024       0x4c common/built-in.o
                0x0000000000219024                do_fixup_by_path
 .text.do_fixup_by_path_u32
                0x0000000000219070       0x28 common/built-in.o
                0x0000000000219070                do_fixup_by_path_u32
 .text.fdt_fixup_memory_banks
                0x0000000000219098      0x164 common/built-in.o
                0x0000000000219098                fdt_fixup_memory_banks
 .text.fdt_fixup_memory
                0x00000000002191fc       0x24 common/built-in.o
                0x00000000002191fc                fdt_fixup_memory
 .text.fdt_update_reserved_memory
                0x0000000000219220       0xa0 common/built-in.o
                0x0000000000219220                fdt_update_reserved_memory
 .text.fdt_fixup_ethernet
                0x00000000002192c0      0x1ac common/built-in.o
                0x00000000002192c0                fdt_fixup_ethernet
 .text.fdt_shrink_to_minimum
                0x000000000021946c       0xc8 common/built-in.o
                0x000000000021946c                fdt_shrink_to_minimum
 .text.fdt_increase_size
                0x0000000000219534       0x14 common/built-in.o
                0x0000000000219534                fdt_increase_size
 .text.fdt_translate_address
                0x0000000000219548      0x264 common/built-in.o
                0x0000000000219548                fdt_translate_address
 .text.fdt_get_base_address
                0x00000000002197ac       0x4c common/built-in.o
                0x00000000002197ac                fdt_get_base_address
 .text.fdt_overlay_apply_verbose
                0x00000000002197f8       0x80 common/built-in.o
                0x00000000002197f8                fdt_overlay_apply_verbose
 .text.miiphy_get_dev_by_name
                0x0000000000219878       0x68 common/built-in.o
                0x0000000000219878                miiphy_get_dev_by_name
 .text.miiphy_init
                0x00000000002198e0       0x1c common/built-in.o
                0x00000000002198e0                miiphy_init
 .text.mdio_alloc
                0x00000000002198fc       0x3c common/built-in.o
                0x00000000002198fc                mdio_alloc
 .text.mdio_free
                0x0000000000219938        0x4 common/built-in.o
                0x0000000000219938                mdio_free
 .text.mdio_register
                0x000000000021993c       0x8c common/built-in.o
                0x000000000021993c                mdio_register
 .text.mdio_unregister
                0x00000000002199c8       0x30 common/built-in.o
                0x00000000002199c8                mdio_unregister
 .text.mdio_list_devices
                0x00000000002199f8       0xc8 common/built-in.o
                0x00000000002199f8                mdio_list_devices
 .text.miiphy_set_current_dev
                0x0000000000219ac0       0x48 common/built-in.o
                0x0000000000219ac0                miiphy_set_current_dev
 .text.miiphy_get_active_dev
                0x0000000000219b08       0x60 common/built-in.o
 .text.mdio_get_current_dev
                0x0000000000219b68        0xc common/built-in.o
                0x0000000000219b68                mdio_get_current_dev
 .text.mdio_phydev_for_ethname
                0x0000000000219b74       0xa0 common/built-in.o
                0x0000000000219b74                mdio_phydev_for_ethname
 .text.miiphy_get_current_dev
                0x0000000000219c14       0x14 common/built-in.o
                0x0000000000219c14                miiphy_get_current_dev
 .text.miiphy_read
                0x0000000000219c28       0x5c common/built-in.o
                0x0000000000219c28                miiphy_read
 .text.miiphy_write
                0x0000000000219c84       0x60 common/built-in.o
                0x0000000000219c84                miiphy_write
 .text.miiphy_listdev
                0x0000000000219ce4       0x90 common/built-in.o
                0x0000000000219ce4                miiphy_listdev
 .text.miiphy_info
                0x0000000000219d74       0xa0 common/built-in.o
                0x0000000000219d74                miiphy_info
 .text.miiphy_speed
                0x0000000000219e14       0xc8 common/built-in.o
                0x0000000000219e14                miiphy_speed
 .text.miiphy_duplex
                0x0000000000219edc       0xc8 common/built-in.o
                0x0000000000219edc                miiphy_duplex
 .text.miiphy_is_1000base_x
                0x0000000000219fa4        0x8 common/built-in.o
                0x0000000000219fa4                miiphy_is_1000base_x
 .text.usb_set_maxpacket_ep
                0x0000000000219fac       0x84 common/built-in.o
 .text.usb_int_msg
                0x000000000021a030        0x4 common/built-in.o
                0x000000000021a030                usb_int_msg
 .text.usb_control_msg
                0x000000000021a034       0xbc common/built-in.o
                0x000000000021a034                usb_control_msg
 .text.usb_get_descriptor
                0x000000000021a0f0       0x5c common/built-in.o
 .text.get_descriptor_len
                0x000000000021a14c       0xa4 common/built-in.o
 .text.usb_setup_descriptor
                0x000000000021a1f0       0xec common/built-in.o
 .text.usb_get_string
                0x000000000021a2dc       0xa4 common/built-in.o
 .text.usb_string_sub
                0x000000000021a380      0x114 common/built-in.o
 .text.usb_bulk_msg
                0x000000000021a494       0x78 common/built-in.o
                0x000000000021a494                usb_bulk_msg
 .text.usb_maxpacket
                0x000000000021a50c       0x1c common/built-in.o
                0x000000000021a50c                usb_maxpacket
 .text.usb_clear_halt
                0x000000000021a528       0x9c common/built-in.o
                0x000000000021a528                usb_clear_halt
 .text.usb_get_configuration_len
                0x000000000021a5c4       0x78 common/built-in.o
                0x000000000021a5c4                usb_get_configuration_len
 .text.usb_get_configuration_no
                0x000000000021a63c       0x40 common/built-in.o
                0x000000000021a63c                usb_get_configuration_no
 .text.usb_set_interface
                0x000000000021a67c       0xb0 common/built-in.o
                0x000000000021a67c                usb_set_interface
 .text.usb_string
                0x000000000021a72c      0x118 common/built-in.o
                0x000000000021a72c                usb_string
 .text.usb_select_config
                0x000000000021a844      0x50c common/built-in.o
                0x000000000021a844                usb_select_config
 .text.usb_setup_device
                0x000000000021ad50      0x124 common/built-in.o
                0x000000000021ad50                usb_setup_device
 .text.usb_device_has_child_on_port
                0x000000000021ae74        0x8 common/built-in.o
                0x000000000021ae74                usb_device_has_child_on_port
 .text.usb_find_usb2_hub_address_port
                0x000000000021ae7c       0x90 common/built-in.o
                0x000000000021ae7c                usb_find_usb2_hub_address_port
 .text.usb_set_port_feature
                0x000000000021af0c       0x4c common/built-in.o
 .text.usb_get_hub_descriptor
                0x000000000021af58       0x64 common/built-in.o
 .text.usb_clear_port_feature.isra.0
                0x000000000021afbc       0x4c common/built-in.o
 .text.usb_hub_reset_devices
                0x000000000021b008        0x4 common/built-in.o
                0x000000000021b008                usb_hub_reset_devices
 .text.usb_hub_is_root_hub
                0x000000000021b00c       0x20 common/built-in.o
                0x000000000021b00c                usb_hub_is_root_hub
 .text.usb_get_port_status
                0x000000000021b02c       0xc8 common/built-in.o
                0x000000000021b02c                usb_get_port_status
 .text.usb_hub_port_connect_change
                0x000000000021b0f4      0x17c common/built-in.o
                0x000000000021b0f4                usb_hub_port_connect_change
 .text.usb_hub_configure
                0x000000000021b270      0x59c common/built-in.o
 .text.usb_hub_scan
                0x000000000021b80c       0x14 common/built-in.o
                0x000000000021b80c                usb_hub_scan
 .text.usb_hub_post_probe
                0x000000000021b820        0x4 common/built-in.o
 .text.usb_stor_irq
                0x000000000021b824       0x18 common/built-in.o
 .text.usb_stor_BBB_reset
                0x000000000021b83c      0x110 common/built-in.o
 .text.usb_stor_CB_reset
                0x000000000021b94c       0xe8 common/built-in.o
 .text.usb_stor_CB_comdat
                0x000000000021ba34      0x1ec common/built-in.o
 .text.usb_stor_CBI_get_status
                0x000000000021bc20       0xe0 common/built-in.o
 .text.usb_stor_CB_transport
                0x000000000021bd00      0x1fc common/built-in.o
 .text.usb_request_sense.constprop.0.isra.0
                0x000000000021befc       0x88 common/built-in.o
 .text.usb_stor_write
                0x000000000021bf84      0x170 common/built-in.o
 .text.usb_stor_read
                0x000000000021c0f4      0x170 common/built-in.o
 .text.usb_stor_BBB_clear_endpt_stall.isra.0
                0x000000000021c264       0x4c common/built-in.o
 .text.usb_stor_BBB_transport
                0x000000000021c2b0      0x268 common/built-in.o
 .text.usb_stor_info
                0x000000000021c518       0x88 common/built-in.o
                0x000000000021c518                usb_stor_info
 .text.usb_stor_reset
                0x000000000021c5a0        0xc common/built-in.o
                0x000000000021c5a0                usb_stor_reset
 .text.usb_stor_scan
                0x000000000021c5ac       0x4c common/built-in.o
                0x000000000021c5ac                usb_stor_scan
 .text.usb_storage_probe
                0x000000000021c5f8      0x260 common/built-in.o
                0x000000000021c5f8                usb_storage_probe
 .text.usb_stor_get_info
                0x000000000021c858      0x2ec common/built-in.o
                0x000000000021c858                usb_stor_get_info
 .text.usb_mass_storage_probe
                0x000000000021cb44      0x198 common/built-in.o
 .text.iomux_doenv
                0x000000000021ccdc      0x1cc common/built-in.o
                0x000000000021ccdc                iomux_doenv
 .text.snip     0x000000000021cea8       0x6c common/built-in.o
 .text.edid_check_info
                0x000000000021cf14       0x64 common/built-in.o
                0x000000000021cf14                edid_check_info
 .text.edid_get_drm_mode
                0x000000000021cf78      0x1c8 common/built-in.o
                0x000000000021cf78                edid_get_drm_mode
 .text.edid_get_timing
                0x000000000021d140      0x2a8 common/built-in.o
                0x000000000021d140                edid_get_timing
 .text.edid_print_info
                0x000000000021d3e8      0x5f4 common/built-in.o
                0x000000000021d3e8                edid_print_info
 .text.menu_display_statusline
                0x000000000021d9dc        0x4 common/built-in.o
                0x000000000021d9dc                menu_display_statusline
 .text.menu_default_set
                0x000000000021d9e0       0x94 common/built-in.o
                0x000000000021d9e0                menu_default_set
 .text.menu_get_choice
                0x000000000021da74      0x1dc common/built-in.o
                0x000000000021da74                menu_get_choice
 .text.menu_item_add
                0x000000000021dc50       0xd8 common/built-in.o
                0x000000000021dc50                menu_item_add
 .text.menu_create
                0x000000000021dd28       0xa4 common/built-in.o
                0x000000000021dd28                menu_create
 .text.menu_destroy
                0x000000000021ddcc       0x80 common/built-in.o
                0x000000000021ddcc                menu_destroy
 .text.cread_add_char
                0x000000000021de4c      0x100 common/built-in.o
 .text.delete_char
                0x000000000021df4c      0x108 common/built-in.o
 .text.cli_readline_into_buffer
                0x000000000021e054      0x8bc common/built-in.o
                0x000000000021e054                cli_readline_into_buffer
 .text.cli_readline
                0x000000000021e910       0x14 common/built-in.o
                0x000000000021e910                cli_readline
 .text.cli_simple_process_macros
                0x000000000021e924      0x210 common/built-in.o
                0x000000000021e924                cli_simple_process_macros
 .text.bounce_buffer_start
                0x000000000021eb34       0x88 common/built-in.o
                0x000000000021eb34                bounce_buffer_start
 .text.bounce_buffer_stop
                0x000000000021ebbc       0x5c common/built-in.o
                0x000000000021ebbc                bounce_buffer_stop
 .text.console_tstc
                0x000000000021ec18       0x98 common/built-in.o
 .text.console_putc
                0x000000000021ecb0       0x70 common/built-in.o
 .text.on_console
                0x000000000021ed20       0xc0 common/built-in.o
 .text.serial_printf
                0x000000000021ede0       0xb4 common/built-in.o
                0x000000000021ede0                serial_printf
 .text.putc     0x000000000021ee94       0x40 common/built-in.o
                0x000000000021ee94                putc
 .text.puts     0x000000000021eed4       0x30 common/built-in.o
                0x000000000021eed4                puts
 .text.tstc     0x000000000021ef04       0x30 common/built-in.o
                0x000000000021ef04                tstc
 .text.fgetc.part.0
                0x000000000021ef34       0x50 common/built-in.o
 .text.getc     0x000000000021ef84       0x30 common/built-in.o
                0x000000000021ef84                getc
 .text.flushc   0x000000000021efb4       0x14 common/built-in.o
                0x000000000021efb4                flushc
 .text.ctrlc    0x000000000021efc8       0x54 common/built-in.o
                0x000000000021efc8                ctrlc
 .text.confirm_yesno
                0x000000000021f01c       0xd8 common/built-in.o
                0x000000000021f01c                confirm_yesno
 .text.disable_ctrlc
                0x000000000021f0f4       0x14 common/built-in.o
                0x000000000021f0f4                disable_ctrlc
 .text.had_ctrlc
                0x000000000021f108        0xc common/built-in.o
                0x000000000021f108                had_ctrlc
 .text.clear_ctrlc
                0x000000000021f114        0xc common/built-in.o
                0x000000000021f114                clear_ctrlc
 .text.search_device
                0x000000000021f120       0x34 common/built-in.o
                0x000000000021f120                search_device
 .text.console_assign
                0x000000000021f154       0xd8 common/built-in.o
                0x000000000021f154                console_assign
 .text.console_announce_r
                0x000000000021f22c       0xb8 common/built-in.o
                0x000000000021f22c                console_announce_r
 .text.console_init_f
                0x000000000021f2e4       0x10 common/built-in.o
                0x000000000021f2e4                console_init_f
 .text.console_init_r
                0x000000000021f2f4      0x19c common/built-in.o
                0x000000000021f2f4                console_init_r
 .text.sbrk     0x000000000021f490       0x74 common/built-in.o
                0x000000000021f490                sbrk
 .text.mem_malloc_init
                0x000000000021f504       0x20 common/built-in.o
                0x000000000021f504                mem_malloc_init
 .text.malloc_trim
                0x000000000021f524       0xd8 common/built-in.o
                0x000000000021f524                malloc_trim
 .text.free     0x000000000021f5fc      0x21c common/built-in.o
                0x000000000021f5fc                free
 .text.malloc   0x000000000021f818      0x62c common/built-in.o
                0x000000000021f818                malloc
 .text.calloc   0x000000000021fe44       0xe4 common/built-in.o
                0x000000000021fe44                calloc
 .text.realloc  0x000000000021ff28      0x460 common/built-in.o
                0x000000000021ff28                realloc
 .text.memalign
                0x0000000000220388      0x190 common/built-in.o
                0x0000000000220388                memalign
 .text.initf_malloc
                0x0000000000220518       0x18 common/built-in.o
                0x0000000000220518                initf_malloc
 .text.malloc_simple
                0x0000000000220530       0x38 common/built-in.o
                0x0000000000220530                malloc_simple
 .text.on_loadaddr
                0x0000000000220568       0x3c common/built-in.o
 .text.image_get_load
                0x00000000002205a4       0x38 common/built-in.o
                0x00000000002205a4                image_get_load
 .text.image_get_ep
                0x00000000002205dc       0x38 common/built-in.o
                0x00000000002205dc                image_get_ep
 .text.image_check_hcrc
                0x0000000000220614       0x50 common/built-in.o
                0x0000000000220614                image_check_hcrc
 .text.image_check_dcrc
                0x0000000000220664       0x44 common/built-in.o
                0x0000000000220664                image_check_dcrc
 .text.image_multi_count
                0x00000000002206a8       0x24 common/built-in.o
                0x00000000002206a8                image_multi_count
 .text.image_multi_getimg
                0x00000000002206cc       0x84 common/built-in.o
                0x00000000002206cc                image_multi_getimg
 .text.env_get_bootm_low
                0x0000000000220750       0x30 common/built-in.o
                0x0000000000220750                env_get_bootm_low
 .text.env_get_bootm_size
                0x0000000000220780       0x78 common/built-in.o
                0x0000000000220780                env_get_bootm_size
 .text.env_get_bootm_mapsize
                0x00000000002207f8       0x30 common/built-in.o
                0x00000000002207f8                env_get_bootm_mapsize
 .text.memmove_wd
                0x0000000000220828       0x10 common/built-in.o
                0x0000000000220828                memmove_wd
 .text.genimg_print_size
                0x0000000000220838       0x38 common/built-in.o
                0x0000000000220838                genimg_print_size
 .text.get_table_entry
                0x0000000000220870       0x20 common/built-in.o
                0x0000000000220870                get_table_entry
 .text.get_table_entry_name
                0x0000000000220890       0x28 common/built-in.o
                0x0000000000220890                get_table_entry_name
 .text.genimg_get_os_name
                0x00000000002208b8       0x18 common/built-in.o
                0x00000000002208b8                genimg_get_os_name
 .text.genimg_get_arch_name
                0x00000000002208d0       0x18 common/built-in.o
                0x00000000002208d0                genimg_get_arch_name
 .text.genimg_get_type_name
                0x00000000002208e8       0x18 common/built-in.o
                0x00000000002208e8                genimg_get_type_name
 .text.genimg_get_comp_name
                0x0000000000220900       0x18 common/built-in.o
                0x0000000000220900                genimg_get_comp_name
 .text.image_print_contents
                0x0000000000220918      0x1e4 common/built-in.o
                0x0000000000220918                image_print_contents
 .text.get_table_entry_id
                0x0000000000220afc       0x50 common/built-in.o
                0x0000000000220afc                get_table_entry_id
 .text.genimg_get_os_id
                0x0000000000220b4c       0x18 common/built-in.o
                0x0000000000220b4c                genimg_get_os_id
 .text.genimg_get_arch_id
                0x0000000000220b64       0x18 common/built-in.o
                0x0000000000220b64                genimg_get_arch_id
 .text.genimg_get_type_id
                0x0000000000220b7c       0x18 common/built-in.o
                0x0000000000220b7c                genimg_get_type_id
 .text.genimg_get_comp_id
                0x0000000000220b94       0x18 common/built-in.o
                0x0000000000220b94                genimg_get_comp_id
 .text.genimg_get_kernel_addr_fit
                0x0000000000220bac       0x78 common/built-in.o
                0x0000000000220bac                genimg_get_kernel_addr_fit
 .text.genimg_get_kernel_addr
                0x0000000000220c24       0x20 common/built-in.o
                0x0000000000220c24                genimg_get_kernel_addr
 .text.genimg_get_format
                0x0000000000220c44       0x5c common/built-in.o
                0x0000000000220c44                genimg_get_format
 .text.genimg_has_config
                0x0000000000220ca0       0x10 common/built-in.o
                0x0000000000220ca0                genimg_has_config
 .text.boot_get_ramdisk
                0x0000000000220cb0      0x3b4 common/built-in.o
                0x0000000000220cb0                boot_get_ramdisk
 .text.boot_ramdisk_high
                0x0000000000221064      0x154 common/built-in.o
                0x0000000000221064                boot_ramdisk_high
 .text.boot_get_setup
                0x00000000002211b8        0x4 common/built-in.o
                0x00000000002211b8                boot_get_setup
 .text.boot_get_loadable
                0x00000000002211bc      0x19c common/built-in.o
                0x00000000002211bc                boot_get_loadable
 .text.image_setup_linux
                0x0000000000221358       0x60 common/built-in.o
                0x0000000000221358                image_setup_linux
 .text.android_image_get_kernel_addr
                0x00000000002213b8       0x6c common/built-in.o
 .text.android_image_get_comp_addr
                0x0000000000221424       0x8c common/built-in.o
 .text.image_load.constprop.0
                0x00000000002214b0      0x950 common/built-in.o
 .text.android_image_get_comp
                0x0000000000221e00        0xc common/built-in.o
                0x0000000000221e00                android_image_get_comp
 .text.android_image_get_kernel
                0x0000000000221e0c      0x208 common/built-in.o
                0x0000000000221e0c                android_image_get_kernel
 .text.android_image_check_header
                0x0000000000222014       0x14 common/built-in.o
                0x0000000000222014                android_image_check_header
 .text.android_image_separate
                0x0000000000222028      0x164 common/built-in.o
 .text.android_image_separate_v34
                0x000000000022218c      0x12c common/built-in.o
 .text.extract_boot_image_v34_header
                0x00000000002222b8      0x11c common/built-in.o
 .text.android_image_get_end
                0x00000000002223d4      0x168 common/built-in.o
                0x00000000002223d4                android_image_get_end
 .text.android_image_get_kload
                0x000000000022253c        0x4 common/built-in.o
                0x000000000022253c                android_image_get_kload
 .text.android_image_get_ramdisk
                0x0000000000222540      0x1f8 common/built-in.o
                0x0000000000222540                android_image_get_ramdisk
 .text.android_image_set_decomp
                0x0000000000222738       0x84 common/built-in.o
                0x0000000000222738                android_image_set_decomp
 .text.android_image_memcpy_separate
                0x00000000002227bc       0xe8 common/built-in.o
                0x00000000002227bc                android_image_memcpy_separate
 .text.populate_boot_info
                0x00000000002228a4      0x6e0 common/built-in.o
                0x00000000002228a4                populate_boot_info
 .text.populate_andr_img_hdr
                0x0000000000222f84      0x328 common/built-in.o
                0x0000000000222f84                populate_andr_img_hdr
 .text.android_bcb_msg_sector_offset
                0x00000000002232ac       0xf0 common/built-in.o
                0x00000000002232ac                android_bcb_msg_sector_offset
 .text.android_image_init_resource
                0x000000000022339c      0x1c0 common/built-in.o
                0x000000000022339c                android_image_init_resource
 .text.android_image_load
                0x000000000022355c      0x1b4 common/built-in.o
                0x000000000022355c                android_image_load
 .text.android_print_contents
                0x0000000000223710      0x540 common/built-in.o
                0x0000000000223710                android_print_contents
 .text.android_bootloader_message_write
                0x0000000000223c50       0x8c common/built-in.o
 .text.get_partition_size
                0x0000000000223cdc       0xa4 common/built-in.o
 .text.avb_image_distribute_prepare.constprop.0
                0x0000000000223d80      0x108 common/built-in.o
 .text.android_slot_verify
                0x0000000000223e88      0x640 common/built-in.o
 .text.android_bootloader_message_load
                0x00000000002244c8       0x84 common/built-in.o
                0x00000000002244c8                android_bootloader_message_load
 .text.android_bcb_write
                0x000000000022454c       0xbc common/built-in.o
                0x000000000022454c                android_bcb_write
 .text.android_bootloader_boot_kernel
                0x0000000000224608      0x274 common/built-in.o
                0x0000000000224608                android_bootloader_boot_kernel
 .text.android_assemble_cmdline
                0x000000000022487c      0x1f0 common/built-in.o
                0x000000000022487c                android_assemble_cmdline
 .text.android_image_verify_resource
                0x0000000000224a6c      0x318 common/built-in.o
                0x0000000000224a6c                android_image_verify_resource
 .text.board_select_fdt_index
                0x0000000000224d84        0x8 common/built-in.o
                0x0000000000224d84                board_select_fdt_index
 .text.android_fdt_overlay_apply
                0x0000000000224d8c      0x3b4 common/built-in.o
                0x0000000000224d8c                android_fdt_overlay_apply
 .text.android_image_load_by_partname
                0x0000000000225140       0x7c common/built-in.o
                0x0000000000225140                android_image_load_by_partname
 .text.android_bootloader_boot_flow
                0x00000000002251bc      0x2a4 common/built-in.o
                0x00000000002251bc                android_bootloader_boot_flow
 .text.fdt_error
                0x0000000000225460       0x38 common/built-in.o
 .text.boot_mem_rsv_regions
                0x0000000000225498      0x150 common/built-in.o
                0x0000000000225498                boot_mem_rsv_regions
 .text.boot_fdt_add_mem_rsv_regions
                0x00000000002255e8       0xb0 common/built-in.o
                0x00000000002255e8                boot_fdt_add_mem_rsv_regions
 .text.boot_fdt_add_sysmem_rsv_regions
                0x0000000000225698      0x190 common/built-in.o
                0x0000000000225698                boot_fdt_add_sysmem_rsv_regions
 .text.boot_relocate_fdt
                0x0000000000225828      0x1cc common/built-in.o
                0x0000000000225828                boot_relocate_fdt
 .text.boot_get_fdt
                0x00000000002259f4      0x380 common/built-in.o
                0x00000000002259f4                boot_get_fdt
 .text.image_setup_libfdt
                0x0000000000225d74      0x114 common/built-in.o
                0x0000000000225d74                image_setup_libfdt
 .text.fit_image_get_address
                0x0000000000225e88       0x84 common/built-in.o
 .text.fit_parse_conf
                0x0000000000225f0c       0x78 common/built-in.o
                0x0000000000225f0c                fit_parse_conf
 .text.fit_parse_subimage
                0x0000000000225f84       0x78 common/built-in.o
                0x0000000000225f84                fit_parse_subimage
 .text.fit_get_desc
                0x0000000000225ffc       0x38 common/built-in.o
                0x0000000000225ffc                fit_get_desc
 .text.fit_image_get_node
                0x0000000000226034       0x48 common/built-in.o
                0x0000000000226034                fit_image_get_node
 .text.fit_image_get_os
                0x000000000022607c       0x4c common/built-in.o
                0x000000000022607c                fit_image_get_os
 .text.fit_image_get_arch
                0x00000000002260c8       0x4c common/built-in.o
                0x00000000002260c8                fit_image_get_arch
 .text.fit_image_get_type
                0x0000000000226114       0x4c common/built-in.o
                0x0000000000226114                fit_image_get_type
 .text.fit_image_get_comp
                0x0000000000226160       0x4c common/built-in.o
                0x0000000000226160                fit_image_get_comp
 .text.fit_image_get_load
                0x00000000002261ac       0x10 common/built-in.o
                0x00000000002261ac                fit_image_get_load
 .text.fit_image_get_entry
                0x00000000002261bc       0x10 common/built-in.o
                0x00000000002261bc                fit_image_get_entry
 .text.fit_image_get_data_offset
                0x00000000002261cc       0x48 common/built-in.o
                0x00000000002261cc                fit_image_get_data_offset
 .text.fit_image_get_data_position
                0x0000000000226214       0x48 common/built-in.o
                0x0000000000226214                fit_image_get_data_position
 .text.fit_image_get_data_size
                0x000000000022625c       0x48 common/built-in.o
                0x000000000022625c                fit_image_get_data_size
 .text.fit_image_get_data
                0x00000000002262a4       0xdc common/built-in.o
                0x00000000002262a4                fit_image_get_data
 .text.fit_image_hash_get_algo
                0x0000000000226380       0x38 common/built-in.o
                0x0000000000226380                fit_image_hash_get_algo
 .text.fit_image_hash_get_value
                0x00000000002263b8       0x50 common/built-in.o
                0x00000000002263b8                fit_image_hash_get_value
 .text.fit_image_print_data
                0x0000000000226408      0x15c common/built-in.o
 .text.fit_image_print
                0x0000000000226564      0x38c common/built-in.o
                0x0000000000226564                fit_image_print
 .text.fit_get_end
                0x00000000002268f0       0x10 common/built-in.o
                0x00000000002268f0                fit_get_end
 .text.fit_calculate_hash
                0x0000000000226900       0x7c common/built-in.o
                0x0000000000226900                fit_calculate_hash
 .text.fit_image_check_hash
                0x000000000022697c      0x18c common/built-in.o
                0x000000000022697c                fit_image_check_hash
 .text.fit_image_verify_with_data
                0x0000000000226b08      0x134 common/built-in.o
                0x0000000000226b08                fit_image_verify_with_data
 .text.fit_image_verify
                0x0000000000226c3c       0x90 common/built-in.o
                0x0000000000226c3c                fit_image_verify
 .text.fit_image_check_os
                0x0000000000226ccc       0x3c common/built-in.o
                0x0000000000226ccc                fit_image_check_os
 .text.fit_image_check_arch
                0x0000000000226d08       0x64 common/built-in.o
                0x0000000000226d08                fit_image_check_arch
 .text.fit_image_check_type
                0x0000000000226d6c       0x3c common/built-in.o
                0x0000000000226d6c                fit_image_check_type
 .text.fit_image_check_comp
                0x0000000000226da8       0x3c common/built-in.o
                0x0000000000226da8                fit_image_check_comp
 .text.fit_check_format
                0x0000000000226de4       0x54 common/built-in.o
                0x0000000000226de4                fit_check_format
 .text.fit_conf_get_node
                0x0000000000226e38       0xdc common/built-in.o
                0x0000000000226e38                fit_conf_get_node
 .text.fit_conf_get_prop_node_index
                0x0000000000226f14       0x3c common/built-in.o
                0x0000000000226f14                fit_conf_get_prop_node_index
 .text.fit_conf_get_prop_node
                0x0000000000226f50        0x8 common/built-in.o
                0x0000000000226f50                fit_conf_get_prop_node
 .text.fit_conf_print
                0x0000000000226f58      0x234 common/built-in.o
                0x0000000000226f58                fit_conf_print
 .text.fit_print_contents
                0x000000000022718c      0x210 common/built-in.o
                0x000000000022718c                fit_print_contents
 .text.fit_get_node_from_config
                0x000000000022739c       0x54 common/built-in.o
                0x000000000022739c                fit_get_node_from_config
 .text.fit_image_load_index
                0x00000000002273f0      0x5cc common/built-in.o
                0x00000000002273f0                fit_image_load_index
 .text.fit_image_load
                0x00000000002279bc       0x38 common/built-in.o
                0x00000000002279bc                fit_image_load
 .text.boot_get_setup_fit
                0x00000000002279f4       0x78 common/built-in.o
                0x00000000002279f4                boot_get_setup_fit
 .text.boot_get_fdt_fit
                0x0000000000227a6c      0x2f8 common/built-in.o
                0x0000000000227a6c                boot_get_fdt_fit
 .text.get_effective_memsize
                0x0000000000227d64        0x8 common/built-in.o
                0x0000000000227d64                get_effective_memsize
 .text.stdio_serial_clear
                0x0000000000227d6c        0x4 common/built-in.o
 .text.stdio_serial_tstc
                0x0000000000227d70        0x4 common/built-in.o
 .text.stdio_serial_getc
                0x0000000000227d74        0x4 common/built-in.o
 .text.stdio_serial_puts
                0x0000000000227d78        0x8 common/built-in.o
 .text.stdio_serial_putc
                0x0000000000227d80        0x8 common/built-in.o
 .text.stdio_get_list
                0x0000000000227d88       0x10 common/built-in.o
                0x0000000000227d88                stdio_get_list
 .text.stdio_get_by_name
                0x0000000000227d98       0xfc common/built-in.o
                0x0000000000227d98                stdio_get_by_name
 .text.stdio_clone
                0x0000000000227e94       0x4c common/built-in.o
                0x0000000000227e94                stdio_clone
 .text.stdio_register_dev
                0x0000000000227ee0       0x58 common/built-in.o