drivers/power/regulator/regulator-uclass.c:421:12:regulator_pre_probe	32	static
drivers/power/regulator/regulator-uclass.c:395:12:regulator_post_bind	64	static
drivers/power/regulator/regulator-uclass.c:17:5:regulator_mode	32	static
drivers/power/regulator/regulator-uclass.c:31:5:regulator_get_value	32	static
drivers/power/regulator/regulator-uclass.c:304:13:regulator_show	64	static
drivers/power/regulator/regulator-uclass.c:41:5:regulator_set_value	64	static
drivers/power/regulator/regulator-uclass.c:77:5:regulator_set_suspend_value	32	static
drivers/power/regulator/regulator-uclass.c:87:5:regulator_get_suspend_value	32	static
drivers/power/regulator/regulator-uclass.c:101:5:regulator_set_value_force	32	static
drivers/power/regulator/regulator-uclass.c:111:5:regulator_get_current	32	static
drivers/power/regulator/regulator-uclass.c:121:5:regulator_set_current	48	static
drivers/power/regulator/regulator-uclass.c:138:5:regulator_get_enable	32	static
drivers/power/regulator/regulator-uclass.c:148:5:regulator_set_enable	32	static
drivers/power/regulator/regulator-uclass.c:158:5:regulator_set_suspend_enable	32	static
drivers/power/regulator/regulator-uclass.c:168:5:regulator_get_suspend_enable	32	static
drivers/power/regulator/regulator-uclass.c:178:5:regulator_set_ramp_delay	32	static
drivers/power/regulator/regulator-uclass.c:188:5:regulator_get_mode	32	static
drivers/power/regulator/regulator-uclass.c:198:5:regulator_set_mode	32	static
drivers/power/regulator/regulator-uclass.c:208:5:regulator_get_by_platname	48	static
drivers/power/regulator/regulator-uclass.c:235:5:regulator_get_by_devname	0	static
drivers/power/regulator/regulator-uclass.c:240:5:device_get_supply_regulator	0	static
drivers/power/regulator/regulator-uclass.c:261:5:regulator_autoset	48	static
drivers/power/regulator/regulator-uclass.c:330:5:regulator_autoset_by_name	48	static
drivers/power/regulator/regulator-uclass.c:346:5:regulator_list_autoset	96	static
drivers/power/regulator/regulator-uclass.c:476:5:regulators_enable_state_mem	64	static
drivers/power/regulator/regulator-uclass.c:501:5:regulators_enable_boot_on	48	static
