drivers/power/regulator/rk8xx.c:1057:12:switch_set_suspend_value	0	static
drivers/power/regulator/rk8xx.c:1062:12:switch_get_suspend_value	0	static
drivers/power/regulator/rk8xx.c:222:37:get_buck_reg	32	static
drivers/power/regulator/rk8xx.c:880:12:buck_set_ramp_delay	48	static
drivers/power/regulator/rk8xx.c:866:12:buck_set_suspend_enable	48	static
drivers/power/regulator/rk8xx.c:852:12:buck_set_suspend_value	32	static
drivers/power/regulator/rk8xx.c:278:12:_buck_set_value	48	static
drivers/power/regulator/rk8xx.c:816:12:buck_set_value	0	static
drivers/power/regulator/rk8xx.c:979:12:ldo_set_suspend_enable	48	static
drivers/power/regulator/rk8xx.c:1067:12:switch_set_suspend_enable	32	static
drivers/power/regulator/rk8xx.c:1000:12:switch_set_enable	32	static
drivers/power/regulator/rk8xx.c:873:12:buck_get_suspend_enable	32	static
drivers/power/regulator/rk8xx.c:887:12:buck_get_enable	48	static
drivers/power/regulator/rk8xx.c:823:12:buck_get_suspend_value	48	static
drivers/power/regulator/rk8xx.c:787:12:buck_get_value	48	static
drivers/power/regulator/rk8xx.c:986:12:ldo_get_suspend_enable	32	static
drivers/power/regulator/rk8xx.c:993:12:ldo_get_enable	48	static
drivers/power/regulator/rk8xx.c:1097:12:switch_get_suspend_enable	32	static
drivers/power/regulator/rk8xx.c:1030:12:switch_get_enable	32	static
drivers/power/regulator/rk8xx.c:304:12:_buck_set_enable	48	static
drivers/power/regulator/rk8xx.c:859:12:buck_set_enable	0	static
drivers/power/regulator/rk8xx.c:972:12:ldo_set_enable	48	static
drivers/power/regulator/rk8xx.c:1163:12:rk8xx_buck_probe	16	static
drivers/power/regulator/rk8xx.c:1175:12:rk8xx_ldo_probe	16	static
drivers/power/regulator/rk8xx.c:1187:12:rk8xx_switch_probe	16	static
drivers/power/regulator/rk8xx.c:1136:12:switch_get_value	80	static
drivers/power/regulator/rk8xx.c:586:37:get_ldo_reg	32	static
drivers/power/regulator/rk8xx.c:932:12:ldo_set_suspend_value	32	static
drivers/power/regulator/rk8xx.c:911:12:ldo_set_value	32	static
drivers/power/regulator/rk8xx.c:953:12:ldo_get_suspend_value	48	static
drivers/power/regulator/rk8xx.c:894:12:ldo_get_value	48	static
drivers/power/regulator/rk8xx.c:1158:12:switch_set_value	0	static
drivers/power/regulator/rk8xx.c:1255:5:rk8xx_spl_configure_buck	32	static
drivers/power/regulator/rk8xx.c:1266:5:rk818_spl_configure_usb_input_current	0	static
drivers/power/regulator/rk8xx.c:1277:5:rk818_spl_configure_usb_chrg_shutdown	0	static
