lib/libfdt/../../scripts/dtc/libfdt/fdt_rw.c:58:12:_fdt_blocks_misordered	0	static
lib/libfdt/../../scripts/dtc/libfdt/fdt_rw.c:97:12:_fdt_splice	16	static
lib/libfdt/../../scripts/dtc/libfdt/fdt_rw.c:112:12:_fdt_splice_mem_rsv	48	static
lib/libfdt/../../scripts/dtc/libfdt/fdt_rw.c:125:12:_fdt_splice_struct	48	static
lib/libfdt/../../scripts/dtc/libfdt/fdt_rw.c:407:13:_fdt_packblocks	64	static
lib/libfdt/../../scripts/dtc/libfdt/fdt_rw.c:221:12:_fdt_add_property	96	static
lib/libfdt/../../scripts/dtc/libfdt/fdt_rw.c:70:12:_fdt_rw_check_header	32	static
lib/libfdt/../../scripts/dtc/libfdt/fdt_rw.c:174:5:fdt_add_mem_rsv	64	static
lib/libfdt/../../scripts/dtc/libfdt/fdt_rw.c:191:5:fdt_del_mem_rsv	48	static
lib/libfdt/../../scripts/dtc/libfdt/fdt_rw.c:249:5:fdt_set_name	80	static
lib/libfdt/../../scripts/dtc/libfdt/fdt_rw.c:272:5:fdt_setprop_placeholder	80	static
lib/libfdt/../../scripts/dtc/libfdt/fdt_rw.c:290:5:fdt_setprop	64	static
lib/libfdt/../../scripts/dtc/libfdt/fdt_rw.c:305:5:fdt_appendprop	80	static
lib/libfdt/../../scripts/dtc/libfdt/fdt_rw.c:332:5:fdt_delprop	64	static
lib/libfdt/../../scripts/dtc/libfdt/fdt_rw.c:347:5:fdt_add_subnode_namelen	96	static
lib/libfdt/../../scripts/dtc/libfdt/fdt_rw.c:388:5:fdt_add_subnode	48	static
lib/libfdt/../../scripts/dtc/libfdt/fdt_rw.c:393:5:fdt_del_node	32	static
lib/libfdt/../../scripts/dtc/libfdt/fdt_rw.c:429:5:fdt_open_into	96	static
lib/libfdt/../../scripts/dtc/libfdt/fdt_rw.c:493:5:fdt_pack	32	static
