arch/arm/mach-rockchip/board.c:158:12:rockchip_set_serialno.isra	608	static
arch/arm/mach-rockchip/board.c:63:12:rk_board_late_init	0	static
arch/arm/mach-rockchip/board.c:68:12:rk_board_fdt_fixup	0	static
arch/arm/mach-rockchip/board.c:73:12:rk_board_dm_fdt_fixup	0	static
arch/arm/mach-rockchip/board.c:78:12:soc_clk_dump	0	static
arch/arm/mach-rockchip/board.c:83:12:set_armclk_rate	0	static
arch/arm/mach-rockchip/board.c:88:12:rk_board_init	0	static
arch/arm/mach-rockchip/board.c:240:5:fb_set_reboot_flag	16	static
arch/arm/mach-rockchip/board.c:448:5:board_late_init	192	static
arch/arm/mach-rockchip/board.c:518:5:board_init	32	static
arch/arm/mach-rockchip/board.c:551:5:interrupt_debugger_init	0	static
arch/arm/mach-rockchip/board.c:560:5:board_fdt_fixup	32	static
arch/arm/mach-rockchip/board.c:616:6:arch_preboot_os	0	static
arch/arm/mach-rockchip/board.c:655:6:enable_caches	16	static
arch/arm/mach-rockchip/board.c:668:6:board_lmb_reserve	96	static
arch/arm/mach-rockchip/board.c:711:5:board_bidram_reserve	112	static
arch/arm/mach-rockchip/board.c:738:5:board_sysmem_reserve	0	static
arch/arm/mach-rockchip/board.c:751:12:board_bidram_parse_fn	0	static
arch/arm/mach-rockchip/board.c:757:5:board_init_f_boot_flags	32	static
arch/arm/mach-rockchip/board.c:789:5:board_usb_init	32	static
arch/arm/mach-rockchip/board.c:846:5:board_usb_cleanup	0	static
arch/arm/mach-rockchip/board.c:887:5:bootm_board_start	48	static
arch/arm/mach-rockchip/board.c:919:5:bootm_image_populate_dtb	32	static
arch/arm/mach-rockchip/board.c:944:5:board_do_bootm	112	static
arch/arm/mach-rockchip/board.c:1025:6:autoboot_command_fail_handle	0	static
arch/arm/mach-rockchip/board.c:1081:6:board_quiesce_devices	32	static
arch/arm/mach-rockchip/board.c:1118:7:board_fdt_chosen_bootargs	112	static
arch/arm/mach-rockchip/board.c:1244:5:ft_verify_fdt	112	static
