lib/fdtdec.c:632:20:get_prop_check_min_len	48	static
lib/fdtdec.c:77:13:fdtdec_get_compatible	0	static
lib/fdtdec.c:299:10:fdtdec_get_uint64	48	static
lib/fdtdec.c:312:5:fdtdec_get_is_enabled	16	static
lib/fdtdec.c:329:20:fdtdec_lookup	64	static
lib/fdtdec.c:341:5:fdtdec_next_compatible	0	static
lib/fdtdec.c:347:5:fdtdec_next_compatible_subnode	48	static
lib/fdtdec.c:362:5:fdtdec_next_alias	96	static
lib/fdtdec.c:393:5:fdtdec_add_aliases_for_id	128	dynamic
lib/fdtdec.c:384:5:fdtdec_find_aliases_for_id	64	static
lib/fdtdec.c:507:5:fdtdec_get_alias_seq	96	static
lib/fdtdec.c:549:13:fdtdec_get_chosen_prop	32	static
lib/fdtdec.c:559:5:fdtdec_get_chosen_node	32	static
lib/fdtdec.c:586:5:fdtdec_prepare_fdt	16	static
lib/fdtdec.c:569:5:fdtdec_check_fdt	16	static
lib/fdtdec.c:607:5:fdtdec_lookup_phandle	32	static
lib/fdtdec.c:649:5:fdtdec_get_int_array	48	static
lib/fdtdec.c:1049:12:decode_timing_property	64	static
lib/fdtdec.c:665:5:fdtdec_get_int_array_count	48	static
lib/fdtdec.c:685:12:fdtdec_locate_array	32	static
lib/fdtdec.c:696:5:fdtdec_get_bool	32	static
lib/fdtdec.c:706:5:fdtdec_parse_phandle_with_args	112	static
lib/fdtdec.c:830:5:fdtdec_get_child_count	32	static
lib/fdtdec.c:841:5:fdtdec_get_byte_array	48	static
lib/fdtdec.c:853:11:fdtdec_locate_byte_array	32	static
lib/fdtdec.c:865:5:fdtdec_get_config_int	48	static
lib/fdtdec.c:877:5:fdtdec_get_config_bool	32	static
lib/fdtdec.c:891:7:fdtdec_get_config_string	48	static
lib/fdtdec.c:909:5:fdtdec_decode_region	48	static
lib/fdtdec.c:931:5:fdtdec_get_number	0	static
lib/fdtdec.c:84:12:fdtdec_get_addr_size_fixed	64	static
lib/fdtdec.c:129:12:fdtdec_get_addr_size_auto_parent	80	static
lib/fdtdec.c:155:12:fdtdec_get_addr_size_auto_noparent	64	static
lib/fdtdec.c:173:12:fdtdec_get_addr_size	0	static
lib/fdtdec.c:183:12:fdtdec_get_addr	0	static
lib/fdtdec.c:941:5:fdt_get_resource	96	static
lib/fdtdec.c:975:5:fdt_get_named_resource	48	static
lib/fdtdec.c:988:5:fdtdec_decode_memory_region	160	static
lib/fdtdec.c:1073:5:fdtdec_decode_display_timing	64	static
lib/fdtdec.c:1141:5:fdtdec_setup_memory_size	32	static
lib/fdtdec.c:1166:5:fdtdec_setup_memory_banksize	80	static
lib/fdtdec.c:1264:5:fdtdec_setup	0	static
